Archive member included to satisfy reference by file (symbol)

../Drivers/CMSIS/Lib/GCC\libarm_ARMv8MMLldfsp_math.a(arm_rfft_fast_init_f32.o)
                              ./Core/Src/main.o (arm_rfft_fast_init_f32)
../Drivers/CMSIS/Lib/GCC\libarm_ARMv8MMLldfsp_math.a(arm_rfft_fast_f32.o)
                              ./Core/Src/main.o (arm_rfft_fast_f32)
../Drivers/CMSIS/Lib/GCC\libarm_ARMv8MMLldfsp_math.a(arm_cfft_f32.o)
                              ../Drivers/CMSIS/Lib/GCC\libarm_ARMv8MMLldfsp_math.a(arm_rfft_fast_f32.o) (arm_cfft_f32)
../Drivers/CMSIS/Lib/GCC\libarm_ARMv8MMLldfsp_math.a(arm_bitreversal2.o)
                              ../Drivers/CMSIS/Lib/GCC\libarm_ARMv8MMLldfsp_math.a(arm_cfft_f32.o) (arm_bitreversal_32)
../Drivers/CMSIS/Lib/GCC\libarm_ARMv8MMLldfsp_math.a(arm_cmplx_mag_f32.o)
                              ./Core/Src/main.o (arm_cmplx_mag_f32)
../Drivers/CMSIS/Lib/GCC\libarm_ARMv8MMLldfsp_math.a(arm_common_tables.o)
                              ../Drivers/CMSIS/Lib/GCC\libarm_ARMv8MMLldfsp_math.a(arm_rfft_fast_init_f32.o) (twiddleCoef_rfft_4096)
../Drivers/CMSIS/Lib/GCC\libarm_ARMv8MMLldfsp_math.a(arm_cfft_radix8_f32.o)
                              ../Drivers/CMSIS/Lib/GCC\libarm_ARMv8MMLldfsp_math.a(arm_cfft_f32.o) (arm_radix8_butterfly_f32)
c:/st/stm32cubeide_1.8.0/stm32cubeide/plugins/com.st.stm32cube.ide.mcu.externaltools.gnu-tools-for-stm32.9-2020-q2-update.win32_2.0.0.202105311346/tools/bin/../lib/gcc/arm-none-eabi/9.3.1/../../../../arm-none-eabi/lib/thumb/v8-m.main+fp/hard\libm.a(lib_a-s_fmax.o)
                              ./Core/Src/main.o (fmax)
c:/st/stm32cubeide_1.8.0/stm32cubeide/plugins/com.st.stm32cube.ide.mcu.externaltools.gnu-tools-for-stm32.9-2020-q2-update.win32_2.0.0.202105311346/tools/bin/../lib/gcc/arm-none-eabi/9.3.1/../../../../arm-none-eabi/lib/thumb/v8-m.main+fp/hard\libm.a(lib_a-s_fmin.o)
                              ./Core/Src/main.o (fmin)
c:/st/stm32cubeide_1.8.0/stm32cubeide/plugins/com.st.stm32cube.ide.mcu.externaltools.gnu-tools-for-stm32.9-2020-q2-update.win32_2.0.0.202105311346/tools/bin/../lib/gcc/arm-none-eabi/9.3.1/../../../../arm-none-eabi/lib/thumb/v8-m.main+fp/hard\libm.a(lib_a-s_fpclassify.o)
                              c:/st/stm32cubeide_1.8.0/stm32cubeide/plugins/com.st.stm32cube.ide.mcu.externaltools.gnu-tools-for-stm32.9-2020-q2-update.win32_2.0.0.202105311346/tools/bin/../lib/gcc/arm-none-eabi/9.3.1/../../../../arm-none-eabi/lib/thumb/v8-m.main+fp/hard\libm.a(lib_a-s_fmax.o) (__fpclassifyd)
c:/st/stm32cubeide_1.8.0/stm32cubeide/plugins/com.st.stm32cube.ide.mcu.externaltools.gnu-tools-for-stm32.9-2020-q2-update.win32_2.0.0.202105311346/tools/bin/../lib/gcc/arm-none-eabi/9.3.1/../../../../arm-none-eabi/lib/thumb/v8-m.main+fp/hard\libm.a(lib_a-wf_sqrt.o)
                              ../Drivers/CMSIS/Lib/GCC\libarm_ARMv8MMLldfsp_math.a(arm_cmplx_mag_f32.o) (sqrtf)
c:/st/stm32cubeide_1.8.0/stm32cubeide/plugins/com.st.stm32cube.ide.mcu.externaltools.gnu-tools-for-stm32.9-2020-q2-update.win32_2.0.0.202105311346/tools/bin/../lib/gcc/arm-none-eabi/9.3.1/../../../../arm-none-eabi/lib/thumb/v8-m.main+fp/hard\libm.a(lib_a-ef_sqrt.o)
                              c:/st/stm32cubeide_1.8.0/stm32cubeide/plugins/com.st.stm32cube.ide.mcu.externaltools.gnu-tools-for-stm32.9-2020-q2-update.win32_2.0.0.202105311346/tools/bin/../lib/gcc/arm-none-eabi/9.3.1/../../../../arm-none-eabi/lib/thumb/v8-m.main+fp/hard\libm.a(lib_a-wf_sqrt.o) (__ieee754_sqrtf)
c:/st/stm32cubeide_1.8.0/stm32cubeide/plugins/com.st.stm32cube.ide.mcu.externaltools.gnu-tools-for-stm32.9-2020-q2-update.win32_2.0.0.202105311346/tools/bin/../lib/gcc/arm-none-eabi/9.3.1/../../../../arm-none-eabi/lib/thumb/v8-m.main+fp/hard\libm.a(lib_a-s_lib_ver.o)
                              c:/st/stm32cubeide_1.8.0/stm32cubeide/plugins/com.st.stm32cube.ide.mcu.externaltools.gnu-tools-for-stm32.9-2020-q2-update.win32_2.0.0.202105311346/tools/bin/../lib/gcc/arm-none-eabi/9.3.1/../../../../arm-none-eabi/lib/thumb/v8-m.main+fp/hard\libm.a(lib_a-wf_sqrt.o) (__fdlib_version)
c:/st/stm32cubeide_1.8.0/stm32cubeide/plugins/com.st.stm32cube.ide.mcu.externaltools.gnu-tools-for-stm32.9-2020-q2-update.win32_2.0.0.202105311346/tools/bin/../lib/gcc/arm-none-eabi/9.3.1/../../../../arm-none-eabi/lib/thumb/v8-m.main+fp/hard\libc_nano.a(lib_a-errno.o)
                              ./Core/Src/syscalls.o (__errno)
c:/st/stm32cubeide_1.8.0/stm32cubeide/plugins/com.st.stm32cube.ide.mcu.externaltools.gnu-tools-for-stm32.9-2020-q2-update.win32_2.0.0.202105311346/tools/bin/../lib/gcc/arm-none-eabi/9.3.1/../../../../arm-none-eabi/lib/thumb/v8-m.main+fp/hard\libc_nano.a(lib_a-exit.o)
                              c:/st/stm32cubeide_1.8.0/stm32cubeide/plugins/com.st.stm32cube.ide.mcu.externaltools.gnu-tools-for-stm32.9-2020-q2-update.win32_2.0.0.202105311346/tools/bin/../lib/gcc/arm-none-eabi/9.3.1/../../../../arm-none-eabi/lib/thumb/v8-m.main+fp/hard/crt0.o (exit)
[...]
Memory Configuration

Name             Origin             Length             Attributes
RAM              0x0000000020000000 0x0000000000040000 xrw
FLASH            0x0000000008000000 0x0000000000080000 xr
*default*        0x0000000000000000 0xffffffffffffffff

Linker script and memory map

LOAD c:/st/stm32cubeide_1.8.0/stm32cubeide/plugins/com.st.stm32cube.ide.mcu.externaltools.gnu-tools-for-stm32.9-2020-q2-update.win32_2.0.0.202105311346/tools/bin/../lib/gcc/arm-none-eabi/9.3.1/thumb/v8-m.main+fp/hard/crti.o
LOAD c:/st/stm32cubeide_1.8.0/stm32cubeide/plugins/com.st.stm32cube.ide.mcu.externaltools.gnu-tools-for-stm32.9-2020-q2-update.win32_2.0.0.202105311346/tools/bin/../lib/gcc/arm-none-eabi/9.3.1/thumb/v8-m.main+fp/hard/crtbegin.o
LOAD c:/st/stm32cubeide_1.8.0/stm32cubeide/plugins/com.st.stm32cube.ide.mcu.externaltools.gnu-tools-for-stm32.9-2020-q2-update.win32_2.0.0.202105311346/tools/bin/../lib/gcc/arm-none-eabi/9.3.1/../../../../arm-none-eabi/lib/thumb/v8-m.main+fp/hard/crt0.o
LOAD ./Core/Src/dfsdm.o
LOAD ./Core/Src/dma.o
LOAD ./Core/Src/gpio.o
LOAD ./Core/Src/icache.o
LOAD ./Core/Src/main.o
LOAD ./Core/Src/sk6812.o
LOAD ./Core/Src/stm32l5xx_hal_msp.o
LOAD ./Core/Src/stm32l5xx_it.o
LOAD ./Core/Src/syscalls.o
LOAD ./Core/Src/sysmem.o
LOAD ./Core/Src/system_stm32l5xx.o
LOAD ./Core/Src/tim.o
LOAD ./Core/Src/usart.o
LOAD ./Core/Startup/startup_stm32l562qeixq.o
LOAD ./Drivers/STM32L5xx_HAL_Driver/Src/stm32l5xx_hal.o
LOAD ./Drivers/STM32L5xx_HAL_Driver/Src/stm32l5xx_hal_cortex.o
LOAD ./Drivers/STM32L5xx_HAL_Driver/Src/stm32l5xx_hal_dfsdm.o
LOAD ./Drivers/STM32L5xx_HAL_Driver/Src/stm32l5xx_hal_dfsdm_ex.o
LOAD ./Drivers/STM32L5xx_HAL_Driver/Src/stm32l5xx_hal_dma.o
LOAD ./Drivers/STM32L5xx_HAL_Driver/Src/stm32l5xx_hal_dma_ex.o
LOAD ./Drivers/STM32L5xx_HAL_Driver/Src/stm32l5xx_hal_exti.o
LOAD ./Drivers/STM32L5xx_HAL_Driver/Src/stm32l5xx_hal_flash.o
LOAD ./Drivers/STM32L5xx_HAL_Driver/Src/stm32l5xx_hal_flash_ex.o
LOAD ./Drivers/STM32L5xx_HAL_Driver/Src/stm32l5xx_hal_flash_ramfunc.o
LOAD ./Drivers/STM32L5xx_HAL_Driver/Src/stm32l5xx_hal_gpio.o
LOAD ./Drivers/STM32L5xx_HAL_Driver/Src/stm32l5xx_hal_i2c.o
LOAD ./Drivers/STM32L5xx_HAL_Driver/Src/stm32l5xx_hal_i2c_ex.o
LOAD ./Drivers/STM32L5xx_HAL_Driver/Src/stm32l5xx_hal_icache.o
LOAD ./Drivers/STM32L5xx_HAL_Driver/Src/stm32l5xx_hal_pwr.o
LOAD ./Drivers/STM32L5xx_HAL_Driver/Src/stm32l5xx_hal_pwr_ex.o
LOAD ./Drivers/STM32L5xx_HAL_Driver/Src/stm32l5xx_hal_rcc.o
LOAD ./Drivers/STM32L5xx_HAL_Driver/Src/stm32l5xx_hal_rcc_ex.o
LOAD ./Drivers/STM32L5xx_HAL_Driver/Src/stm32l5xx_hal_tim.o
LOAD ./Drivers/STM32L5xx_HAL_Driver/Src/stm32l5xx_hal_tim_ex.o
LOAD ./Drivers/STM32L5xx_HAL_Driver/Src/stm32l5xx_hal_uart.o
LOAD ./Drivers/STM32L5xx_HAL_Driver/Src/stm32l5xx_hal_uart_ex.o
LOAD ../Drivers/CMSIS/Lib/GCC\libarm_ARMv8MMLldfsp_math.a
START GROUP
LOAD c:/st/stm32cubeide_1.8.0/stm32cubeide/plugins/com.st.stm32cube.ide.mcu.externaltools.gnu-tools-for-stm32.9-2020-q2-update.win32_2.0.0.202105311346/tools/bin/../lib/gcc/arm-none-eabi/9.3.1/../../../../arm-none-eabi/lib/thumb/v8-m.main+fp/hard\libstdc++_nano.a
LOAD c:/st/stm32cubeide_1.8.0/stm32cubeide/plugins/com.st.stm32cube.ide.mcu.externaltools.gnu-tools-for-stm32.9-2020-q2-update.win32_2.0.0.202105311346/tools/bin/../lib/gcc/arm-none-eabi/9.3.1/../../../../arm-none-eabi/lib/thumb/v8-m.main+fp/hard\libsupc++_nano.a
END GROUP
LOAD c:/st/stm32cubeide_1.8.0/stm32cubeide/plugins/com.st.stm32cube.ide.mcu.externaltools.gnu-tools-for-stm32.9-2020-q2-update.win32_2.0.0.202105311346/tools/bin/../lib/gcc/arm-none-eabi/9.3.1/../../../../arm-none-eabi/lib/thumb/v8-m.main+fp/hard\libstdc++_nano.a
LOAD c:/st/stm32cubeide_1.8.0/stm32cubeide/plugins/com.st.stm32cube.ide.mcu.externaltools.gnu-tools-for-stm32.9-2020-q2-update.win32_2.0.0.202105311346/tools/bin/../lib/gcc/arm-none-eabi/9.3.1/../../../../arm-none-eabi/lib/thumb/v8-m.main+fp/hard\libm.a
LOAD c:/st/stm32cubeide_1.8.0/stm32cubeide/plugins/com.st.stm32cube.ide.mcu.externaltools.gnu-tools-for-stm32.9-2020-q2-update.win32_2.0.0.202105311346/tools/bin/../lib/gcc/arm-none-eabi/9.3.1/../../../../arm-none-eabi/lib/thumb/v8-m.main+fp/hard\libc_nano.a
START GROUP
LOAD c:/st/stm32cubeide_1.8.0/stm32cubeide/plugins/com.st.stm32cube.ide.mcu.externaltools.gnu-tools-for-stm32.9-2020-q2-update.win32_2.0.0.202105311346/tools/bin/../lib/gcc/arm-none-eabi/9.3.1/thumb/v8-m.main+fp/hard\libgcc.a
LOAD c:/st/stm32cubeide_1.8.0/stm32cubeide/plugins/com.st.stm32cube.ide.mcu.externaltools.gnu-tools-for-stm32.9-2020-q2-update.win32_2.0.0.202105311346/tools/bin/../lib/gcc/arm-none-eabi/9.3.1/../../../../arm-none-eabi/lib/thumb/v8-m.main+fp/hard\libc_nano.a
END GROUP
START GROUP
LOAD c:/st/stm32cubeide_1.8.0/stm32cubeide/plugins/com.st.stm32cube.ide.mcu.externaltools.gnu-tools-for-stm32.9-2020-q2-update.win32_2.0.0.202105311346/tools/bin/../lib/gcc/arm-none-eabi/9.3.1/thumb/v8-m.main+fp/hard\libgcc.a
LOAD c:/st/stm32cubeide_1.8.0/stm32cubeide/plugins/com.st.stm32cube.ide.mcu.externaltools.gnu-tools-for-stm32.9-2020-q2-update.win32_2.0.0.202105311346/tools/bin/../lib/gcc/arm-none-eabi/9.3.1/../../../../arm-none-eabi/lib/thumb/v8-m.main+fp/hard\libc_nano.a
LOAD c:/st/stm32cubeide_1.8.0/stm32cubeide/plugins/com.st.stm32cube.ide.mcu.externaltools.gnu-tools-for-stm32.9-2020-q2-update.win32_2.0.0.202105311346/tools/bin/../lib/gcc/arm-none-eabi/9.3.1/../../../../arm-none-eabi/lib/thumb/v8-m.main+fp/hard\libnosys.a
END GROUP
START GROUP
LOAD c:/st/stm32cubeide_1.8.0/stm32cubeide/plugins/com.st.stm32cube.ide.mcu.externaltools.gnu-tools-for-stm32.9-2020-q2-update.win32_2.0.0.202105311346/tools/bin/../lib/gcc/arm-none-eabi/9.3.1/thumb/v8-m.main+fp/hard\libgcc.a
LOAD c:/st/stm32cubeide_1.8.0/stm32cubeide/plugins/com.st.stm32cube.ide.mcu.externaltools.gnu-tools-for-stm32.9-2020-q2-update.win32_2.0.0.202105311346/tools/bin/../lib/gcc/arm-none-eabi/9.3.1/../../../../arm-none-eabi/lib/thumb/v8-m.main+fp/hard\libc_nano.a
LOAD c:/st/stm32cubeide_1.8.0/stm32cubeide/plugins/com.st.stm32cube.ide.mcu.externaltools.gnu-tools-for-stm32.9-2020-q2-update.win32_2.0.0.202105311346/tools/bin/../lib/gcc/arm-none-eabi/9.3.1/../../../../arm-none-eabi/lib/thumb/v8-m.main+fp/hard\libnosys.a
END GROUP
LOAD c:/st/stm32cubeide_1.8.0/stm32cubeide/plugins/com.st.stm32cube.ide.mcu.externaltools.gnu-tools-for-stm32.9-2020-q2-update.win32_2.0.0.202105311346/tools/bin/../lib/gcc/arm-none-eabi/9.3.1/thumb/v8-m.main+fp/hard/crtend.o
LOAD c:/st/stm32cubeide_1.8.0/stm32cubeide/plugins/com.st.stm32cube.ide.mcu.externaltools.gnu-tools-for-stm32.9-2020-q2-update.win32_2.0.0.202105311346/tools/bin/../lib/gcc/arm-none-eabi/9.3.1/thumb/v8-m.main+fp/hard/crtn.o
                0x0000000020040000                _estack = (ORIGIN (RAM) + LENGTH (RAM))
                0x0000000000000200                _Min_Heap_Size = 0x200
                0x0000000000000400                _Min_Stack_Size = 0x400

.isr_vector     0x0000000008000000      0x1f4
                0x0000000008000000                . = ALIGN (0x4)
 *(.isr_vector)
 .isr_vector    0x0000000008000000      0x1f4 ./Core/Startup/startup_stm32l562qeixq.o
                0x0000000008000000                g_pfnVectors
                0x00000000080001f4                . = ALIGN (0x4)

.text           0x00000000080001f8     0xda48
                0x00000000080001f8                . = ALIGN (0x4)
 *(.text)
 .text          0x00000000080001f8       0x40 c:/st/stm32cubeide_1.8.0/stm32cubeide/plugins/com.st.stm32cube.ide.mcu.externaltools.gnu-tools-for-stm32.9-2020-q2-update.win32_2.0.0.202105311346/tools/bin/../lib/gcc/arm-none-eabi/9.3.1/thumb/v8-m.main+fp/hard/crtbegin.o
 .text          0x0000000008000238       0x10 c:/st/stm32cubeide_1.8.0/stm32cubeide/plugins/com.st.stm32cube.ide.mcu.externaltools.gnu-tools-for-stm32.9-2020-q2-update.win32_2.0.0.202105311346/tools/bin/../lib/gcc/arm-none-eabi/9.3.1/../../../../arm-none-eabi/lib/thumb/v8-m.main+fp/hard\libc_nano.a(lib_a-strlen.o)
                0x0000000008000238                strlen
 .text          0x0000000008000248      0x378 c:/st/stm32cubeide_1.8.0/stm32cubeide/plugins/com.st.stm32cube.ide.mcu.externaltools.gnu-tools-for-stm32.9-2020-q2-update.win32_2.0.0.202105311346/tools/bin/../lib/gcc/arm-none-eabi/9.3.1/thumb/v8-m.main+fp/hard\libgcc.a(_arm_addsubdf3.o)
                0x0000000008000248                __aeabi_drsub
                0x0000000008000250                __aeabi_dsub
                0x0000000008000250                __subdf3
                0x0000000008000254                __aeabi_dadd
                0x0000000008000254                __adddf3
                0x00000000080004cc                __floatunsidf
                0x00000000080004cc                __aeabi_ui2d
                0x00000000080004ec                __floatsidf
                0x00000000080004ec                __aeabi_i2d
                0x0000000008000510                __aeabi_f2d
                0x0000000008000510                __extendsfdf2
                0x0000000008000554                __floatundidf
                0x0000000008000554                __aeabi_ul2d
                0x0000000008000564                __floatdidf
                0x0000000008000564                __aeabi_l2d
 .text          0x00000000080005c0      0x424 c:/st/stm32cubeide_1.8.0/stm32cubeide/plugins/com.st.stm32cube.ide.mcu.externaltools.gnu-tools-for-stm32.9-2020-q2-update.win32_2.0.0.202105311346/tools/bin/../lib/gcc/arm-none-eabi/9.3.1/thumb/v8-m.main+fp/hard\libgcc.a(_arm_muldivdf3.o)
                0x00000000080005c0                __aeabi_dmul
                0x00000000080005c0                __muldf3
                0x0000000008000814                __divdf3
                0x0000000008000814                __aeabi_ddiv
 .text          0x00000000080009e4      0x110 c:/st/stm32cubeide_1.8.0/stm32cubeide/plugins/com.st.stm32cube.ide.mcu.externaltools.gnu-tools-for-stm32.9-2020-q2-update.win32_2.0.0.202105311346/tools/bin/../lib/gcc/arm-none-eabi/9.3.1/thumb/v8-m.main+fp/hard\libgcc.a(_arm_cmpdf2.o)
                0x00000000080009e4                __gtdf2
                0x00000000080009e4                __gedf2
                0x00000000080009ec                __ltdf2
                0x00000000080009ec                __ledf2
                0x00000000080009f4                __nedf2
                0x00000000080009f4                __eqdf2
                0x00000000080009f4                __cmpdf2
                0x0000000008000a70                __aeabi_cdrcmple
                0x0000000008000a80                __aeabi_cdcmpeq
                0x0000000008000a80                __aeabi_cdcmple
                0x0000000008000a90                __aeabi_dcmpeq
                0x0000000008000aa4                __aeabi_dcmplt
                0x0000000008000ab8                __aeabi_dcmple
                0x0000000008000acc                __aeabi_dcmpge
                0x0000000008000ae0                __aeabi_dcmpgt
 .text          0x0000000008000af4       0x2c c:/st/stm32cubeide_1.8.0/stm32cubeide/plugins/com.st.stm32cube.ide.mcu.externaltools.gnu-tools-for-stm32.9-2020-q2-update.win32_2.0.0.202105311346/tools/bin/../lib/gcc/arm-none-eabi/9.3.1/thumb/v8-m.main+fp/hard\libgcc.a(_arm_unorddf2.o)
                0x0000000008000af4                __unorddf2
                0x0000000008000af4                __aeabi_dcmpun
 .text          0x0000000008000b20       0x50 c:/st/stm32cubeide_1.8.0/stm32cubeide/plugins/com.st.stm32cube.ide.mcu.externaltools.gnu-tools-for-stm32.9-2020-q2-update.win32_2.0.0.202105311346/tools/bin/../lib/gcc/arm-none-eabi/9.3.1/thumb/v8-m.main+fp/hard\libgcc.a(_arm_fixdfsi.o)
                0x0000000008000b20                __aeabi_d2iz
                0x0000000008000b20                __fixdfsi
 .text          0x0000000008000b70       0x40 c:/st/stm32cubeide_1.8.0/stm32cubeide/plugins/com.st.stm32cube.ide.mcu.externaltools.gnu-tools-for-stm32.9-2020-q2-update.win32_2.0.0.202105311346/tools/bin/../lib/gcc/arm-none-eabi/9.3.1/thumb/v8-m.main+fp/hard\libgcc.a(_arm_fixunsdfsi.o)
                0x0000000008000b70                __aeabi_d2uiz
                0x0000000008000b70                __fixunsdfsi
 .text          0x0000000008000bb0       0xa0 c:/st/stm32cubeide_1.8.0/stm32cubeide/plugins/com.st.stm32cube.ide.mcu.externaltools.gnu-tools-for-stm32.9-2020-q2-update.win32_2.0.0.202105311346/tools/bin/../lib/gcc/arm-none-eabi/9.3.1/thumb/v8-m.main+fp/hard\libgcc.a(_arm_truncdfsf2.o)
                0x0000000008000bb0                __truncdfsf2
                0x0000000008000bb0                __aeabi_d2f
 .text          0x0000000008000c50       0x30 c:/st/stm32cubeide_1.8.0/stm32cubeide/plugins/com.st.stm32cube.ide.mcu.externaltools.gnu-tools-for-stm32.9-2020-q2-update.win32_2.0.0.202105311346/tools/bin/../lib/gcc/arm-none-eabi/9.3.1/thumb/v8-m.main+fp/hard\libgcc.a(_aeabi_uldivmod.o)
                0x0000000008000c50                __aeabi_uldivmod
 .text          0x0000000008000c80      0x2e8 c:/st/stm32cubeide_1.8.0/stm32cubeide/plugins/com.st.stm32cube.ide.mcu.externaltools.gnu-tools-for-stm32.9-2020-q2-update.win32_2.0.0.202105311346/tools/bin/../lib/gcc/arm-none-eabi/9.3.1/thumb/v8-m.main+fp/hard\libgcc.a(_udivmoddi4.o)
                0x0000000008000c80                __udivmoddi4
 .text          0x0000000008000f68        0x4 c:/st/stm32cubeide_1.8.0/stm32cubeide/plugins/com.st.stm32cube.ide.mcu.externaltools.gnu-tools-for-stm32.9-2020-q2-update.win32_2.0.0.202105311346/tools/bin/../lib/gcc/arm-none-eabi/9.3.1/thumb/v8-m.main+fp/hard\libgcc.a(_dvmd_tls.o)
                0x0000000008000f68                __aeabi_idiv0
                0x0000000008000f68                __aeabi_ldiv0
 *(.text*)
 .text.MX_DFSDM1_Init
                0x0000000008000f6c       0xc8 ./Core/Src/dfsdm.o
                0x0000000008000f6c                MX_DFSDM1_Init
 .text.HAL_DFSDM_FilterMspInit
                0x0000000008001034      0x1b4 ./Core/Src/dfsdm.o
                0x0000000008001034                HAL_DFSDM_FilterMspInit
 .text.HAL_DFSDM_ChannelMspInit
                0x00000000080011e8      0x138 ./Core/Src/dfsdm.o
                0x00000000080011e8                HAL_DFSDM_ChannelMspInit
 .text.MX_DMA_Init
                0x0000000008001320       0x74 ./Core/Src/dma.o
                0x0000000008001320                MX_DMA_Init
 .text.MX_GPIO_Init
                0x0000000008001394      0x128 ./Core/Src/gpio.o
                0x0000000008001394                MX_GPIO_Init
 .text.MX_ICACHE_Init
                0x00000000080014bc       0x26 ./Core/Src/icache.o
                0x00000000080014bc                MX_ICACHE_Init
 *fill*         0x00000000080014e2        0x2 
 .text.getSamplingRate
                0x00000000080014e4       0xb0 ./Core/Src/main.o
                0x00000000080014e4                getSamplingRate
 .text.updateFFTParamVals
                0x0000000008001594       0x78 ./Core/Src/main.o
                0x0000000008001594                updateFFTParamVals
 .text.DoFFT    0x000000000800160c       0x60 ./Core/Src/main.o
                0x000000000800160c                DoFFT
 .text.MakeDataDescriptorString
                0x000000000800166c       0xfc ./Core/Src/main.o
                0x000000000800166c                MakeDataDescriptorString
 .text.SetDataRX
                0x0000000008001768       0x38 ./Core/Src/main.o
                0x0000000008001768                SetDataRX
 .text.SetDataProcessing
                0x00000000080017a0       0x3c ./Core/Src/main.o
                0x00000000080017a0                SetDataProcessing
 *fill*         0x00000000080017dc        0x4 
 .text.ProcessFFTData
                0x00000000080017e0      0x188 ./Core/Src/main.o
                0x00000000080017e0                ProcessFFTData
 .text.wheel    0x0000000008001968       0xa8 ./Core/Src/main.o
                0x0000000008001968                wheel
 .text.plotFFTData
                0x0000000008001a10      0x144 ./Core/Src/main.o
                0x0000000008001a10                plotFFTData
 *fill*         0x0000000008001b54        0x4 
 .text.handleUARTRequest
                0x0000000008001b58      0x2a4 ./Core/Src/main.o
                0x0000000008001b58                handleUARTRequest
 .text.initializeColumnColors
                0x0000000008001dfc       0xa8 ./Core/Src/main.o
                0x0000000008001dfc                initializeColumnColors
 .text.main     0x0000000008001ea4      0x280 ./Core/Src/main.o
                0x0000000008001ea4                main
 .text.SystemClock_Config
                0x0000000008002124       0xa2 ./Core/Src/main.o
                0x0000000008002124                SystemClock_Config
 *fill*         0x00000000080021c6        0x2 
 .text.HAL_DFSDM_FilterRegConvCpltCallback
                0x00000000080021c8       0x2c ./Core/Src/main.o
                0x00000000080021c8                HAL_DFSDM_FilterRegConvCpltCallback
 .text.HAL_DFSDM_FilterRegConvHalfCpltCallback
                0x00000000080021f4       0x2c ./Core/Src/main.o
                0x00000000080021f4                HAL_DFSDM_FilterRegConvHalfCpltCallback
 .text.HAL_UART_TxCpltCallback
                0x0000000008002220       0x2c ./Core/Src/main.o
                0x0000000008002220                HAL_UART_TxCpltCallback
 .text.HAL_UART_TxHalfCpltCallback
                0x000000000800224c       0x2c ./Core/Src/main.o
                0x000000000800224c                HAL_UART_TxHalfCpltCallback
 .text.HAL_UART_RxCpltCallback
                0x0000000008002278       0x54 ./Core/Src/main.o
                0x0000000008002278                HAL_UART_RxCpltCallback
 .text.HAL_GPIO_EXTI_Falling_Callback
                0x00000000080022cc       0x38 ./Core/Src/main.o
                0x00000000080022cc                HAL_GPIO_EXTI_Falling_Callback
 .text.HAL_TIM_PeriodElapsedCallback
                0x0000000008002304       0x7c ./Core/Src/main.o
                0x0000000008002304                HAL_TIM_PeriodElapsedCallback
 .text.Error_Handler
                0x0000000008002380        0xa ./Core/Src/main.o
                0x0000000008002380                Error_Handler
 .text.scale8   0x000000000800238a       0x28 ./Core/Src/sk6812.o
 *fill*         0x00000000080023b2        0x2 
 .text.led_set_RGB
                0x00000000080023b4       0x70 ./Core/Src/sk6812.o
                0x00000000080023b4                led_set_RGB
 .text.led_set_all_RGB
                0x0000000008002424       0x3c ./Core/Src/sk6812.o
                0x0000000008002424                led_set_all_RGB
 .text.led_render
                0x0000000008002460      0x150 ./Core/Src/sk6812.o
                0x0000000008002460                led_render
 .text.HAL_TIM_PWM_PulseFinishedHalfCpltCallback
                0x00000000080025b0      0x100 ./Core/Src/sk6812.o
                0x00000000080025b0                HAL_TIM_PWM_PulseFinishedHalfCpltCallback
 .text.HAL_TIM_PWM_PulseFinishedCallback
                0x00000000080026b0      0x10c ./Core/Src/sk6812.o
                0x00000000080026b0                HAL_TIM_PWM_PulseFinishedCallback
 .text.HAL_MspInit
                0x00000000080027bc       0x48 ./Core/Src/stm32l5xx_hal_msp.o
                0x00000000080027bc                HAL_MspInit
 .text.NMI_Handler
                0x0000000008002804        0x6 ./Core/Src/stm32l5xx_it.o
                0x0000000008002804                NMI_Handler
 .text.HardFault_Handler
                0x000000000800280a        0x6 ./Core/Src/stm32l5xx_it.o
                0x000000000800280a                HardFault_Handler
 .text.MemManage_Handler
                0x0000000008002810        0x6 ./Core/Src/stm32l5xx_it.o
                0x0000000008002810                MemManage_Handler
 .text.BusFault_Handler
                0x0000000008002816        0x6 ./Core/Src/stm32l5xx_it.o
                0x0000000008002816                BusFault_Handler
 .text.UsageFault_Handler
                0x000000000800281c        0x6 ./Core/Src/stm32l5xx_it.o
                0x000000000800281c                UsageFault_Handler
 .text.SVC_Handler
                0x0000000008002822        0xe ./Core/Src/stm32l5xx_it.o
                0x0000000008002822                SVC_Handler
 .text.DebugMon_Handler
                0x0000000008002830        0xe ./Core/Src/stm32l5xx_it.o
                0x0000000008002830                DebugMon_Handler
 .text.PendSV_Handler
                0x000000000800283e        0xe ./Core/Src/stm32l5xx_it.o
                0x000000000800283e                PendSV_Handler
 .text.SysTick_Handler
                0x000000000800284c        0xc ./Core/Src/stm32l5xx_it.o
                0x000000000800284c                SysTick_Handler
 .text.EXTI13_IRQHandler
                0x0000000008002858       0x10 ./Core/Src/stm32l5xx_it.o
                0x0000000008002858                EXTI13_IRQHandler
 .text.DMA1_Channel1_IRQHandler
                0x0000000008002868       0x14 ./Core/Src/stm32l5xx_it.o
                0x0000000008002868                DMA1_Channel1_IRQHandler
 .text.DMA1_Channel2_IRQHandler
                0x000000000800287c       0x14 ./Core/Src/stm32l5xx_it.o
                0x000000000800287c                DMA1_Channel2_IRQHandler
 .text.DMA1_Channel4_IRQHandler
                0x0000000008002890       0x14 ./Core/Src/stm32l5xx_it.o
                0x0000000008002890                DMA1_Channel4_IRQHandler
 .text.TIM2_IRQHandler
                0x00000000080028a4       0x14 ./Core/Src/stm32l5xx_it.o
                0x00000000080028a4                TIM2_IRQHandler
 .text.TIM3_IRQHandler
                0x00000000080028b8       0x14 ./Core/Src/stm32l5xx_it.o
                0x00000000080028b8                TIM3_IRQHandler
 .text.USART3_IRQHandler
                0x00000000080028cc       0x14 ./Core/Src/stm32l5xx_it.o
                0x00000000080028cc                USART3_IRQHandler
 .text.DFSDM1_FLT0_IRQHandler
                0x00000000080028e0       0x14 ./Core/Src/stm32l5xx_it.o
                0x00000000080028e0                DFSDM1_FLT0_IRQHandler
 .text._getpid  0x00000000080028f4       0x10 ./Core/Src/syscalls.o
                0x00000000080028f4                _getpid
 .text._kill    0x0000000008002904       0x20 ./Core/Src/syscalls.o
                0x0000000008002904                _kill
 .text._exit    0x0000000008002924       0x14 ./Core/Src/syscalls.o
                0x0000000008002924                _exit
 .text._read    0x0000000008002938       0x3a ./Core/Src/syscalls.o
                0x0000000008002938                _read
 .text._write   0x0000000008002972       0x38 ./Core/Src/syscalls.o
                0x0000000008002972                _write
 .text._close   0x00000000080029aa       0x18 ./Core/Src/syscalls.o
                0x00000000080029aa                _close
 .text._fstat   0x00000000080029c2       0x20 ./Core/Src/syscalls.o
                0x00000000080029c2                _fstat
 .text._isatty  0x00000000080029e2       0x16 ./Core/Src/syscalls.o
                0x00000000080029e2                _isatty
 .text._lseek   0x00000000080029f8       0x1a ./Core/Src/syscalls.o
                0x00000000080029f8                _lseek
 *fill*         0x0000000008002a12        0x2 
 .text._sbrk    0x0000000008002a14       0x6c ./Core/Src/sysmem.o
                0x0000000008002a14                _sbrk
 .text.SystemInit
                0x0000000008002a80       0x24 ./Core/Src/system_stm32l5xx.o
                0x0000000008002a80                SystemInit
 .text.SystemCoreClockUpdate
                0x0000000008002aa4      0x15c ./Core/Src/system_stm32l5xx.o
                0x0000000008002aa4                SystemCoreClockUpdate
 .text.MX_TIM2_Init
                0x0000000008002c00       0xec ./Core/Src/tim.o
                0x0000000008002c00                MX_TIM2_Init
 .text.MX_TIM3_Init
                0x0000000008002cec       0x9c ./Core/Src/tim.o
                0x0000000008002cec                MX_TIM3_Init
 .text.MX_TIM16_Init
                0x0000000008002d88       0x50 ./Core/Src/tim.o
                0x0000000008002d88                MX_TIM16_Init
 .text.HAL_TIM_Base_MspInit
                0x0000000008002dd8      0x118 ./Core/Src/tim.o
                0x0000000008002dd8                HAL_TIM_Base_MspInit
 .text.HAL_TIM_MspPostInit
                0x0000000008002ef0       0x6c ./Core/Src/tim.o
                0x0000000008002ef0                HAL_TIM_MspPostInit
 .text.MX_USART3_UART_Init
                0x0000000008002f5c       0x98 ./Core/Src/usart.o
                0x0000000008002f5c                MX_USART3_UART_Init
 .text.HAL_UART_MspInit
                0x0000000008002ff4      0x138 ./Core/Src/usart.o
                0x0000000008002ff4                HAL_UART_MspInit
 .text.Reset_Handler
                0x000000000800312c       0x50 ./Core/Startup/startup_stm32l562qeixq.o
                0x000000000800312c                Reset_Handler
 .text.Default_Handler
                0x000000000800317c        0x2 ./Core/Startup/startup_stm32l562qeixq.o
                0x000000000800317c                EXTI2_IRQHandler
                0x000000000800317c                TIM8_TRG_COM_IRQHandler
                0x000000000800317c                TIM8_CC_IRQHandler
                0x000000000800317c                EXTI5_IRQHandler
                0x000000000800317c                FLASH_S_IRQHandler
                0x000000000800317c                TIM1_CC_IRQHandler
                0x000000000800317c                TSC_IRQHandler
                0x000000000800317c                TAMP_IRQHandler
                0x000000000800317c                TIM6_IRQHandler
                0x000000000800317c                EXTI12_IRQHandler
                0x000000000800317c                DMA2_Channel8_IRQHandler
                0x000000000800317c                EXTI3_IRQHandler
                0x000000000800317c                EXTI8_IRQHandler
                0x000000000800317c                LPTIM2_IRQHandler
                0x000000000800317c                DFSDM1_FLT1_IRQHandler
                0x000000000800317c                USB_FS_IRQHandler
                0x000000000800317c                I2C3_ER_IRQHandler
                0x000000000800317c                DFSDM1_FLT2_IRQHandler
                0x000000000800317c                DMAMUX1_IRQHandler
                0x000000000800317c                LPTIM3_IRQHandler
                0x000000000800317c                EXTI0_IRQHandler
                0x000000000800317c                I2C2_EV_IRQHandler
                0x000000000800317c                FPU_IRQHandler
                0x000000000800317c                FDCAN1_IT1_IRQHandler
                0x000000000800317c                ADC1_2_IRQHandler
                0x000000000800317c                SPI1_IRQHandler
                0x000000000800317c                OCTOSPI1_IRQHandler
                0x000000000800317c                TIM8_UP_IRQHandler
                0x000000000800317c                RCC_S_IRQHandler
                0x000000000800317c                DMA2_Channel2_IRQHandler
                0x000000000800317c                SAI2_IRQHandler
                0x000000000800317c                DFSDM1_FLT3_IRQHandler
                0x000000000800317c                PKA_IRQHandler
                0x000000000800317c                EXTI15_IRQHandler
                0x000000000800317c                TIM17_IRQHandler
                0x000000000800317c                RTC_IRQHandler
                0x000000000800317c                EXTI9_IRQHandler
                0x000000000800317c                DMA1_Channel7_IRQHandler
                0x000000000800317c                UART5_IRQHandler
                0x000000000800317c                TIM4_IRQHandler
                0x000000000800317c                DMA2_Channel1_IRQHandler
                0x000000000800317c                I2C1_EV_IRQHandler
                0x000000000800317c                DMA1_Channel6_IRQHandler
                0x000000000800317c                TIM16_IRQHandler
                0x000000000800317c                UART4_IRQHandler
                0x000000000800317c                DMA2_Channel4_IRQHandler
                0x000000000800317c                SecureFault_Handler
                0x000000000800317c                RCC_IRQHandler
                0x000000000800317c                TIM1_TRG_COM_IRQHandler
                0x000000000800317c                Default_Handler
                0x000000000800317c                DMA2_Channel7_IRQHandler
                0x000000000800317c                OTFDEC1_IRQHandler
                0x000000000800317c                DMA1_Channel8_IRQHandler
                0x000000000800317c                TIM7_IRQHandler
                0x000000000800317c                SDMMC1_IRQHandler
                0x000000000800317c                TIM5_IRQHandler
                0x000000000800317c                UCPD1_IRQHandler
                0x000000000800317c                TIM15_IRQHandler
                0x000000000800317c                I2C3_EV_IRQHandler
                0x000000000800317c                PVD_PVM_IRQHandler
                0x000000000800317c                SPI2_IRQHandler
                0x000000000800317c                EXTI14_IRQHandler
                0x000000000800317c                EXTI11_IRQHandler
                0x000000000800317c                DMA2_Channel5_IRQHandler
                0x000000000800317c                CRS_IRQHandler
                0x000000000800317c                DMA1_Channel5_IRQHandler
                0x000000000800317c                EXTI4_IRQHandler
                0x000000000800317c                RTC_S_IRQHandler
                0x000000000800317c                RNG_IRQHandler
                0x000000000800317c                DMAMUX1_S_IRQHandler
                0x000000000800317c                DMA1_Channel3_IRQHandler
                0x000000000800317c                COMP_IRQHandler
                0x000000000800317c                TIM1_UP_IRQHandler
                0x000000000800317c                WWDG_IRQHandler
                0x000000000800317c                I2C4_EV_IRQHandler
                0x000000000800317c                LPUART1_IRQHandler
                0x000000000800317c                DMA2_Channel6_IRQHandler
                0x000000000800317c                FDCAN1_IT0_IRQHandler
                0x000000000800317c                TAMP_S_IRQHandler
                0x000000000800317c                EXTI7_IRQHandler
                0x000000000800317c                TIM1_BRK_IRQHandler
                0x000000000800317c                DAC_IRQHandler
                0x000000000800317c                EXTI1_IRQHandler
                0x000000000800317c                AES_IRQHandler
                0x000000000800317c                GTZC_IRQHandler
                0x000000000800317c                USART2_IRQHandler
                0x000000000800317c                I2C2_ER_IRQHandler
                0x000000000800317c                TIM8_BRK_IRQHandler
                0x000000000800317c                FLASH_IRQHandler
                0x000000000800317c                USART1_IRQHandler
                0x000000000800317c                EXTI10_IRQHandler
                0x000000000800317c                SPI3_IRQHandler
                0x000000000800317c                I2C1_ER_IRQHandler
                0x000000000800317c                FMC_IRQHandler
                0x000000000800317c                EXTI6_IRQHandler
                0x000000000800317c                LPTIM1_IRQHandler
                0x000000000800317c                I2C4_ER_IRQHandler
                0x000000000800317c                ICACHE_IRQHandler
                0x000000000800317c                SAI1_IRQHandler
                0x000000000800317c                HASH_IRQHandler
                0x000000000800317c                DMA2_Channel3_IRQHandler
 .text.HAL_Init
                0x000000000800317e       0x34 ./Drivers/STM32L5xx_HAL_Driver/Src/stm32l5xx_hal.o
                0x000000000800317e                HAL_Init
 *fill*         0x00000000080031b2        0x2 
 .text.HAL_InitTick
                0x00000000080031b4       0x78 ./Drivers/STM32L5xx_HAL_Driver/Src/stm32l5xx_hal.o
                0x00000000080031b4                HAL_InitTick
 .text.HAL_IncTick
                0x000000000800322c       0x28 ./Drivers/STM32L5xx_HAL_Driver/Src/stm32l5xx_hal.o
                0x000000000800322c                HAL_IncTick
 .text.HAL_GetTick
                0x0000000008003254       0x18 ./Drivers/STM32L5xx_HAL_Driver/Src/stm32l5xx_hal.o
                0x0000000008003254                HAL_GetTick
 .text.__NVIC_SetPriorityGrouping
                0x000000000800326c       0x48 ./Drivers/STM32L5xx_HAL_Driver/Src/stm32l5xx_hal_cortex.o
 .text.__NVIC_GetPriorityGrouping
                0x00000000080032b4       0x1c ./Drivers/STM32L5xx_HAL_Driver/Src/stm32l5xx_hal_cortex.o
 .text.__NVIC_EnableIRQ
                0x00000000080032d0       0x3c ./Drivers/STM32L5xx_HAL_Driver/Src/stm32l5xx_hal_cortex.o
 .text.__NVIC_SetPriority
                0x000000000800330c       0x54 ./Drivers/STM32L5xx_HAL_Driver/Src/stm32l5xx_hal_cortex.o
 .text.NVIC_EncodePriority
                0x0000000008003360       0x66 ./Drivers/STM32L5xx_HAL_Driver/Src/stm32l5xx_hal_cortex.o
 *fill*         0x00000000080033c6        0x2 
 .text.SysTick_Config
                0x00000000080033c8       0x44 ./Drivers/STM32L5xx_HAL_Driver/Src/stm32l5xx_hal_cortex.o
 .text.HAL_NVIC_SetPriorityGrouping
                0x000000000800340c       0x16 ./Drivers/STM32L5xx_HAL_Driver/Src/stm32l5xx_hal_cortex.o
                0x000000000800340c                HAL_NVIC_SetPriorityGrouping
 .text.HAL_NVIC_SetPriority
                0x0000000008003422       0x34 ./Drivers/STM32L5xx_HAL_Driver/Src/stm32l5xx_hal_cortex.o
                0x0000000008003422                HAL_NVIC_SetPriority
 .text.HAL_NVIC_EnableIRQ
                0x0000000008003456       0x1c ./Drivers/STM32L5xx_HAL_Driver/Src/stm32l5xx_hal_cortex.o
                0x0000000008003456                HAL_NVIC_EnableIRQ
 .text.HAL_SYSTICK_Config
                0x0000000008003472       0x18 ./Drivers/STM32L5xx_HAL_Driver/Src/stm32l5xx_hal_cortex.o
                0x0000000008003472                HAL_SYSTICK_Config
 *fill*         0x000000000800348a        0x2 
 .text.HAL_DFSDM_ChannelInit
                0x000000000800348c      0x180 ./Drivers/STM32L5xx_HAL_Driver/Src/stm32l5xx_hal_dfsdm.o
                0x000000000800348c                HAL_DFSDM_ChannelInit
 .text.HAL_DFSDM_ChannelCkabCallback
                0x000000000800360c       0x14 ./Drivers/STM32L5xx_HAL_Driver/Src/stm32l5xx_hal_dfsdm.o
                0x000000000800360c                HAL_DFSDM_ChannelCkabCallback
 .text.HAL_DFSDM_ChannelScdCallback
                0x0000000008003620       0x14 ./Drivers/STM32L5xx_HAL_Driver/Src/stm32l5xx_hal_dfsdm.o
                0x0000000008003620                HAL_DFSDM_ChannelScdCallback
 .text.HAL_DFSDM_FilterInit
                0x0000000008003634      0x1b4 ./Drivers/STM32L5xx_HAL_Driver/Src/stm32l5xx_hal_dfsdm.o
                0x0000000008003634                HAL_DFSDM_FilterInit
 .text.HAL_DFSDM_FilterConfigRegChannel
                0x00000000080037e8       0x8a ./Drivers/STM32L5xx_HAL_Driver/Src/stm32l5xx_hal_dfsdm.o
                0x00000000080037e8                HAL_DFSDM_FilterConfigRegChannel
 *fill*         0x0000000008003872        0x2 
 .text.HAL_DFSDM_FilterRegularStart_DMA
                0x0000000008003874      0x104 ./Drivers/STM32L5xx_HAL_Driver/Src/stm32l5xx_hal_dfsdm.o
                0x0000000008003874                HAL_DFSDM_FilterRegularStart_DMA
 .text.HAL_DFSDM_IRQHandler
                0x0000000008003978      0x2cc ./Drivers/STM32L5xx_HAL_Driver/Src/stm32l5xx_hal_dfsdm.o
                0x0000000008003978                HAL_DFSDM_IRQHandler
 .text.HAL_DFSDM_FilterInjConvCpltCallback
                0x0000000008003c44       0x14 ./Drivers/STM32L5xx_HAL_Driver/Src/stm32l5xx_hal_dfsdm.o
                0x0000000008003c44                HAL_DFSDM_FilterInjConvCpltCallback
 .text.HAL_DFSDM_FilterAwdCallback
                0x0000000008003c58       0x18 ./Drivers/STM32L5xx_HAL_Driver/Src/stm32l5xx_hal_dfsdm.o
                0x0000000008003c58                HAL_DFSDM_FilterAwdCallback
 .text.HAL_DFSDM_FilterErrorCallback
                0x0000000008003c70       0x14 ./Drivers/STM32L5xx_HAL_Driver/Src/stm32l5xx_hal_dfsdm.o
                0x0000000008003c70                HAL_DFSDM_FilterErrorCallback
 .text.DFSDM_DMARegularHalfConvCplt
                0x0000000008003c84       0x1c ./Drivers/STM32L5xx_HAL_Driver/Src/stm32l5xx_hal_dfsdm.o
 .text.DFSDM_DMARegularConvCplt
                0x0000000008003ca0       0x1c ./Drivers/STM32L5xx_HAL_Driver/Src/stm32l5xx_hal_dfsdm.o
 .text.DFSDM_DMAError
                0x0000000008003cbc       0x22 ./Drivers/STM32L5xx_HAL_Driver/Src/stm32l5xx_hal_dfsdm.o
 *fill*         0x0000000008003cde        0x2 
 .text.DFSDM_GetChannelFromInstance
                0x0000000008003ce0       0x50 ./Drivers/STM32L5xx_HAL_Driver/Src/stm32l5xx_hal_dfsdm.o
 .text.DFSDM_RegConvStart
                0x0000000008003d30       0xac ./Drivers/STM32L5xx_HAL_Driver/Src/stm32l5xx_hal_dfsdm.o
 .text.HAL_DMA_Init
                0x0000000008003ddc      0x150 ./Drivers/STM32L5xx_HAL_Driver/Src/stm32l5xx_hal_dma.o
                0x0000000008003ddc                HAL_DMA_Init
 .text.HAL_DMA_Start_IT
                0x0000000008003f2c       0xf6 ./Drivers/STM32L5xx_HAL_Driver/Src/stm32l5xx_hal_dma.o
                0x0000000008003f2c                HAL_DMA_Start_IT
 .text.HAL_DMA_Abort
                0x0000000008004022       0xb8 ./Drivers/STM32L5xx_HAL_Driver/Src/stm32l5xx_hal_dma.o
                0x0000000008004022                HAL_DMA_Abort
 .text.HAL_DMA_Abort_IT
                0x00000000080040da       0xbe ./Drivers/STM32L5xx_HAL_Driver/Src/stm32l5xx_hal_dma.o
                0x00000000080040da                HAL_DMA_Abort_IT
 .text.HAL_DMA_IRQHandler
                0x0000000008004198      0x200 ./Drivers/STM32L5xx_HAL_Driver/Src/stm32l5xx_hal_dma.o
                0x0000000008004198                HAL_DMA_IRQHandler
 .text.HAL_DMA_ConfigChannelAttributes
                0x0000000008004398       0x60 ./Drivers/STM32L5xx_HAL_Driver/Src/stm32l5xx_hal_dma.o
                0x0000000008004398                HAL_DMA_ConfigChannelAttributes
 .text.DMA_SetConfig
                0x00000000080043f8       0x7c ./Drivers/STM32L5xx_HAL_Driver/Src/stm32l5xx_hal_dma.o
 .text.DMA_CalcDMAMUXChannelBaseAndMask
                0x0000000008004474       0x7c ./Drivers/STM32L5xx_HAL_Driver/Src/stm32l5xx_hal_dma.o
 .text.DMA_CalcDMAMUXRequestGenBaseAndMask
                0x00000000080044f0       0x48 ./Drivers/STM32L5xx_HAL_Driver/Src/stm32l5xx_hal_dma.o
 .text.HAL_GPIO_Init
                0x0000000008004538      0x300 ./Drivers/STM32L5xx_HAL_Driver/Src/stm32l5xx_hal_gpio.o
                0x0000000008004538                HAL_GPIO_Init
 .text.HAL_GPIO_ReadPin
                0x0000000008004838       0x30 ./Drivers/STM32L5xx_HAL_Driver/Src/stm32l5xx_hal_gpio.o
                0x0000000008004838                HAL_GPIO_ReadPin
 .text.HAL_GPIO_WritePin
                0x0000000008004868       0x30 ./Drivers/STM32L5xx_HAL_Driver/Src/stm32l5xx_hal_gpio.o
                0x0000000008004868                HAL_GPIO_WritePin
 .text.HAL_GPIO_EXTI_IRQHandler
                0x0000000008004898       0x4c ./Drivers/STM32L5xx_HAL_Driver/Src/stm32l5xx_hal_gpio.o
                0x0000000008004898                HAL_GPIO_EXTI_IRQHandler
 .text.HAL_GPIO_EXTI_Rising_Callback
                0x00000000080048e4       0x16 ./Drivers/STM32L5xx_HAL_Driver/Src/stm32l5xx_hal_gpio.o
                0x00000000080048e4                HAL_GPIO_EXTI_Rising_Callback
 *fill*         0x00000000080048fa        0x2 
 .text.HAL_ICACHE_ConfigAssociativityMode
                0x00000000080048fc       0x40 ./Drivers/STM32L5xx_HAL_Driver/Src/stm32l5xx_hal_icache.o
                0x00000000080048fc                HAL_ICACHE_ConfigAssociativityMode
 .text.HAL_ICACHE_Enable
                0x000000000800493c       0x20 ./Drivers/STM32L5xx_HAL_Driver/Src/stm32l5xx_hal_icache.o
                0x000000000800493c                HAL_ICACHE_Enable
 .text.HAL_PWREx_GetVoltageRange
                0x000000000800495c       0x1c ./Drivers/STM32L5xx_HAL_Driver/Src/stm32l5xx_hal_pwr_ex.o
                0x000000000800495c                HAL_PWREx_GetVoltageRange
 .text.HAL_PWREx_ControlVoltageScaling
                0x0000000008004978       0xb8 ./Drivers/STM32L5xx_HAL_Driver/Src/stm32l5xx_hal_pwr_ex.o
                0x0000000008004978                HAL_PWREx_ControlVoltageScaling
 .text.HAL_PWREx_EnableVddIO2
                0x0000000008004a30       0x20 ./Drivers/STM32L5xx_HAL_Driver/Src/stm32l5xx_hal_pwr_ex.o
                0x0000000008004a30                HAL_PWREx_EnableVddIO2
 .text.HAL_PWREx_DisableUCPDDeadBattery
                0x0000000008004a50       0x20 ./Drivers/STM32L5xx_HAL_Driver/Src/stm32l5xx_hal_pwr_ex.o
                0x0000000008004a50                HAL_PWREx_DisableUCPDDeadBattery
 .text.HAL_PWREx_SMPS_GetEffectiveMode
                0x0000000008004a70       0x48 ./Drivers/STM32L5xx_HAL_Driver/Src/stm32l5xx_hal_pwr_ex.o
                0x0000000008004a70                HAL_PWREx_SMPS_GetEffectiveMode
 .text.HAL_RCC_OscConfig
                0x0000000008004ab8      0x9c4 ./Drivers/STM32L5xx_HAL_Driver/Src/stm32l5xx_hal_rcc.o
                0x0000000008004ab8                HAL_RCC_OscConfig
 .text.HAL_RCC_ClockConfig
                0x000000000800547c      0x250 ./Drivers/STM32L5xx_HAL_Driver/Src/stm32l5xx_hal_rcc.o
                0x000000000800547c                HAL_RCC_ClockConfig
 .text.HAL_RCC_GetSysClockFreq
                0x00000000080056cc      0x13c ./Drivers/STM32L5xx_HAL_Driver/Src/stm32l5xx_hal_rcc.o
                0x00000000080056cc                HAL_RCC_GetSysClockFreq
 .text.HAL_RCC_GetHCLKFreq
                0x0000000008005808       0x28 ./Drivers/STM32L5xx_HAL_Driver/Src/stm32l5xx_hal_rcc.o
                0x0000000008005808                HAL_RCC_GetHCLKFreq
 .text.HAL_RCC_GetPCLK1Freq
                0x0000000008005830       0x28 ./Drivers/STM32L5xx_HAL_Driver/Src/stm32l5xx_hal_rcc.o
                0x0000000008005830                HAL_RCC_GetPCLK1Freq
 .text.HAL_RCC_GetPCLK2Freq
                0x0000000008005858       0x28 ./Drivers/STM32L5xx_HAL_Driver/Src/stm32l5xx_hal_rcc.o
                0x0000000008005858                HAL_RCC_GetPCLK2Freq
 .text.RCC_SetFlashLatencyFromMSIRange
                0x0000000008005880       0xc8 ./Drivers/STM32L5xx_HAL_Driver/Src/stm32l5xx_hal_rcc.o
 .text.RCC_GetSysClockFreqFromPLLSource
                0x0000000008005948       0xf4 ./Drivers/STM32L5xx_HAL_Driver/Src/stm32l5xx_hal_rcc.o
 .text.HAL_RCCEx_PeriphCLKConfig
                0x0000000008005a3c      0x708 ./Drivers/STM32L5xx_HAL_Driver/Src/stm32l5xx_hal_rcc_ex.o
                0x0000000008005a3c                HAL_RCCEx_PeriphCLKConfig
 .text.RCCEx_PLLSAI1_Config
                0x0000000008006144      0x1cc ./Drivers/STM32L5xx_HAL_Driver/Src/stm32l5xx_hal_rcc_ex.o
 .text.RCCEx_PLLSAI2_Config
                0x0000000008006310      0x158 ./Drivers/STM32L5xx_HAL_Driver/Src/stm32l5xx_hal_rcc_ex.o
 .text.HAL_TIM_Base_Init
                0x0000000008006468       0xae ./Drivers/STM32L5xx_HAL_Driver/Src/stm32l5xx_hal_tim.o
                0x0000000008006468                HAL_TIM_Base_Init
 *fill*         0x0000000008006516        0x2 
 .text.HAL_TIM_Base_Start
                0x0000000008006518       0xd0 ./Drivers/STM32L5xx_HAL_Driver/Src/stm32l5xx_hal_tim.o
                0x0000000008006518                HAL_TIM_Base_Start
 .text.HAL_TIM_Base_Start_IT
                0x00000000080065e8       0xe0 ./Drivers/STM32L5xx_HAL_Driver/Src/stm32l5xx_hal_tim.o
                0x00000000080065e8                HAL_TIM_Base_Start_IT
 .text.HAL_TIM_Base_Stop_IT
                0x00000000080066c8       0x5e ./Drivers/STM32L5xx_HAL_Driver/Src/stm32l5xx_hal_tim.o
                0x00000000080066c8                HAL_TIM_Base_Stop_IT
 .text.HAL_TIM_PWM_Init
                0x0000000008006726       0xae ./Drivers/STM32L5xx_HAL_Driver/Src/stm32l5xx_hal_tim.o
                0x0000000008006726                HAL_TIM_PWM_Init
 .text.HAL_TIM_PWM_MspInit
                0x00000000080067d4       0x14 ./Drivers/STM32L5xx_HAL_Driver/Src/stm32l5xx_hal_tim.o
                0x00000000080067d4                HAL_TIM_PWM_MspInit
 .text.HAL_TIM_PWM_Start_DMA
                0x00000000080067e8      0x430 ./Drivers/STM32L5xx_HAL_Driver/Src/stm32l5xx_hal_tim.o
                0x00000000080067e8                HAL_TIM_PWM_Start_DMA
 .text.HAL_TIM_PWM_Stop_DMA
                0x0000000008006c18      0x1e0 ./Drivers/STM32L5xx_HAL_Driver/Src/stm32l5xx_hal_tim.o
                0x0000000008006c18                HAL_TIM_PWM_Stop_DMA
 .text.HAL_TIM_IRQHandler
                0x0000000008006df8      0x23e ./Drivers/STM32L5xx_HAL_Driver/Src/stm32l5xx_hal_tim.o
                0x0000000008006df8                HAL_TIM_IRQHandler
 *fill*         0x0000000008007036        0x2 
 .text.HAL_TIM_PWM_ConfigChannel
                0x0000000008007038      0x220 ./Drivers/STM32L5xx_HAL_Driver/Src/stm32l5xx_hal_tim.o
                0x0000000008007038                HAL_TIM_PWM_ConfigChannel
 .text.HAL_TIM_ConfigClockSource
                0x0000000008007258      0x18c ./Drivers/STM32L5xx_HAL_Driver/Src/stm32l5xx_hal_tim.o
                0x0000000008007258                HAL_TIM_ConfigClockSource
 .text.HAL_TIM_OC_DelayElapsedCallback
                0x00000000080073e4       0x14 ./Drivers/STM32L5xx_HAL_Driver/Src/stm32l5xx_hal_tim.o
                0x00000000080073e4                HAL_TIM_OC_DelayElapsedCallback
 .text.HAL_TIM_IC_CaptureCallback
                0x00000000080073f8       0x14 ./Drivers/STM32L5xx_HAL_Driver/Src/stm32l5xx_hal_tim.o
                0x00000000080073f8                HAL_TIM_IC_CaptureCallback
 .text.HAL_TIM_TriggerCallback
                0x000000000800740c       0x14 ./Drivers/STM32L5xx_HAL_Driver/Src/stm32l5xx_hal_tim.o
                0x000000000800740c                HAL_TIM_TriggerCallback
 .text.HAL_TIM_ErrorCallback
                0x0000000008007420       0x14 ./Drivers/STM32L5xx_HAL_Driver/Src/stm32l5xx_hal_tim.o
                0x0000000008007420                HAL_TIM_ErrorCallback
 .text.TIM_DMAError
                0x0000000008007434       0x92 ./Drivers/STM32L5xx_HAL_Driver/Src/stm32l5xx_hal_tim.o
                0x0000000008007434                TIM_DMAError
 .text.TIM_DMADelayPulseCplt
                0x00000000080074c6       0xa8 ./Drivers/STM32L5xx_HAL_Driver/Src/stm32l5xx_hal_tim.o
 .text.TIM_DMADelayPulseHalfCplt
                0x000000000800756e       0x68 ./Drivers/STM32L5xx_HAL_Driver/Src/stm32l5xx_hal_tim.o
                0x000000000800756e                TIM_DMADelayPulseHalfCplt
 *fill*         0x00000000080075d6        0x2 
 .text.TIM_Base_SetConfig
                0x00000000080075d8      0x134 ./Drivers/STM32L5xx_HAL_Driver/Src/stm32l5xx_hal_tim.o
                0x00000000080075d8                TIM_Base_SetConfig
 .text.TIM_OC1_SetConfig
                0x000000000800770c      0x120 ./Drivers/STM32L5xx_HAL_Driver/Src/stm32l5xx_hal_tim.o
 .text.TIM_OC2_SetConfig
                0x000000000800782c      0x114 ./Drivers/STM32L5xx_HAL_Driver/Src/stm32l5xx_hal_tim.o
                0x000000000800782c                TIM_OC2_SetConfig
 .text.TIM_OC3_SetConfig
                0x0000000008007940      0x110 ./Drivers/STM32L5xx_HAL_Driver/Src/stm32l5xx_hal_tim.o
 .text.TIM_OC4_SetConfig
                0x0000000008007a50       0xd4 ./Drivers/STM32L5xx_HAL_Driver/Src/stm32l5xx_hal_tim.o
 .text.TIM_OC5_SetConfig
                0x0000000008007b24       0xc8 ./Drivers/STM32L5xx_HAL_Driver/Src/stm32l5xx_hal_tim.o
 .text.TIM_OC6_SetConfig
                0x0000000008007bec       0xcc ./Drivers/STM32L5xx_HAL_Driver/Src/stm32l5xx_hal_tim.o
 .text.TIM_TI1_ConfigInputStage
                0x0000000008007cb8       0x5e ./Drivers/STM32L5xx_HAL_Driver/Src/stm32l5xx_hal_tim.o
 .text.TIM_TI2_ConfigInputStage
                0x0000000008007d16       0x60 ./Drivers/STM32L5xx_HAL_Driver/Src/stm32l5xx_hal_tim.o
 .text.TIM_ITRx_SetConfig
                0x0000000008007d76       0x3a ./Drivers/STM32L5xx_HAL_Driver/Src/stm32l5xx_hal_tim.o
 .text.TIM_ETR_SetConfig
                0x0000000008007db0       0x40 ./Drivers/STM32L5xx_HAL_Driver/Src/stm32l5xx_hal_tim.o
                0x0000000008007db0                TIM_ETR_SetConfig
 .text.TIM_CCxChannelCmd
                0x0000000008007df0       0x4a ./Drivers/STM32L5xx_HAL_Driver/Src/stm32l5xx_hal_tim.o
                0x0000000008007df0                TIM_CCxChannelCmd
 *fill*         0x0000000008007e3a        0x2 
 .text.HAL_TIMEx_MasterConfigSynchronization
                0x0000000008007e3c      0x110 ./Drivers/STM32L5xx_HAL_Driver/Src/stm32l5xx_hal_tim_ex.o
                0x0000000008007e3c                HAL_TIMEx_MasterConfigSynchronization
 .text.HAL_TIMEx_CommutCallback
                0x0000000008007f4c       0x14 ./Drivers/STM32L5xx_HAL_Driver/Src/stm32l5xx_hal_tim_ex.o
                0x0000000008007f4c                HAL_TIMEx_CommutCallback
 .text.HAL_TIMEx_BreakCallback
                0x0000000008007f60       0x14 ./Drivers/STM32L5xx_HAL_Driver/Src/stm32l5xx_hal_tim_ex.o
                0x0000000008007f60                HAL_TIMEx_BreakCallback
 .text.HAL_TIMEx_Break2Callback
                0x0000000008007f74       0x14 ./Drivers/STM32L5xx_HAL_Driver/Src/stm32l5xx_hal_tim_ex.o
                0x0000000008007f74                HAL_TIMEx_Break2Callback
 .text.HAL_UART_Init
                0x0000000008007f88       0xa0 ./Drivers/STM32L5xx_HAL_Driver/Src/stm32l5xx_hal_uart.o
                0x0000000008007f88                HAL_UART_Init
 .text.HAL_UART_Receive_IT
                0x0000000008008028       0x8c ./Drivers/STM32L5xx_HAL_Driver/Src/stm32l5xx_hal_uart.o
                0x0000000008008028                HAL_UART_Receive_IT
 .text.HAL_UART_Transmit_DMA
                0x00000000080080b4      0x100 ./Drivers/STM32L5xx_HAL_Driver/Src/stm32l5xx_hal_uart.o
                0x00000000080080b4                HAL_UART_Transmit_DMA
 .text.HAL_UART_IRQHandler
                0x00000000080081b4      0x468 ./Drivers/STM32L5xx_HAL_Driver/Src/stm32l5xx_hal_uart.o
                0x00000000080081b4                HAL_UART_IRQHandler
 .text.HAL_UART_ErrorCallback
                0x000000000800861c       0x14 ./Drivers/STM32L5xx_HAL_Driver/Src/stm32l5xx_hal_uart.o
                0x000000000800861c                HAL_UART_ErrorCallback
 .text.HAL_UARTEx_RxEventCallback
                0x0000000008008630       0x18 ./Drivers/STM32L5xx_HAL_Driver/Src/stm32l5xx_hal_uart.o
                0x0000000008008630                HAL_UARTEx_RxEventCallback
 .text.UART_SetConfig
                0x0000000008008648      0x59c ./Drivers/STM32L5xx_HAL_Driver/Src/stm32l5xx_hal_uart.o
                0x0000000008008648                UART_SetConfig
 .text.UART_AdvFeatureConfig
                0x0000000008008be4      0x144 ./Drivers/STM32L5xx_HAL_Driver/Src/stm32l5xx_hal_uart.o
                0x0000000008008be4                UART_AdvFeatureConfig
 .text.UART_CheckIdleState
                0x0000000008008d28       0x96 ./Drivers/STM32L5xx_HAL_Driver/Src/stm32l5xx_hal_uart.o
                0x0000000008008d28                UART_CheckIdleState
 .text.UART_WaitOnFlagUntilTimeout
                0x0000000008008dbe      0x100 ./Drivers/STM32L5xx_HAL_Driver/Src/stm32l5xx_hal_uart.o
                0x0000000008008dbe                UART_WaitOnFlagUntilTimeout
 *fill*         0x0000000008008ebe        0x2 
 .text.UART_Start_Receive_IT
                0x0000000008008ec0      0x17c ./Drivers/STM32L5xx_HAL_Driver/Src/stm32l5xx_hal_uart.o
                0x0000000008008ec0                UART_Start_Receive_IT
 .text.UART_EndTxTransfer
                0x000000000800903c       0x3c ./Drivers/STM32L5xx_HAL_Driver/Src/stm32l5xx_hal_uart.o
 .text.UART_EndRxTransfer
                0x0000000008009078       0x64 ./Drivers/STM32L5xx_HAL_Driver/Src/stm32l5xx_hal_uart.o
 .text.UART_DMATransmitCplt
                0x00000000080090dc       0x54 ./Drivers/STM32L5xx_HAL_Driver/Src/stm32l5xx_hal_uart.o
 .text.UART_DMATxHalfCplt
                0x0000000008009130       0x1c ./Drivers/STM32L5xx_HAL_Driver/Src/stm32l5xx_hal_uart.o
 .text.UART_DMAError
                0x000000000800914c       0x80 ./Drivers/STM32L5xx_HAL_Driver/Src/stm32l5xx_hal_uart.o
 .text.UART_DMAAbortOnError
                0x00000000080091cc       0x2c ./Drivers/STM32L5xx_HAL_Driver/Src/stm32l5xx_hal_uart.o
 .text.UART_EndTransmit_IT
                0x00000000080091f8       0x34 ./Drivers/STM32L5xx_HAL_Driver/Src/stm32l5xx_hal_uart.o
 .text.UART_RxISR_8BIT
                0x000000000800922c       0xd8 ./Drivers/STM32L5xx_HAL_Driver/Src/stm32l5xx_hal_uart.o
 .text.UART_RxISR_16BIT
                0x0000000008009304       0xd8 ./Drivers/STM32L5xx_HAL_Driver/Src/stm32l5xx_hal_uart.o
 .text.UART_RxISR_8BIT_FIFOEN
                0x00000000080093dc      0x204 ./Drivers/STM32L5xx_HAL_Driver/Src/stm32l5xx_hal_uart.o
 .text.UART_RxISR_16BIT_FIFOEN
                0x00000000080095e0      0x204 ./Drivers/STM32L5xx_HAL_Driver/Src/stm32l5xx_hal_uart.o
 .text.HAL_UARTEx_WakeupCallback
                0x00000000080097e4       0x14 ./Drivers/STM32L5xx_HAL_Driver/Src/stm32l5xx_hal_uart_ex.o
                0x00000000080097e4                HAL_UARTEx_WakeupCallback
 .text.HAL_UARTEx_RxFifoFullCallback
                0x00000000080097f8       0x14 ./Drivers/STM32L5xx_HAL_Driver/Src/stm32l5xx_hal_uart_ex.o
                0x00000000080097f8                HAL_UARTEx_RxFifoFullCallback
 .text.HAL_UARTEx_TxFifoEmptyCallback
                0x000000000800980c       0x14 ./Drivers/STM32L5xx_HAL_Driver/Src/stm32l5xx_hal_uart_ex.o
                0x000000000800980c                HAL_UARTEx_TxFifoEmptyCallback
 .text.HAL_UARTEx_DisableFifoMode
                0x0000000008009820       0x72 ./Drivers/STM32L5xx_HAL_Driver/Src/stm32l5xx_hal_uart_ex.o
                0x0000000008009820                HAL_UARTEx_DisableFifoMode
 .text.HAL_UARTEx_SetTxFifoThreshold
                0x0000000008009892       0x7c ./Drivers/STM32L5xx_HAL_Driver/Src/stm32l5xx_hal_uart_ex.o
                0x0000000008009892                HAL_UARTEx_SetTxFifoThreshold
 .text.HAL_UARTEx_SetRxFifoThreshold
                0x000000000800990e       0x7c ./Drivers/STM32L5xx_HAL_Driver/Src/stm32l5xx_hal_uart_ex.o
                0x000000000800990e                HAL_UARTEx_SetRxFifoThreshold
 *fill*         0x000000000800998a        0x2 
 .text.UARTEx_SetNbDataToProcess
                0x000000000800998c       0x9c ./Drivers/STM32L5xx_HAL_Driver/Src/stm32l5xx_hal_uart_ex.o
 .text.arm_rfft_32_fast_init_f32
                0x0000000008009a28       0x38 ../Drivers/CMSIS/Lib/GCC\libarm_ARMv8MMLldfsp_math.a(arm_rfft_fast_init_f32.o)
                0x0000000008009a28                arm_rfft_32_fast_init_f32
 .text.arm_rfft_64_fast_init_f32
                0x0000000008009a60       0x38 ../Drivers/CMSIS/Lib/GCC\libarm_ARMv8MMLldfsp_math.a(arm_rfft_fast_init_f32.o)
                0x0000000008009a60                arm_rfft_64_fast_init_f32
 .text.arm_rfft_256_fast_init_f32
                0x0000000008009a98       0x38 ../Drivers/CMSIS/Lib/GCC\libarm_ARMv8MMLldfsp_math.a(arm_rfft_fast_init_f32.o)
                0x0000000008009a98                arm_rfft_256_fast_init_f32
 .text.arm_rfft_512_fast_init_f32
                0x0000000008009ad0       0x3c ../Drivers/CMSIS/Lib/GCC\libarm_ARMv8MMLldfsp_math.a(arm_rfft_fast_init_f32.o)
                0x0000000008009ad0                arm_rfft_512_fast_init_f32
 .text.arm_rfft_1024_fast_init_f32
                0x0000000008009b0c       0x3c ../Drivers/CMSIS/Lib/GCC\libarm_ARMv8MMLldfsp_math.a(arm_rfft_fast_init_f32.o)
                0x0000000008009b0c                arm_rfft_1024_fast_init_f32
 .text.arm_rfft_2048_fast_init_f32
                0x0000000008009b48       0x3c ../Drivers/CMSIS/Lib/GCC\libarm_ARMv8MMLldfsp_math.a(arm_rfft_fast_init_f32.o)
                0x0000000008009b48                arm_rfft_2048_fast_init_f32
 .text.arm_rfft_4096_fast_init_f32
                0x0000000008009b84       0x3c ../Drivers/CMSIS/Lib/GCC\libarm_ARMv8MMLldfsp_math.a(arm_rfft_fast_init_f32.o)
                0x0000000008009b84                arm_rfft_4096_fast_init_f32
 .text.arm_rfft_fast_init_f32
                0x0000000008009bc0       0x68 ../Drivers/CMSIS/Lib/GCC\libarm_ARMv8MMLldfsp_math.a(arm_rfft_fast_init_f32.o)
                0x0000000008009bc0                arm_rfft_fast_init_f32
 .text.stage_rfft_f32
                0x0000000008009c28       0xb8 ../Drivers/CMSIS/Lib/GCC\libarm_ARMv8MMLldfsp_math.a(arm_rfft_fast_f32.o)
                0x0000000008009c28                stage_rfft_f32
 .text.merge_rfft_f32
                0x0000000008009ce0       0xac ../Drivers/CMSIS/Lib/GCC\libarm_ARMv8MMLldfsp_math.a(arm_rfft_fast_f32.o)
                0x0000000008009ce0                merge_rfft_f32
 .text.arm_rfft_fast_f32
                0x0000000008009d8c       0x40 ../Drivers/CMSIS/Lib/GCC\libarm_ARMv8MMLldfsp_math.a(arm_rfft_fast_f32.o)
                0x0000000008009d8c                arm_rfft_fast_f32
 .text.arm_cfft_radix8by2_f32
                0x0000000008009dcc      0x198 ../Drivers/CMSIS/Lib/GCC\libarm_ARMv8MMLldfsp_math.a(arm_cfft_f32.o)
                0x0000000008009dcc                arm_cfft_radix8by2_f32
 .text.arm_cfft_radix8by4_f32
                0x0000000008009f64      0x4b8 ../Drivers/CMSIS/Lib/GCC\libarm_ARMv8MMLldfsp_math.a(arm_cfft_f32.o)
                0x0000000008009f64                arm_cfft_radix8by4_f32
 .text.arm_cfft_f32
                0x000000000800a41c       0xec ../Drivers/CMSIS/Lib/GCC\libarm_ARMv8MMLldfsp_math.a(arm_cfft_f32.o)
                0x000000000800a41c                arm_cfft_f32
 .text.arm_bitreversal_32
                0x000000000800a508       0x50 ../Drivers/CMSIS/Lib/GCC\libarm_ARMv8MMLldfsp_math.a(arm_bitreversal2.o)
                0x000000000800a508                arm_bitreversal_32
 .text.arm_cmplx_mag_f32
                0x000000000800a558      0x248 ../Drivers/CMSIS/Lib/GCC\libarm_ARMv8MMLldfsp_math.a(arm_cmplx_mag_f32.o)
                0x000000000800a558                arm_cmplx_mag_f32
 .text.arm_radix8_butterfly_f32
                0x000000000800a7a0      0x584 ../Drivers/CMSIS/Lib/GCC\libarm_ARMv8MMLldfsp_math.a(arm_cfft_radix8_f32.o)
                0x000000000800a7a0                arm_radix8_butterfly_f32
 .text.fmax     0x000000000800ad24       0x4e c:/st/stm32cubeide_1.8.0/stm32cubeide/plugins/com.st.stm32cube.ide.mcu.externaltools.gnu-tools-for-stm32.9-2020-q2-update.win32_2.0.0.202105311346/tools/bin/../lib/gcc/arm-none-eabi/9.3.1/../../../../arm-none-eabi/lib/thumb/v8-m.main+fp/hard\libm.a(lib_a-s_fmax.o)
                0x000000000800ad24                fmax
 .text.fmin     0x000000000800ad72       0x4e c:/st/stm32cubeide_1.8.0/stm32cubeide/plugins/com.st.stm32cube.ide.mcu.externaltools.gnu-tools-for-stm32.9-2020-q2-update.win32_2.0.0.202105311346/tools/bin/../lib/gcc/arm-none-eabi/9.3.1/../../../../arm-none-eabi/lib/thumb/v8-m.main+fp/hard\libm.a(lib_a-s_fmin.o)
                0x000000000800ad72                fmin
 .text.__fpclassifyd
                0x000000000800adc0       0x54 c:/st/stm32cubeide_1.8.0/stm32cubeide/plugins/com.st.stm32cube.ide.mcu.externaltools.gnu-tools-for-stm32.9-2020-q2-update.win32_2.0.0.202105311346/tools/bin/../lib/gcc/arm-none-eabi/9.3.1/../../../../arm-none-eabi/lib/thumb/v8-m.main+fp/hard\libm.a(lib_a-s_fpclassify.o)
                0x000000000800adc0                __fpclassifyd
 .text.sqrtf    0x000000000800ae14       0x4c c:/st/stm32cubeide_1.8.0/stm32cubeide/plugins/com.st.stm32cube.ide.mcu.externaltools.gnu-tools-for-stm32.9-2020-q2-update.win32_2.0.0.202105311346/tools/bin/../lib/gcc/arm-none-eabi/9.3.1/../../../../arm-none-eabi/lib/thumb/v8-m.main+fp/hard\libm.a(lib_a-wf_sqrt.o)
                0x000000000800ae14                sqrtf
 .text.__ieee754_sqrtf
                0x000000000800ae60        0x6 c:/st/stm32cubeide_1.8.0/stm32cubeide/plugins/com.st.stm32cube.ide.mcu.externaltools.gnu-tools-for-stm32.9-2020-q2-update.win32_2.0.0.202105311346/tools/bin/../lib/gcc/arm-none-eabi/9.3.1/../../../../arm-none-eabi/lib/thumb/v8-m.main+fp/hard\libm.a(lib_a-ef_sqrt.o)
                0x000000000800ae60                __ieee754_sqrtf
 *fill*         0x000000000800ae66        0x2 
 .text.__errno  0x000000000800ae68        0xc c:/st/stm32cubeide_1.8.0/stm32cubeide/plugins/com.st.stm32cube.ide.mcu.externaltools.gnu-tools-for-stm32.9-2020-q2-update.win32_2.0.0.202105311346/tools/bin/../lib/gcc/arm-none-eabi/9.3.1/../../../../arm-none-eabi/lib/thumb/v8-m.main+fp/hard\libc_nano.a(lib_a-errno.o)
                0x000000000800ae68                __errno
 .text.__libc_init_array
                0x000000000800ae74       0x48 c:/st/stm32cubeide_1.8.0/stm32cubeide/plugins/com.st.stm32cube.ide.mcu.externaltools.gnu-tools-for-stm32.9-2020-q2-update.win32_2.0.0.202105311346/tools/bin/../lib/gcc/arm-none-eabi/9.3.1/../../../../arm-none-eabi/lib/thumb/v8-m.main+fp/hard\libc_nano.a(lib_a-init.o)
                0x000000000800ae74                __libc_init_array
 .text.memset   0x000000000800aebc       0x10 c:/st/stm32cubeide_1.8.0/stm32cubeide/plugins/com.st.stm32cube.ide.mcu.externaltools.gnu-tools-for-stm32.9-2020-q2-update.win32_2.0.0.202105311346/tools/bin/../lib/gcc/arm-none-eabi/9.3.1/../../../../arm-none-eabi/lib/thumb/v8-m.main+fp/hard\libc_nano.a(lib_a-memset.o)
                0x000000000800aebc                memset
 .text.__cvt    0x000000000800aecc       0xc4 c:/st/stm32cubeide_1.8.0/stm32cubeide/plugins/com.st.stm32cube.ide.mcu.externaltools.gnu-tools-for-stm32.9-2020-q2-update.win32_2.0.0.202105311346/tools/bin/../lib/gcc/arm-none-eabi/9.3.1/../../../../arm-none-eabi/lib/thumb/v8-m.main+fp/hard\libc_nano.a(lib_a-nano-vfprintf_float.o)
                0x000000000800aecc                __cvt
 .text.__exponent
                0x000000000800af90       0x7c c:/st/stm32cubeide_1.8.0/stm32cubeide/plugins/com.st.stm32cube.ide.mcu.externaltools.gnu-tools-for-stm32.9-2020-q2-update.win32_2.0.0.202105311346/tools/bin/../lib/gcc/arm-none-eabi/9.3.1/../../../../arm-none-eabi/lib/thumb/v8-m.main+fp/hard\libc_nano.a(lib_a-nano-vfprintf_float.o)
                0x000000000800af90                __exponent
 .text._printf_float
                0x000000000800b00c      0x46c c:/st/stm32cubeide_1.8.0/stm32cubeide/plugins/com.st.stm32cube.ide.mcu.externaltools.gnu-tools-for-stm32.9-2020-q2-update.win32_2.0.0.202105311346/tools/bin/../lib/gcc/arm-none-eabi/9.3.1/../../../../arm-none-eabi/lib/thumb/v8-m.main+fp/hard\libc_nano.a(lib_a-nano-vfprintf_float.o)
                0x000000000800b00c                _printf_float
 .text._printf_common
                0x000000000800b478       0xe0 c:/st/stm32cubeide_1.8.0/stm32cubeide/plugins/com.st.stm32cube.ide.mcu.externaltools.gnu-tools-for-stm32.9-2020-q2-update.win32_2.0.0.202105311346/tools/bin/../lib/gcc/arm-none-eabi/9.3.1/../../../../arm-none-eabi/lib/thumb/v8-m.main+fp/hard\libc_nano.a(lib_a-nano-vfprintf_i.o)
                0x000000000800b478                _printf_common
 .text._printf_i
                0x000000000800b558      0x24c c:/st/stm32cubeide_1.8.0/stm32cubeide/plugins/com.st.stm32cube.ide.mcu.externaltools.gnu-tools-for-stm32.9-2020-q2-update.win32_2.0.0.202105311346/tools/bin/../lib/gcc/arm-none-eabi/9.3.1/../../../../arm-none-eabi/lib/thumb/v8-m.main+fp/hard\libc_nano.a(lib_a-nano-vfprintf_i.o)
                0x000000000800b558                _printf_i
 .text.sprintf  0x000000000800b7a4       0x40 c:/st/stm32cubeide_1.8.0/stm32cubeide/plugins/com.st.stm32cube.ide.mcu.externaltools.gnu-tools-for-stm32.9-2020-q2-update.win32_2.0.0.202105311346/tools/bin/../lib/gcc/arm-none-eabi/9.3.1/../../../../arm-none-eabi/lib/thumb/v8-m.main+fp/hard\libc_nano.a(lib_a-sprintf.o)
                0x000000000800b7a4                siprintf
                0x000000000800b7a4                sprintf
 .text.quorem   0x000000000800b7e4      0x11e c:/st/stm32cubeide_1.8.0/stm32cubeide/plugins/com.st.stm32cube.ide.mcu.externaltools.gnu-tools-for-stm32.9-2020-q2-update.win32_2.0.0.202105311346/tools/bin/../lib/gcc/arm-none-eabi/9.3.1/../../../../arm-none-eabi/lib/thumb/v8-m.main+fp/hard\libc_nano.a(lib_a-dtoa.o)
 *fill*         0x000000000800b902        0x6 
 .text._dtoa_r  0x000000000800b908      0xbd4 c:/st/stm32cubeide_1.8.0/stm32cubeide/plugins/com.st.stm32cube.ide.mcu.externaltools.gnu-tools-for-stm32.9-2020-q2-update.win32_2.0.0.202105311346/tools/bin/../lib/gcc/arm-none-eabi/9.3.1/../../../../arm-none-eabi/lib/thumb/v8-m.main+fp/hard\libc_nano.a(lib_a-dtoa.o)
                0x000000000800b908                _dtoa_r
 .text._localeconv_r
                0x000000000800c4dc        0x8 c:/st/stm32cubeide_1.8.0/stm32cubeide/plugins/com.st.stm32cube.ide.mcu.externaltools.gnu-tools-for-stm32.9-2020-q2-update.win32_2.0.0.202105311346/tools/bin/../lib/gcc/arm-none-eabi/9.3.1/../../../../arm-none-eabi/lib/thumb/v8-m.main+fp/hard\libc_nano.a(lib_a-localeconv.o)
                0x000000000800c4dc                _localeconv_r
 .text.malloc   0x000000000800c4e4       0x10 c:/st/stm32cubeide_1.8.0/stm32cubeide/plugins/com.st.stm32cube.ide.mcu.externaltools.gnu-tools-for-stm32.9-2020-q2-update.win32_2.0.0.202105311346/tools/bin/../lib/gcc/arm-none-eabi/9.3.1/../../../../arm-none-eabi/lib/thumb/v8-m.main+fp/hard\libc_nano.a(lib_a-malloc.o)
                0x000000000800c4e4                malloc
 .text.memchr   0x000000000800c4f4       0x1c c:/st/stm32cubeide_1.8.0/stm32cubeide/plugins/com.st.stm32cube.ide.mcu.externaltools.gnu-tools-for-stm32.9-2020-q2-update.win32_2.0.0.202105311346/tools/bin/../lib/gcc/arm-none-eabi/9.3.1/../../../../arm-none-eabi/lib/thumb/v8-m.main+fp/hard\libc_nano.a(lib_a-memchr-stub.o)
                0x000000000800c4f4                memchr
 .text.memcpy   0x000000000800c510       0x1a c:/st/stm32cubeide_1.8.0/stm32cubeide/plugins/com.st.stm32cube.ide.mcu.externaltools.gnu-tools-for-stm32.9-2020-q2-update.win32_2.0.0.202105311346/tools/bin/../lib/gcc/arm-none-eabi/9.3.1/../../../../arm-none-eabi/lib/thumb/v8-m.main+fp/hard\libc_nano.a(lib_a-memcpy-stub.o)
                0x000000000800c510                memcpy
 *fill*         0x000000000800c52a        0x2 
 .text._Balloc  0x000000000800c52c       0x80 c:/st/stm32cubeide_1.8.0/stm32cubeide/plugins/com.st.stm32cube.ide.mcu.externaltools.gnu-tools-for-stm32.9-2020-q2-update.win32_2.0.0.202105311346/tools/bin/../lib/gcc/arm-none-eabi/9.3.1/../../../../arm-none-eabi/lib/thumb/v8-m.main+fp/hard\libc_nano.a(lib_a-mprec.o)
                0x000000000800c52c                _Balloc
 .text._Bfree   0x000000000800c5ac       0x44 c:/st/stm32cubeide_1.8.0/stm32cubeide/plugins/com.st.stm32cube.ide.mcu.externaltools.gnu-tools-for-stm32.9-2020-q2-update.win32_2.0.0.202105311346/tools/bin/../lib/gcc/arm-none-eabi/9.3.1/../../../../arm-none-eabi/lib/thumb/v8-m.main+fp/hard\libc_nano.a(lib_a-mprec.o)
                0x000000000800c5ac                _Bfree
 .text.__multadd
                0x000000000800c5f0       0x94 c:/st/stm32cubeide_1.8.0/stm32cubeide/plugins/com.st.stm32cube.ide.mcu.externaltools.gnu-tools-for-stm32.9-2020-q2-update.win32_2.0.0.202105311346/tools/bin/../lib/gcc/arm-none-eabi/9.3.1/../../../../arm-none-eabi/lib/thumb/v8-m.main+fp/hard\libc_nano.a(lib_a-mprec.o)
                0x000000000800c5f0                __multadd
 .text.__hi0bits
                0x000000000800c684       0x40 c:/st/stm32cubeide_1.8.0/stm32cubeide/plugins/com.st.stm32cube.ide.mcu.externaltools.gnu-tools-for-stm32.9-2020-q2-update.win32_2.0.0.202105311346/tools/bin/../lib/gcc/arm-none-eabi/9.3.1/../../../../arm-none-eabi/lib/thumb/v8-m.main+fp/hard\libc_nano.a(lib_a-mprec.o)
                0x000000000800c684                __hi0bits
 .text.__lo0bits
                0x000000000800c6c4       0x60 c:/st/stm32cubeide_1.8.0/stm32cubeide/plugins/com.st.stm32cube.ide.mcu.externaltools.gnu-tools-for-stm32.9-2020-q2-update.win32_2.0.0.202105311346/tools/bin/../lib/gcc/arm-none-eabi/9.3.1/../../../../arm-none-eabi/lib/thumb/v8-m.main+fp/hard\libc_nano.a(lib_a-mprec.o)
                0x000000000800c6c4                __lo0bits
 .text.__i2b    0x000000000800c724       0x2c c:/st/stm32cubeide_1.8.0/stm32cubeide/plugins/com.st.stm32cube.ide.mcu.externaltools.gnu-tools-for-stm32.9-2020-q2-update.win32_2.0.0.202105311346/tools/bin/../lib/gcc/arm-none-eabi/9.3.1/../../../../arm-none-eabi/lib/thumb/v8-m.main+fp/hard\libc_nano.a(lib_a-mprec.o)
                0x000000000800c724                __i2b
 .text.__multiply
                0x000000000800c750      0x14c c:/st/stm32cubeide_1.8.0/stm32cubeide/plugins/com.st.stm32cube.ide.mcu.externaltools.gnu-tools-for-stm32.9-2020-q2-update.win32_2.0.0.202105311346/tools/bin/../lib/gcc/arm-none-eabi/9.3.1/../../../../arm-none-eabi/lib/thumb/v8-m.main+fp/hard\libc_nano.a(lib_a-mprec.o)
                0x000000000800c750                __multiply
 .text.__pow5mult
                0x000000000800c89c       0xb4 c:/st/stm32cubeide_1.8.0/stm32cubeide/plugins/com.st.stm32cube.ide.mcu.externaltools.gnu-tools-for-stm32.9-2020-q2-update.win32_2.0.0.202105311346/tools/bin/../lib/gcc/arm-none-eabi/9.3.1/../../../../arm-none-eabi/lib/thumb/v8-m.main+fp/hard\libc_nano.a(lib_a-mprec.o)
                0x000000000800c89c                __pow5mult
 .text.__lshift
                0x000000000800c950       0xd8 c:/st/stm32cubeide_1.8.0/stm32cubeide/plugins/com.st.stm32cube.ide.mcu.externaltools.gnu-tools-for-stm32.9-2020-q2-update.win32_2.0.0.202105311346/tools/bin/../lib/gcc/arm-none-eabi/9.3.1/../../../../arm-none-eabi/lib/thumb/v8-m.main+fp/hard\libc_nano.a(lib_a-mprec.o)
                0x000000000800c950                __lshift
 .text.__mcmp   0x000000000800ca28       0x38 c:/st/stm32cubeide_1.8.0/stm32cubeide/plugins/com.st.stm32cube.ide.mcu.externaltools.gnu-tools-for-stm32.9-2020-q2-update.win32_2.0.0.202105311346/tools/bin/../lib/gcc/arm-none-eabi/9.3.1/../../../../arm-none-eabi/lib/thumb/v8-m.main+fp/hard\libc_nano.a(lib_a-mprec.o)
                0x000000000800ca28                __mcmp
 .text.__mdiff  0x000000000800ca60      0x120 c:/st/stm32cubeide_1.8.0/stm32cubeide/plugins/com.st.stm32cube.ide.mcu.externaltools.gnu-tools-for-stm32.9-2020-q2-update.win32_2.0.0.202105311346/tools/bin/../lib/gcc/arm-none-eabi/9.3.1/../../../../arm-none-eabi/lib/thumb/v8-m.main+fp/hard\libc_nano.a(lib_a-mprec.o)
                0x000000000800ca60                __mdiff
 .text.__d2b    0x000000000800cb80       0xb8 c:/st/stm32cubeide_1.8.0/stm32cubeide/plugins/com.st.stm32cube.ide.mcu.externaltools.gnu-tools-for-stm32.9-2020-q2-update.win32_2.0.0.202105311346/tools/bin/../lib/gcc/arm-none-eabi/9.3.1/../../../../arm-none-eabi/lib/thumb/v8-m.main+fp/hard\libc_nano.a(lib_a-mprec.o)
                0x000000000800cb80                __d2b
 .text._calloc_r
                0x000000000800cc38       0x1e c:/st/stm32cubeide_1.8.0/stm32cubeide/plugins/com.st.stm32cube.ide.mcu.externaltools.gnu-tools-for-stm32.9-2020-q2-update.win32_2.0.0.202105311346/tools/bin/../lib/gcc/arm-none-eabi/9.3.1/../../../../arm-none-eabi/lib/thumb/v8-m.main+fp/hard\libc_nano.a(lib_a-nano-callocr.o)
                0x000000000800cc38                _calloc_r
 *fill*         0x000000000800cc56        0x2 
 .text._free_r  0x000000000800cc58       0xa0 c:/st/stm32cubeide_1.8.0/stm32cubeide/plugins/com.st.stm32cube.ide.mcu.externaltools.gnu-tools-for-stm32.9-2020-q2-update.win32_2.0.0.202105311346/tools/bin/../lib/gcc/arm-none-eabi/9.3.1/../../../../arm-none-eabi/lib/thumb/v8-m.main+fp/hard\libc_nano.a(lib_a-nano-freer.o)
                0x000000000800cc58                _free_r
 .text._malloc_r
                0x000000000800ccf8       0xb4 c:/st/stm32cubeide_1.8.0/stm32cubeide/plugins/com.st.stm32cube.ide.mcu.externaltools.gnu-tools-for-stm32.9-2020-q2-update.win32_2.0.0.202105311346/tools/bin/../lib/gcc/arm-none-eabi/9.3.1/../../../../arm-none-eabi/lib/thumb/v8-m.main+fp/hard\libc_nano.a(lib_a-nano-mallocr.o)
                0x000000000800ccf8                _malloc_r
 .text.__ssputs_r
                0x000000000800cdac       0xb6 c:/st/stm32cubeide_1.8.0/stm32cubeide/plugins/com.st.stm32cube.ide.mcu.externaltools.gnu-tools-for-stm32.9-2020-q2-update.win32_2.0.0.202105311346/tools/bin/../lib/gcc/arm-none-eabi/9.3.1/../../../../arm-none-eabi/lib/thumb/v8-m.main+fp/hard\libc_nano.a(lib_a-nano-svfprintf.o)
                0x000000000800cdac                __ssputs_r
 *fill*         0x000000000800ce62        0x2 
 .text._svfprintf_r
                0x000000000800ce64      0x200 c:/st/stm32cubeide_1.8.0/stm32cubeide/plugins/com.st.stm32cube.ide.mcu.externaltools.gnu-tools-for-stm32.9-2020-q2-update.win32_2.0.0.202105311346/tools/bin/../lib/gcc/arm-none-eabi/9.3.1/../../../../arm-none-eabi/lib/thumb/v8-m.main+fp/hard\libc_nano.a(lib_a-nano-svfprintf.o)
                0x000000000800ce64                _svfiprintf_r
                0x000000000800ce64                _svfprintf_r
 .text._sbrk_r  0x000000000800d064       0x20 c:/st/stm32cubeide_1.8.0/stm32cubeide/plugins/com.st.stm32cube.ide.mcu.externaltools.gnu-tools-for-stm32.9-2020-q2-update.win32_2.0.0.202105311346/tools/bin/../lib/gcc/arm-none-eabi/9.3.1/../../../../arm-none-eabi/lib/thumb/v8-m.main+fp/hard\libc_nano.a(lib_a-sbrkr.o)
                0x000000000800d064                _sbrk_r
 .text.__assert_func
                0x000000000800d084       0x3c c:/st/stm32cubeide_1.8.0/stm32cubeide/plugins/com.st.stm32cube.ide.mcu.externaltools.gnu-tools-for-stm32.9-2020-q2-update.win32_2.0.0.202105311346/tools/bin/../lib/gcc/arm-none-eabi/9.3.1/../../../../arm-none-eabi/lib/thumb/v8-m.main+fp/hard\libc_nano.a(lib_a-assert.o)
                0x000000000800d084                __assert_func
 .text.fprintf  0x000000000800d0c0       0x24 c:/st/stm32cubeide_1.8.0/stm32cubeide/plugins/com.st.stm32cube.ide.mcu.externaltools.gnu-tools-for-stm32.9-2020-q2-update.win32_2.0.0.202105311346/tools/bin/../lib/gcc/arm-none-eabi/9.3.1/../../../../arm-none-eabi/lib/thumb/v8-m.main+fp/hard\libc_nano.a(lib_a-fprintf.o)
                0x000000000800d0c0                fiprintf
                0x000000000800d0c0                fprintf
 .text.__ascii_mbtowc
                0x000000000800d0e4       0x24 c:/st/stm32cubeide_1.8.0/stm32cubeide/plugins/com.st.stm32cube.ide.mcu.externaltools.gnu-tools-for-stm32.9-2020-q2-update.win32_2.0.0.202105311346/tools/bin/../lib/gcc/arm-none-eabi/9.3.1/../../../../arm-none-eabi/lib/thumb/v8-m.main+fp/hard\libc_nano.a(lib_a-mbtowc_r.o)
                0x000000000800d0e4                __ascii_mbtowc
 .text.memmove  0x000000000800d108       0x34 c:/st/stm32cubeide_1.8.0/stm32cubeide/plugins/com.st.stm32cube.ide.mcu.externaltools.gnu-tools-for-stm32.9-2020-q2-update.win32_2.0.0.202105311346/tools/bin/../lib/gcc/arm-none-eabi/9.3.1/../../../../arm-none-eabi/lib/thumb/v8-m.main+fp/hard\libc_nano.a(lib_a-memmove.o)
                0x000000000800d108                memmove
 .text.__malloc_lock
                0x000000000800d13c        0xc c:/st/stm32cubeide_1.8.0/stm32cubeide/plugins/com.st.stm32cube.ide.mcu.externaltools.gnu-tools-for-stm32.9-2020-q2-update.win32_2.0.0.202105311346/tools/bin/../lib/gcc/arm-none-eabi/9.3.1/../../../../arm-none-eabi/lib/thumb/v8-m.main+fp/hard\libc_nano.a(lib_a-mlock.o)
                0x000000000800d13c                __malloc_lock
 .text.__malloc_unlock
                0x000000000800d148        0xc c:/st/stm32cubeide_1.8.0/stm32cubeide/plugins/com.st.stm32cube.ide.mcu.externaltools.gnu-tools-for-stm32.9-2020-q2-update.win32_2.0.0.202105311346/tools/bin/../lib/gcc/arm-none-eabi/9.3.1/../../../../arm-none-eabi/lib/thumb/v8-m.main+fp/hard\libc_nano.a(lib_a-mlock.o)
                0x000000000800d148                __malloc_unlock
 .text._realloc_r
                0x000000000800d154       0x4c c:/st/stm32cubeide_1.8.0/stm32cubeide/plugins/com.st.stm32cube.ide.mcu.externaltools.gnu-tools-for-stm32.9-2020-q2-update.win32_2.0.0.202105311346/tools/bin/../lib/gcc/arm-none-eabi/9.3.1/../../../../arm-none-eabi/lib/thumb/v8-m.main+fp/hard\libc_nano.a(lib_a-nano-reallocr.o)
                0x000000000800d154                _realloc_r
 .text.__sfputc_r
                0x000000000800d1a0       0x2e c:/st/stm32cubeide_1.8.0/stm32cubeide/plugins/com.st.stm32cube.ide.mcu.externaltools.gnu-tools-for-stm32.9-2020-q2-update.win32_2.0.0.202105311346/tools/bin/../lib/gcc/arm-none-eabi/9.3.1/../../../../arm-none-eabi/lib/thumb/v8-m.main+fp/hard\libc_nano.a(lib_a-nano-vfprintf.o)
 .text.__sfputs_r
                0x000000000800d1ce       0x24 c:/st/stm32cubeide_1.8.0/stm32cubeide/plugins/com.st.stm32cube.ide.mcu.externaltools.gnu-tools-for-stm32.9-2020-q2-update.win32_2.0.0.202105311346/tools/bin/../lib/gcc/arm-none-eabi/9.3.1/../../../../arm-none-eabi/lib/thumb/v8-m.main+fp/hard\libc_nano.a(lib_a-nano-vfprintf.o)
                0x000000000800d1ce                __sfputs_r
 *fill*         0x000000000800d1f2        0x2 
 .text._vfprintf_r
                0x000000000800d1f4      0x260 c:/st/stm32cubeide_1.8.0/stm32cubeide/plugins/com.st.stm32cube.ide.mcu.externaltools.gnu-tools-for-stm32.9-2020-q2-update.win32_2.0.0.202105311346/tools/bin/../lib/gcc/arm-none-eabi/9.3.1/../../../../arm-none-eabi/lib/thumb/v8-m.main+fp/hard\libc_nano.a(lib_a-nano-vfprintf.o)
                0x000000000800d1f4                _vfprintf_r
                0x000000000800d1f4                _vfiprintf_r
 .text.__swbuf_r
                0x000000000800d454       0xa4 c:/st/stm32cubeide_1.8.0/stm32cubeide/plugins/com.st.stm32cube.ide.mcu.externaltools.gnu-tools-for-stm32.9-2020-q2-update.win32_2.0.0.202105311346/tools/bin/../lib/gcc/arm-none-eabi/9.3.1/../../../../arm-none-eabi/lib/thumb/v8-m.main+fp/hard\libc_nano.a(lib_a-wbuf.o)
                0x000000000800d454                __swbuf_r
 .text.__ascii_wctomb
                0x000000000800d4f8       0x1a c:/st/stm32cubeide_1.8.0/stm32cubeide/plugins/com.st.stm32cube.ide.mcu.externaltools.gnu-tools-for-stm32.9-2020-q2-update.win32_2.0.0.202105311346/tools/bin/../lib/gcc/arm-none-eabi/9.3.1/../../../../arm-none-eabi/lib/thumb/v8-m.main+fp/hard\libc_nano.a(lib_a-wctomb_r.o)
                0x000000000800d4f8                __ascii_wctomb
 *fill*         0x000000000800d512        0x2 
 .text.__swsetup_r
                0x000000000800d514       0xdc c:/st/stm32cubeide_1.8.0/stm32cubeide/plugins/com.st.stm32cube.ide.mcu.externaltools.gnu-tools-for-stm32.9-2020-q2-update.win32_2.0.0.202105311346/tools/bin/../lib/gcc/arm-none-eabi/9.3.1/../../../../arm-none-eabi/lib/thumb/v8-m.main+fp/hard\libc_nano.a(lib_a-wsetup.o)
                0x000000000800d514                __swsetup_r
 .text.abort    0x000000000800d5f0        0xe c:/st/stm32cubeide_1.8.0/stm32cubeide/plugins/com.st.stm32cube.ide.mcu.externaltools.gnu-tools-for-stm32.9-2020-q2-update.win32_2.0.0.202105311346/tools/bin/../lib/gcc/arm-none-eabi/9.3.1/../../../../arm-none-eabi/lib/thumb/v8-m.main+fp/hard\libc_nano.a(lib_a-abort.o)
                0x000000000800d5f0                abort
 *fill*         0x000000000800d5fe        0x2 
 .text.__sflush_r
                0x000000000800d600      0x108 c:/st/stm32cubeide_1.8.0/stm32cubeide/plugins/com.st.stm32cube.ide.mcu.externaltools.gnu-tools-for-stm32.9-2020-q2-update.win32_2.0.0.202105311346/tools/bin/../lib/gcc/arm-none-eabi/9.3.1/../../../../arm-none-eabi/lib/thumb/v8-m.main+fp/hard\libc_nano.a(lib_a-fflush.o)
                0x000000000800d600                __sflush_r
 .text._fflush_r
                0x000000000800d708       0x78 c:/st/stm32cubeide_1.8.0/stm32cubeide/plugins/com.st.stm32cube.ide.mcu.externaltools.gnu-tools-for-stm32.9-2020-q2-update.win32_2.0.0.202105311346/tools/bin/../lib/gcc/arm-none-eabi/9.3.1/../../../../arm-none-eabi/lib/thumb/v8-m.main+fp/hard\libc_nano.a(lib_a-fflush.o)
                0x000000000800d708                _fflush_r
 .text.std      0x000000000800d780       0x48 c:/st/stm32cubeide_1.8.0/stm32cubeide/plugins/com.st.stm32cube.ide.mcu.externaltools.gnu-tools-for-stm32.9-2020-q2-update.win32_2.0.0.202105311346/tools/bin/../lib/gcc/arm-none-eabi/9.3.1/../../../../arm-none-eabi/lib/thumb/v8-m.main+fp/hard\libc_nano.a(lib_a-findfp.o)
 .text._cleanup_r
                0x000000000800d7c8        0xc c:/st/stm32cubeide_1.8.0/stm32cubeide/plugins/com.st.stm32cube.ide.mcu.externaltools.gnu-tools-for-stm32.9-2020-q2-update.win32_2.0.0.202105311346/tools/bin/../lib/gcc/arm-none-eabi/9.3.1/../../../../arm-none-eabi/lib/thumb/v8-m.main+fp/hard\libc_nano.a(lib_a-findfp.o)
                0x000000000800d7c8                _cleanup_r
 .text.__sfmoreglue
                0x000000000800d7d4       0x2c c:/st/stm32cubeide_1.8.0/stm32cubeide/plugins/com.st.stm32cube.ide.mcu.externaltools.gnu-tools-for-stm32.9-2020-q2-update.win32_2.0.0.202105311346/tools/bin/../lib/gcc/arm-none-eabi/9.3.1/../../../../arm-none-eabi/lib/thumb/v8-m.main+fp/hard\libc_nano.a(lib_a-findfp.o)
                0x000000000800d7d4                __sfmoreglue
 .text.__sfp_lock_acquire
                0x000000000800d800        0xc c:/st/stm32cubeide_1.8.0/stm32cubeide/plugins/com.st.stm32cube.ide.mcu.externaltools.gnu-tools-for-stm32.9-2020-q2-update.win32_2.0.0.202105311346/tools/bin/../lib/gcc/arm-none-eabi/9.3.1/../../../../arm-none-eabi/lib/thumb/v8-m.main+fp/hard\libc_nano.a(lib_a-findfp.o)
                0x000000000800d800                __sfp_lock_acquire
 .text.__sfp_lock_release
                0x000000000800d80c        0xc c:/st/stm32cubeide_1.8.0/stm32cubeide/plugins/com.st.stm32cube.ide.mcu.externaltools.gnu-tools-for-stm32.9-2020-q2-update.win32_2.0.0.202105311346/tools/bin/../lib/gcc/arm-none-eabi/9.3.1/../../../../arm-none-eabi/lib/thumb/v8-m.main+fp/hard\libc_nano.a(lib_a-findfp.o)
                0x000000000800d80c                __sfp_lock_release
 .text.__sinit_lock_acquire
                0x000000000800d818        0xc c:/st/stm32cubeide_1.8.0/stm32cubeide/plugins/com.st.stm32cube.ide.mcu.externaltools.gnu-tools-for-stm32.9-2020-q2-update.win32_2.0.0.202105311346/tools/bin/../lib/gcc/arm-none-eabi/9.3.1/../../../../arm-none-eabi/lib/thumb/v8-m.main+fp/hard\libc_nano.a(lib_a-findfp.o)
                0x000000000800d818                __sinit_lock_acquire
 .text.__sinit_lock_release
                0x000000000800d824        0xc c:/st/stm32cubeide_1.8.0/stm32cubeide/plugins/com.st.stm32cube.ide.mcu.externaltools.gnu-tools-for-stm32.9-2020-q2-update.win32_2.0.0.202105311346/tools/bin/../lib/gcc/arm-none-eabi/9.3.1/../../../../arm-none-eabi/lib/thumb/v8-m.main+fp/hard\libc_nano.a(lib_a-findfp.o)
                0x000000000800d824                __sinit_lock_release
 .text.__sinit  0x000000000800d830       0x70 c:/st/stm32cubeide_1.8.0/stm32cubeide/plugins/com.st.stm32cube.ide.mcu.externaltools.gnu-tools-for-stm32.9-2020-q2-update.win32_2.0.0.202105311346/tools/bin/../lib/gcc/arm-none-eabi/9.3.1/../../../../arm-none-eabi/lib/thumb/v8-m.main+fp/hard\libc_nano.a(lib_a-findfp.o)
                0x000000000800d830                __sinit
 .text.__sfp    0x000000000800d8a0       0x8c c:/st/stm32cubeide_1.8.0/stm32cubeide/plugins/com.st.stm32cube.ide.mcu.externaltools.gnu-tools-for-stm32.9-2020-q2-update.win32_2.0.0.202105311346/tools/bin/../lib/gcc/arm-none-eabi/9.3.1/../../../../arm-none-eabi/lib/thumb/v8-m.main+fp/hard\libc_nano.a(lib_a-findfp.o)
                0x000000000800d8a0                __sfp
 .text._fwalk_reent
                0x000000000800d92c       0x3e c:/st/stm32cubeide_1.8.0/stm32cubeide/plugins/com.st.stm32cube.ide.mcu.externaltools.gnu-tools-for-stm32.9-2020-q2-update.win32_2.0.0.202105311346/tools/bin/../lib/gcc/arm-none-eabi/9.3.1/../../../../arm-none-eabi/lib/thumb/v8-m.main+fp/hard\libc_nano.a(lib_a-fwalk.o)
                0x000000000800d92c                _fwalk_reent
 .text.__retarget_lock_init_recursive
                0x000000000800d96a        0x2 c:/st/stm32cubeide_1.8.0/stm32cubeide/plugins/com.st.stm32cube.ide.mcu.externaltools.gnu-tools-for-stm32.9-2020-q2-update.win32_2.0.0.202105311346/tools/bin/../lib/gcc/arm-none-eabi/9.3.1/../../../../arm-none-eabi/lib/thumb/v8-m.main+fp/hard\libc_nano.a(lib_a-lock.o)
                0x000000000800d96a                __retarget_lock_init_recursive
 .text.__retarget_lock_acquire_recursive
                0x000000000800d96c        0x2 c:/st/stm32cubeide_1.8.0/stm32cubeide/plugins/com.st.stm32cube.ide.mcu.externaltools.gnu-tools-for-stm32.9-2020-q2-update.win32_2.0.0.202105311346/tools/bin/../lib/gcc/arm-none-eabi/9.3.1/../../../../arm-none-eabi/lib/thumb/v8-m.main+fp/hard\libc_nano.a(lib_a-lock.o)
                0x000000000800d96c                __retarget_lock_acquire_recursive
 .text.__retarget_lock_release_recursive
                0x000000000800d96e        0x2 c:/st/stm32cubeide_1.8.0/stm32cubeide/plugins/com.st.stm32cube.ide.mcu.externaltools.gnu-tools-for-stm32.9-2020-q2-update.win32_2.0.0.202105311346/tools/bin/../lib/gcc/arm-none-eabi/9.3.1/../../../../arm-none-eabi/lib/thumb/v8-m.main+fp/hard\libc_nano.a(lib_a-lock.o)
                0x000000000800d96e                __retarget_lock_release_recursive
 .text.__swhatbuf_r
                0x000000000800d970       0x48 c:/st/stm32cubeide_1.8.0/stm32cubeide/plugins/com.st.stm32cube.ide.mcu.externaltools.gnu-tools-for-stm32.9-2020-q2-update.win32_2.0.0.202105311346/tools/bin/../lib/gcc/arm-none-eabi/9.3.1/../../../../arm-none-eabi/lib/thumb/v8-m.main+fp/hard\libc_nano.a(lib_a-makebuf.o)
                0x000000000800d970                __swhatbuf_r
 .text.__smakebuf_r
                0x000000000800d9b8       0x80 c:/st/stm32cubeide_1.8.0/stm32cubeide/plugins/com.st.stm32cube.ide.mcu.externaltools.gnu-tools-for-stm32.9-2020-q2-update.win32_2.0.0.202105311346/tools/bin/../lib/gcc/arm-none-eabi/9.3.1/../../../../arm-none-eabi/lib/thumb/v8-m.main+fp/hard\libc_nano.a(lib_a-makebuf.o)
                0x000000000800d9b8                __smakebuf_r
 .text._malloc_usable_size_r
                0x000000000800da38       0x10 c:/st/stm32cubeide_1.8.0/stm32cubeide/plugins/com.st.stm32cube.ide.mcu.externaltools.gnu-tools-for-stm32.9-2020-q2-update.win32_2.0.0.202105311346/tools/bin/../lib/gcc/arm-none-eabi/9.3.1/../../../../arm-none-eabi/lib/thumb/v8-m.main+fp/hard\libc_nano.a(lib_a-nano-msizer.o)
                0x000000000800da38                _malloc_usable_size_r
 .text._raise_r
                0x000000000800da48       0x50 c:/st/stm32cubeide_1.8.0/stm32cubeide/plugins/com.st.stm32cube.ide.mcu.externaltools.gnu-tools-for-stm32.9-2020-q2-update.win32_2.0.0.202105311346/tools/bin/../lib/gcc/arm-none-eabi/9.3.1/../../../../arm-none-eabi/lib/thumb/v8-m.main+fp/hard\libc_nano.a(lib_a-signal.o)
                0x000000000800da48                _raise_r
 .text.raise    0x000000000800da98       0x10 c:/st/stm32cubeide_1.8.0/stm32cubeide/plugins/com.st.stm32cube.ide.mcu.externaltools.gnu-tools-for-stm32.9-2020-q2-update.win32_2.0.0.202105311346/tools/bin/../lib/gcc/arm-none-eabi/9.3.1/../../../../arm-none-eabi/lib/thumb/v8-m.main+fp/hard\libc_nano.a(lib_a-signal.o)
                0x000000000800da98                raise
 .text._kill_r  0x000000000800daa8       0x24 c:/st/stm32cubeide_1.8.0/stm32cubeide/plugins/com.st.stm32cube.ide.mcu.externaltools.gnu-tools-for-stm32.9-2020-q2-update.win32_2.0.0.202105311346/tools/bin/../lib/gcc/arm-none-eabi/9.3.1/../../../../arm-none-eabi/lib/thumb/v8-m.main+fp/hard\libc_nano.a(lib_a-signalr.o)
                0x000000000800daa8                _kill_r
 .text._getpid_r
                0x000000000800dacc        0x4 c:/st/stm32cubeide_1.8.0/stm32cubeide/plugins/com.st.stm32cube.ide.mcu.externaltools.gnu-tools-for-stm32.9-2020-q2-update.win32_2.0.0.202105311346/tools/bin/../lib/gcc/arm-none-eabi/9.3.1/../../../../arm-none-eabi/lib/thumb/v8-m.main+fp/hard\libc_nano.a(lib_a-signalr.o)
                0x000000000800dacc                _getpid_r
 .text.__sread  0x000000000800dad0       0x22 c:/st/stm32cubeide_1.8.0/stm32cubeide/plugins/com.st.stm32cube.ide.mcu.externaltools.gnu-tools-for-stm32.9-2020-q2-update.win32_2.0.0.202105311346/tools/bin/../lib/gcc/arm-none-eabi/9.3.1/../../../../arm-none-eabi/lib/thumb/v8-m.main+fp/hard\libc_nano.a(lib_a-stdio.o)
                0x000000000800dad0                __sread
 .text.__swrite
                0x000000000800daf2       0x38 c:/st/stm32cubeide_1.8.0/stm32cubeide/plugins/com.st.stm32cube.ide.mcu.externaltools.gnu-tools-for-stm32.9-2020-q2-update.win32_2.0.0.202105311346/tools/bin/../lib/gcc/arm-none-eabi/9.3.1/../../../../arm-none-eabi/lib/thumb/v8-m.main+fp/hard\libc_nano.a(lib_a-stdio.o)
                0x000000000800daf2                __swrite
 .text.__sseek  0x000000000800db2a       0x24 c:/st/stm32cubeide_1.8.0/stm32cubeide/plugins/com.st.stm32cube.ide.mcu.externaltools.gnu-tools-for-stm32.9-2020-q2-update.win32_2.0.0.202105311346/tools/bin/../lib/gcc/arm-none-eabi/9.3.1/../../../../arm-none-eabi/lib/thumb/v8-m.main+fp/hard\libc_nano.a(lib_a-stdio.o)
                0x000000000800db2a                __sseek
 .text.__sclose
                0x000000000800db4e        0x8 c:/st/stm32cubeide_1.8.0/stm32cubeide/plugins/com.st.stm32cube.ide.mcu.externaltools.gnu-tools-for-stm32.9-2020-q2-update.win32_2.0.0.202105311346/tools/bin/../lib/gcc/arm-none-eabi/9.3.1/../../../../arm-none-eabi/lib/thumb/v8-m.main+fp/hard\libc_nano.a(lib_a-stdio.o)
                0x000000000800db4e                __sclose
 *fill*         0x000000000800db56        0x2 
 .text._write_r
                0x000000000800db58       0x24 c:/st/stm32cubeide_1.8.0/stm32cubeide/plugins/com.st.stm32cube.ide.mcu.externaltools.gnu-tools-for-stm32.9-2020-q2-update.win32_2.0.0.202105311346/tools/bin/../lib/gcc/arm-none-eabi/9.3.1/../../../../arm-none-eabi/lib/thumb/v8-m.main+fp/hard\libc_nano.a(lib_a-writer.o)
                0x000000000800db58                _write_r
 .text._close_r
                0x000000000800db7c       0x20 c:/st/stm32cubeide_1.8.0/stm32cubeide/plugins/com.st.stm32cube.ide.mcu.externaltools.gnu-tools-for-stm32.9-2020-q2-update.win32_2.0.0.202105311346/tools/bin/../lib/gcc/arm-none-eabi/9.3.1/../../../../arm-none-eabi/lib/thumb/v8-m.main+fp/hard\libc_nano.a(lib_a-closer.o)
                0x000000000800db7c                _close_r
 .text._fstat_r
                0x000000000800db9c       0x24 c:/st/stm32cubeide_1.8.0/stm32cubeide/plugins/com.st.stm32cube.ide.mcu.externaltools.gnu-tools-for-stm32.9-2020-q2-update.win32_2.0.0.202105311346/tools/bin/../lib/gcc/arm-none-eabi/9.3.1/../../../../arm-none-eabi/lib/thumb/v8-m.main+fp/hard\libc_nano.a(lib_a-fstatr.o)
                0x000000000800db9c                _fstat_r
 .text._isatty_r
                0x000000000800dbc0       0x20 c:/st/stm32cubeide_1.8.0/stm32cubeide/plugins/com.st.stm32cube.ide.mcu.externaltools.gnu-tools-for-stm32.9-2020-q2-update.win32_2.0.0.202105311346/tools/bin/../lib/gcc/arm-none-eabi/9.3.1/../../../../arm-none-eabi/lib/thumb/v8-m.main+fp/hard\libc_nano.a(lib_a-isattyr.o)
                0x000000000800dbc0                _isatty_r
 .text._lseek_r
                0x000000000800dbe0       0x24 c:/st/stm32cubeide_1.8.0/stm32cubeide/plugins/com.st.stm32cube.ide.mcu.externaltools.gnu-tools-for-stm32.9-2020-q2-update.win32_2.0.0.202105311346/tools/bin/../lib/gcc/arm-none-eabi/9.3.1/../../../../arm-none-eabi/lib/thumb/v8-m.main+fp/hard\libc_nano.a(lib_a-lseekr.o)
                0x000000000800dbe0                _lseek_r
 .text._read_r  0x000000000800dc04       0x24 c:/st/stm32cubeide_1.8.0/stm32cubeide/plugins/com.st.stm32cube.ide.mcu.externaltools.gnu-tools-for-stm32.9-2020-q2-update.win32_2.0.0.202105311346/tools/bin/../lib/gcc/arm-none-eabi/9.3.1/../../../../arm-none-eabi/lib/thumb/v8-m.main+fp/hard\libc_nano.a(lib_a-readr.o)
                0x000000000800dc04                _read_r
 *(.glue_7)
 .glue_7        0x000000000800dc28        0x0 linker stubs
 *(.glue_7t)
 .glue_7t       0x000000000800dc28        0x0 linker stubs
 *(.eh_frame)
 .eh_frame      0x000000000800dc28        0x0 c:/st/stm32cubeide_1.8.0/stm32cubeide/plugins/com.st.stm32cube.ide.mcu.externaltools.gnu-tools-for-stm32.9-2020-q2-update.win32_2.0.0.202105311346/tools/bin/../lib/gcc/arm-none-eabi/9.3.1/thumb/v8-m.main+fp/hard/crtbegin.o
 *(.init)
 .init          0x000000000800dc28        0x4 c:/st/stm32cubeide_1.8.0/stm32cubeide/plugins/com.st.stm32cube.ide.mcu.externaltools.gnu-tools-for-stm32.9-2020-q2-update.win32_2.0.0.202105311346/tools/bin/../lib/gcc/arm-none-eabi/9.3.1/thumb/v8-m.main+fp/hard/crti.o
                0x000000000800dc28                _init
 .init          0x000000000800dc2c        0x8 c:/st/stm32cubeide_1.8.0/stm32cubeide/plugins/com.st.stm32cube.ide.mcu.externaltools.gnu-tools-for-stm32.9-2020-q2-update.win32_2.0.0.202105311346/tools/bin/../lib/gcc/arm-none-eabi/9.3.1/thumb/v8-m.main+fp/hard/crtn.o
 *(.fini)
 .fini          0x000000000800dc34        0x4 c:/st/stm32cubeide_1.8.0/stm32cubeide/plugins/com.st.stm32cube.ide.mcu.externaltools.gnu-tools-for-stm32.9-2020-q2-update.win32_2.0.0.202105311346/tools/bin/../lib/gcc/arm-none-eabi/9.3.1/thumb/v8-m.main+fp/hard/crti.o
                0x000000000800dc34                _fini
 .fini          0x000000000800dc38        0x8 c:/st/stm32cubeide_1.8.0/stm32cubeide/plugins/com.st.stm32cube.ide.mcu.externaltools.gnu-tools-for-stm32.9-2020-q2-update.win32_2.0.0.202105311346/tools/bin/../lib/gcc/arm-none-eabi/9.3.1/thumb/v8-m.main+fp/hard/crtn.o
                0x000000000800dc40                . = ALIGN (0x4)
                0x000000000800dc40                _etext = .

.vfp11_veneer   0x000000000800dc40        0x0
 .vfp11_veneer  0x000000000800dc40        0x0 linker stubs

.v4_bx          0x000000000800dc40        0x0
 .v4_bx         0x000000000800dc40        0x0 linker stubs

.iplt           0x000000000800dc40        0x0
 .iplt          0x000000000800dc40        0x0 c:/st/stm32cubeide_1.8.0/stm32cubeide/plugins/com.st.stm32cube.ide.mcu.externaltools.gnu-tools-for-stm32.9-2020-q2-update.win32_2.0.0.202105311346/tools/bin/../lib/gcc/arm-none-eabi/9.3.1/thumb/v8-m.main+fp/hard/crtbegin.o

.rodata         0x000000000800dc40    0x1359c
                0x000000000800dc40                . = ALIGN (0x4)
 *(.rodata)
 .rodata        0x000000000800dc40      0x14f ./Core/Src/main.o
 *(.rodata*)
 *fill*         0x000000000800dd8f        0x1 
 .rodata.AHBPrescTable
                0x000000000800dd90       0x10 ./Core/Src/system_stm32l5xx.o
                0x000000000800dd90                AHBPrescTable
 .rodata.APBPrescTable