Archive member included to satisfy reference by file (symbol)

../Drivers/CMSIS/Lib/GCC\libarm_ARMv8MMLldfsp_math.a(arm_rfft_fast_init_f32.o)
                              ./Core/Src/main.o (arm_rfft_fast_init_f32)
../Drivers/CMSIS/Lib/GCC\libarm_ARMv8MMLldfsp_math.a(arm_rfft_fast_f32.o)
                              ./Core/Src/main.o (arm_rfft_fast_f32)
../Drivers/CMSIS/Lib/GCC\libarm_ARMv8MMLldfsp_math.a(arm_cfft_f32.o)
                              ../Drivers/CMSIS/Lib/GCC\libarm_ARMv8MMLldfsp_math.a(arm_rfft_fast_f32.o) (arm_cfft_f32)
../Drivers/CMSIS/Lib/GCC\libarm_ARMv8MMLldfsp_math.a(arm_bitreversal2.o)
                              ../Drivers/CMSIS/Lib/GCC\libarm_ARMv8MMLldfsp_math.a(arm_cfft_f32.o) (arm_bitreversal_32)
../Drivers/CMSIS/Lib/GCC\libarm_ARMv8MMLldfsp_math.a(arm_cmplx_mag_f32.o)
                              ./Core/Src/main.o (arm_cmplx_mag_f32)
../Drivers/CMSIS/Lib/GCC\libarm_ARMv8MMLldfsp_math.a(arm_common_tables.o)
                              ../Drivers/CMSIS/Lib/GCC\libarm_ARMv8MMLldfsp_math.a(arm_rfft_fast_init_f32.o) (twiddleCoef_rfft_4096)
../Drivers/CMSIS/Lib/GCC\libarm_ARMv8MMLldfsp_math.a(arm_cfft_radix8_f32.o)
                              ../Drivers/CMSIS/Lib/GCC\libarm_ARMv8MMLldfsp_math.a(arm_cfft_f32.o) (arm_radix8_butterfly_f32)
c:/st/stm32cubeide_1.8.0/stm32cubeide/plugins/com.st.stm32cube.ide.mcu.externaltools.gnu-tools-for-stm32.9-2020-q2-update.win32_2.0.0.202105311346/tools/bin/../lib/gcc/arm-none-eabi/9.3.1/../../../../arm-none-eabi/lib/thumb/v8-m.main+fp/hard\libm.a(lib_a-s_fmin.o)
                              ./Core/Src/main.o (fmin)
c:/st/stm32cubeide_1.8.0/stm32cubeide/plugins/com.st.stm32cube.ide.mcu.externaltools.gnu-tools-for-stm32.9-2020-q2-update.win32_2.0.0.202105311346/tools/bin/../lib/gcc/arm-none-eabi/9.3.1/../../../../arm-none-eabi/lib/thumb/v8-m.main+fp/hard\libm.a(lib_a-s_fpclassify.o)
                              c:/st/stm32cubeide_1.8.0/stm32cubeide/plugins/com.st.stm32cube.ide.mcu.externaltools.gnu-tools-for-stm32.9-2020-q2-update.win32_2.0.0.202105311346/tools/bin/../lib/gcc/arm-none-eabi/9.3.1/../../../../arm-none-eabi/lib/thumb/v8-m.main+fp/hard\libm.a(lib_a-s_fmin.o) (__fpclassifyd)
c:/st/stm32cubeide_1.8.0/stm32cubeide/plugins/com.st.stm32cube.ide.mcu.externaltools.gnu-tools-for-stm32.9-2020-q2-update.win32_2.0.0.202105311346/tools/bin/../lib/gcc/arm-none-eabi/9.3.1/../../../../arm-none-eabi/lib/thumb/v8-m.main+fp/hard\libm.a(lib_a-w_sqrt.o)
                              ./Core/Src/main.o (sqrt)
c:/st/stm32cubeide_1.8.0/stm32cubeide/plugins/com.st.stm32cube.ide.mcu.externaltools.gnu-tools-for-stm32.9-2020-q2-update.win32_2.0.0.202105311346/tools/bin/../lib/gcc/arm-none-eabi/9.3.1/../../../../arm-none-eabi/lib/thumb/v8-m.main+fp/hard\libm.a(lib_a-wf_sqrt.o)
                              ../Drivers/CMSIS/Lib/GCC\libarm_ARMv8MMLldfsp_math.a(arm_cmplx_mag_f32.o) (sqrtf)
c:/st/stm32cubeide_1.8.0/stm32cubeide/plugins/com.st.stm32cube.ide.mcu.externaltools.gnu-tools-for-stm32.9-2020-q2-update.win32_2.0.0.202105311346/tools/bin/../lib/gcc/arm-none-eabi/9.3.1/../../../../arm-none-eabi/lib/thumb/v8-m.main+fp/hard\libm.a(lib_a-e_sqrt.o)
                              c:/st/stm32cubeide_1.8.0/stm32cubeide/plugins/com.st.stm32cube.ide.mcu.externaltools.gnu-tools-for-stm32.9-2020-q2-update.win32_2.0.0.202105311346/tools/bin/../lib/gcc/arm-none-eabi/9.3.1/../../../../arm-none-eabi/lib/thumb/v8-m.main+fp/hard\libm.a(lib_a-w_sqrt.o) (__ieee754_sqrt)
c:/st/stm32cubeide_1.8.0/stm32cubeide/plugins/com.st.stm32cube.ide.mcu.externaltools.gnu-tools-for-stm32.9-2020-q2-update.win32_2.0.0.202105311346/tools/bin/../lib/gcc/arm-none-eabi/9.3.1/../../../../arm-none-eabi/lib/thumb/v8-m.main+fp/hard\libm.a(lib_a-ef_sqrt.o)
                              c:/st/stm32cubeide_1.8.0/stm32cubeide/plugins/com.st.stm32cube.ide.mcu.externaltools.gnu-tools-for-stm32.9-2020-q2-update.win32_2.0.0.202105311346/tools/bin/../lib/gcc/arm-none-eabi/9.3.1/../../../../arm-none-eabi/lib/thumb/v8-m.main+fp/hard\libm.a(lib_a-wf_sqrt.o) (__ieee754_sqrtf)
c:/st/stm32cubeide_1.8.0/stm32cubeide/plugins/com.st.stm32cube.ide.mcu.externaltools.gnu-tools-for-stm32.9-2020-q2-update.win32_2.0.0.202105311346/tools/bin/../lib/gcc/arm-none-eabi/9.3.1/../../../../arm-none-eabi/lib/thumb/v8-m.main+fp/hard\libm.a(lib_a-s_lib_ver.o)
                              c:/st/stm32cubeide_1.8.0/stm32cubeide/plugins/com.st.stm32cube.ide.mcu.externaltools.gnu-tools-for-stm32.9-2020-q2-update.win32_2.0.0.202105311346/tools/bin/../lib/gcc/arm-none-eabi/9.3.1/../../../../arm-none-eabi/lib/thumb/v8-m.main+fp/hard\libm.a(lib_a-w_sqrt.o) (__fdlib_version)
c:/st/stm32cubeide_1.8.0/stm32cubeide/plugins/com.st.stm32cube.ide.mcu.externaltools.gnu-tools-for-stm32.9-2020-q2-update.win32_2.0.0.202105311346/tools/bin/../lib/gcc/arm-none-eabi/9.3.1/../../../../arm-none-eabi/lib/thumb/v8-m.main+fp/hard\libc_nano.a(lib_a-errno.o)
                              ./Core/Src/syscalls.o (__errno)
[...]
Memory Configuration

Name             Origin             Length             Attributes
RAM              0x0000000020000000 0x0000000000040000 xrw
FLASH            0x0000000008000000 0x0000000000080000 xr
*default*        0x0000000000000000 0xffffffffffffffff

Linker script and memory map

LOAD c:/st/stm32cubeide_1.8.0/stm32cubeide/plugins/com.st.stm32cube.ide.mcu.externaltools.gnu-tools-for-stm32.9-2020-q2-update.win32_2.0.0.202105311346/tools/bin/../lib/gcc/arm-none-eabi/9.3.1/thumb/v8-m.main+fp/hard/crti.o
LOAD c:/st/stm32cubeide_1.8.0/stm32cubeide/plugins/com.st.stm32cube.ide.mcu.externaltools.gnu-tools-for-stm32.9-2020-q2-update.win32_2.0.0.202105311346/tools/bin/../lib/gcc/arm-none-eabi/9.3.1/thumb/v8-m.main+fp/hard/crtbegin.o
LOAD c:/st/stm32cubeide_1.8.0/stm32cubeide/plugins/com.st.stm32cube.ide.mcu.externaltools.gnu-tools-for-stm32.9-2020-q2-update.win32_2.0.0.202105311346/tools/bin/../lib/gcc/arm-none-eabi/9.3.1/../../../../arm-none-eabi/lib/thumb/v8-m.main+fp/hard/crt0.o
LOAD ./Core/Src/dfsdm.o
LOAD ./Core/Src/dma.o
LOAD ./Core/Src/gpio.o
LOAD ./Core/Src/icache.o
LOAD ./Core/Src/main.o
LOAD ./Core/Src/sk6812.o
LOAD ./Core/Src/stm32l5xx_hal_msp.o
LOAD ./Core/Src/stm32l5xx_it.o
LOAD ./Core/Src/syscalls.o
LOAD ./Core/Src/sysmem.o
LOAD ./Core/Src/system_stm32l5xx.o
LOAD ./Core/Src/tim.o
LOAD ./Core/Src/usart.o
LOAD ./Core/Startup/startup_stm32l562qeixq.o
LOAD ./Drivers/STM32L5xx_HAL_Driver/Src/stm32l5xx_hal.o
LOAD ./Drivers/STM32L5xx_HAL_Driver/Src/stm32l5xx_hal_cortex.o
LOAD ./Drivers/STM32L5xx_HAL_Driver/Src/stm32l5xx_hal_dfsdm.o
LOAD ./Drivers/STM32L5xx_HAL_Driver/Src/stm32l5xx_hal_dfsdm_ex.o
LOAD ./Drivers/STM32L5xx_HAL_Driver/Src/stm32l5xx_hal_dma.o
LOAD ./Drivers/STM32L5xx_HAL_Driver/Src/stm32l5xx_hal_dma_ex.o
LOAD ./Drivers/STM32L5xx_HAL_Driver/Src/stm32l5xx_hal_exti.o
LOAD ./Drivers/STM32L5xx_HAL_Driver/Src/stm32l5xx_hal_flash.o
LOAD ./Drivers/STM32L5xx_HAL_Driver/Src/stm32l5xx_hal_flash_ex.o
LOAD ./Drivers/STM32L5xx_HAL_Driver/Src/stm32l5xx_hal_flash_ramfunc.o
LOAD ./Drivers/STM32L5xx_HAL_Driver/Src/stm32l5xx_hal_gpio.o
LOAD ./Drivers/STM32L5xx_HAL_Driver/Src/stm32l5xx_hal_i2c.o
LOAD ./Drivers/STM32L5xx_HAL_Driver/Src/stm32l5xx_hal_i2c_ex.o
LOAD ./Drivers/STM32L5xx_HAL_Driver/Src/stm32l5xx_hal_icache.o
LOAD ./Drivers/STM32L5xx_HAL_Driver/Src/stm32l5xx_hal_pwr.o
LOAD ./Drivers/STM32L5xx_HAL_Driver/Src/stm32l5xx_hal_pwr_ex.o
LOAD ./Drivers/STM32L5xx_HAL_Driver/Src/stm32l5xx_hal_rcc.o
LOAD ./Drivers/STM32L5xx_HAL_Driver/Src/stm32l5xx_hal_rcc_ex.o
LOAD ./Drivers/STM32L5xx_HAL_Driver/Src/stm32l5xx_hal_tim.o
LOAD ./Drivers/STM32L5xx_HAL_Driver/Src/stm32l5xx_hal_tim_ex.o
LOAD ./Drivers/STM32L5xx_HAL_Driver/Src/stm32l5xx_hal_uart.o
LOAD ./Drivers/STM32L5xx_HAL_Driver/Src/stm32l5xx_hal_uart_ex.o
LOAD ../Drivers/CMSIS/Lib/GCC\libarm_ARMv8MMLldfsp_math.a
START GROUP
LOAD c:/st/stm32cubeide_1.8.0/stm32cubeide/plugins/com.st.stm32cube.ide.mcu.externaltools.gnu-tools-for-stm32.9-2020-q2-update.win32_2.0.0.202105311346/tools/bin/../lib/gcc/arm-none-eabi/9.3.1/../../../../arm-none-eabi/lib/thumb/v8-m.main+fp/hard\libstdc++_nano.a
LOAD c:/st/stm32cubeide_1.8.0/stm32cubeide/plugins/com.st.stm32cube.ide.mcu.externaltools.gnu-tools-for-stm32.9-2020-q2-update.win32_2.0.0.202105311346/tools/bin/../lib/gcc/arm-none-eabi/9.3.1/../../../../arm-none-eabi/lib/thumb/v8-m.main+fp/hard\libsupc++_nano.a
END GROUP
LOAD c:/st/stm32cubeide_1.8.0/stm32cubeide/plugins/com.st.stm32cube.ide.mcu.externaltools.gnu-tools-for-stm32.9-2020-q2-update.win32_2.0.0.202105311346/tools/bin/../lib/gcc/arm-none-eabi/9.3.1/../../../../arm-none-eabi/lib/thumb/v8-m.main+fp/hard\libstdc++_nano.a
LOAD c:/st/stm32cubeide_1.8.0/stm32cubeide/plugins/com.st.stm32cube.ide.mcu.externaltools.gnu-tools-for-stm32.9-2020-q2-update.win32_2.0.0.202105311346/tools/bin/../lib/gcc/arm-none-eabi/9.3.1/../../../../arm-none-eabi/lib/thumb/v8-m.main+fp/hard\libm.a
LOAD c:/st/stm32cubeide_1.8.0/stm32cubeide/plugins/com.st.stm32cube.ide.mcu.externaltools.gnu-tools-for-stm32.9-2020-q2-update.win32_2.0.0.202105311346/tools/bin/../lib/gcc/arm-none-eabi/9.3.1/../../../../arm-none-eabi/lib/thumb/v8-m.main+fp/hard\libc_nano.a
START GROUP
LOAD c:/st/stm32cubeide_1.8.0/stm32cubeide/plugins/com.st.stm32cube.ide.mcu.externaltools.gnu-tools-for-stm32.9-2020-q2-update.win32_2.0.0.202105311346/tools/bin/../lib/gcc/arm-none-eabi/9.3.1/thumb/v8-m.main+fp/hard\libgcc.a
LOAD c:/st/stm32cubeide_1.8.0/stm32cubeide/plugins/com.st.stm32cube.ide.mcu.externaltools.gnu-tools-for-stm32.9-2020-q2-update.win32_2.0.0.202105311346/tools/bin/../lib/gcc/arm-none-eabi/9.3.1/../../../../arm-none-eabi/lib/thumb/v8-m.main+fp/hard\libc_nano.a
END GROUP
START GROUP
LOAD c:/st/stm32cubeide_1.8.0/stm32cubeide/plugins/com.st.stm32cube.ide.mcu.externaltools.gnu-tools-for-stm32.9-2020-q2-update.win32_2.0.0.202105311346/tools/bin/../lib/gcc/arm-none-eabi/9.3.1/thumb/v8-m.main+fp/hard\libgcc.a
LOAD c:/st/stm32cubeide_1.8.0/stm32cubeide/plugins/com.st.stm32cube.ide.mcu.externaltools.gnu-tools-for-stm32.9-2020-q2-update.win32_2.0.0.202105311346/tools/bin/../lib/gcc/arm-none-eabi/9.3.1/../../../../arm-none-eabi/lib/thumb/v8-m.main+fp/hard\libc_nano.a
LOAD c:/st/stm32cubeide_1.8.0/stm32cubeide/plugins/com.st.stm32cube.ide.mcu.externaltools.gnu-tools-for-stm32.9-2020-q2-update.win32_2.0.0.202105311346/tools/bin/../lib/gcc/arm-none-eabi/9.3.1/../../../../arm-none-eabi/lib/thumb/v8-m.main+fp/hard\libnosys.a
END GROUP
START GROUP
LOAD c:/st/stm32cubeide_1.8.0/stm32cubeide/plugins/com.st.stm32cube.ide.mcu.externaltools.gnu-tools-for-stm32.9-2020-q2-update.win32_2.0.0.202105311346/tools/bin/../lib/gcc/arm-none-eabi/9.3.1/thumb/v8-m.main+fp/hard\libgcc.a
LOAD c:/st/stm32cubeide_1.8.0/stm32cubeide/plugins/com.st.stm32cube.ide.mcu.externaltools.gnu-tools-for-stm32.9-2020-q2-update.win32_2.0.0.202105311346/tools/bin/../lib/gcc/arm-none-eabi/9.3.1/../../../../arm-none-eabi/lib/thumb/v8-m.main+fp/hard\libc_nano.a
LOAD c:/st/stm32cubeide_1.8.0/stm32cubeide/plugins/com.st.stm32cube.ide.mcu.externaltools.gnu-tools-for-stm32.9-2020-q2-update.win32_2.0.0.202105311346/tools/bin/../lib/gcc/arm-none-eabi/9.3.1/../../../../arm-none-eabi/lib/thumb/v8-m.main+fp/hard\libnosys.a
END GROUP
LOAD c:/st/stm32cubeide_1.8.0/stm32cubeide/plugins/com.st.stm32cube.ide.mcu.externaltools.gnu-tools-for-stm32.9-2020-q2-update.win32_2.0.0.202105311346/tools/bin/../lib/gcc/arm-none-eabi/9.3.1/thumb/v8-m.main+fp/hard/crtend.o
LOAD c:/st/stm32cubeide_1.8.0/stm32cubeide/plugins/com.st.stm32cube.ide.mcu.externaltools.gnu-tools-for-stm32.9-2020-q2-update.win32_2.0.0.202105311346/tools/bin/../lib/gcc/arm-none-eabi/9.3.1/thumb/v8-m.main+fp/hard/crtn.o
                0x0000000020040000                _estack = (ORIGIN (RAM) + LENGTH (RAM))
                0x0000000000000200                _Min_Heap_Size = 0x200
                0x0000000000000400                _Min_Stack_Size = 0x400

.isr_vector     0x0000000008000000      0x1f4
                0x0000000008000000                . = ALIGN (0x4)
 *(.isr_vector)
 .isr_vector    0x0000000008000000      0x1f4 ./Core/Startup/startup_stm32l562qeixq.o
                0x0000000008000000                g_pfnVectors
                0x00000000080001f4                . = ALIGN (0x4)

.text           0x00000000080001f8     0xc4a8
                0x00000000080001f8                . = ALIGN (0x4)
 *(.text)
 .text          0x00000000080001f8       0x40 c:/st/stm32cubeide_1.8.0/stm32cubeide/plugins/com.st.stm32cube.ide.mcu.externaltools.gnu-tools-for-stm32.9-2020-q2-update.win32_2.0.0.202105311346/tools/bin/../lib/gcc/arm-none-eabi/9.3.1/thumb/v8-m.main+fp/hard/crtbegin.o
 .text          0x0000000008000238       0x10 c:/st/stm32cubeide_1.8.0/stm32cubeide/plugins/com.st.stm32cube.ide.mcu.externaltools.gnu-tools-for-stm32.9-2020-q2-update.win32_2.0.0.202105311346/tools/bin/../lib/gcc/arm-none-eabi/9.3.1/../../../../arm-none-eabi/lib/thumb/v8-m.main+fp/hard\libc_nano.a(lib_a-strlen.o)
                0x0000000008000238                strlen
 .text          0x0000000008000248      0x378 c:/st/stm32cubeide_1.8.0/stm32cubeide/plugins/com.st.stm32cube.ide.mcu.externaltools.gnu-tools-for-stm32.9-2020-q2-update.win32_2.0.0.202105311346/tools/bin/../lib/gcc/arm-none-eabi/9.3.1/thumb/v8-m.main+fp/hard\libgcc.a(_arm_addsubdf3.o)
                0x0000000008000248                __aeabi_drsub
                0x0000000008000250                __aeabi_dsub
                0x0000000008000250                __subdf3
                0x0000000008000254                __aeabi_dadd
                0x0000000008000254                __adddf3
                0x00000000080004cc                __floatunsidf
                0x00000000080004cc                __aeabi_ui2d
                0x00000000080004ec                __floatsidf
                0x00000000080004ec                __aeabi_i2d
                0x0000000008000510                __aeabi_f2d
                0x0000000008000510                __extendsfdf2
                0x0000000008000554                __floatundidf
                0x0000000008000554                __aeabi_ul2d
                0x0000000008000564                __floatdidf
                0x0000000008000564                __aeabi_l2d
 .text          0x00000000080005c0      0x424 c:/st/stm32cubeide_1.8.0/stm32cubeide/plugins/com.st.stm32cube.ide.mcu.externaltools.gnu-tools-for-stm32.9-2020-q2-update.win32_2.0.0.202105311346/tools/bin/../lib/gcc/arm-none-eabi/9.3.1/thumb/v8-m.main+fp/hard\libgcc.a(_arm_muldivdf3.o)
                0x00000000080005c0                __aeabi_dmul
                0x00000000080005c0                __muldf3
                0x0000000008000814                __divdf3
                0x0000000008000814                __aeabi_ddiv
 .text          0x00000000080009e4      0x110 c:/st/stm32cubeide_1.8.0/stm32cubeide/plugins/com.st.stm32cube.ide.mcu.externaltools.gnu-tools-for-stm32.9-2020-q2-update.win32_2.0.0.202105311346/tools/bin/../lib/gcc/arm-none-eabi/9.3.1/thumb/v8-m.main+fp/hard\libgcc.a(_arm_cmpdf2.o)
                0x00000000080009e4                __gtdf2
                0x00000000080009e4                __gedf2
                0x00000000080009ec                __ltdf2
                0x00000000080009ec                __ledf2
                0x00000000080009f4                __nedf2
                0x00000000080009f4                __eqdf2
                0x00000000080009f4                __cmpdf2
                0x0000000008000a70                __aeabi_cdrcmple
                0x0000000008000a80                __aeabi_cdcmpeq
                0x0000000008000a80                __aeabi_cdcmple
                0x0000000008000a90                __aeabi_dcmpeq
                0x0000000008000aa4                __aeabi_dcmplt
                0x0000000008000ab8                __aeabi_dcmple
                0x0000000008000acc                __aeabi_dcmpge
                0x0000000008000ae0                __aeabi_dcmpgt
 .text          0x0000000008000af4       0x2c c:/st/stm32cubeide_1.8.0/stm32cubeide/plugins/com.st.stm32cube.ide.mcu.externaltools.gnu-tools-for-stm32.9-2020-q2-update.win32_2.0.0.202105311346/tools/bin/../lib/gcc/arm-none-eabi/9.3.1/thumb/v8-m.main+fp/hard\libgcc.a(_arm_unorddf2.o)
                0x0000000008000af4                __unorddf2
                0x0000000008000af4                __aeabi_dcmpun
 .text          0x0000000008000b20       0x50 c:/st/stm32cubeide_1.8.0/stm32cubeide/plugins/com.st.stm32cube.ide.mcu.externaltools.gnu-tools-for-stm32.9-2020-q2-update.win32_2.0.0.202105311346/tools/bin/../lib/gcc/arm-none-eabi/9.3.1/thumb/v8-m.main+fp/hard\libgcc.a(_arm_fixdfsi.o)
                0x0000000008000b20                __aeabi_d2iz
                0x0000000008000b20                __fixdfsi
 .text          0x0000000008000b70       0x40 c:/st/stm32cubeide_1.8.0/stm32cubeide/plugins/com.st.stm32cube.ide.mcu.externaltools.gnu-tools-for-stm32.9-2020-q2-update.win32_2.0.0.202105311346/tools/bin/../lib/gcc/arm-none-eabi/9.3.1/thumb/v8-m.main+fp/hard\libgcc.a(_arm_fixunsdfsi.o)
                0x0000000008000b70                __aeabi_d2uiz
                0x0000000008000b70                __fixunsdfsi
 .text          0x0000000008000bb0       0x30 c:/st/stm32cubeide_1.8.0/stm32cubeide/plugins/com.st.stm32cube.ide.mcu.externaltools.gnu-tools-for-stm32.9-2020-q2-update.win32_2.0.0.202105311346/tools/bin/../lib/gcc/arm-none-eabi/9.3.1/thumb/v8-m.main+fp/hard\libgcc.a(_aeabi_uldivmod.o)
                0x0000000008000bb0                __aeabi_uldivmod
 .text          0x0000000008000be0      0x2e8 c:/st/stm32cubeide_1.8.0/stm32cubeide/plugins/com.st.stm32cube.ide.mcu.externaltools.gnu-tools-for-stm32.9-2020-q2-update.win32_2.0.0.202105311346/tools/bin/../lib/gcc/arm-none-eabi/9.3.1/thumb/v8-m.main+fp/hard\libgcc.a(_udivmoddi4.o)
                0x0000000008000be0                __udivmoddi4
 .text          0x0000000008000ec8        0x4 c:/st/stm32cubeide_1.8.0/stm32cubeide/plugins/com.st.stm32cube.ide.mcu.externaltools.gnu-tools-for-stm32.9-2020-q2-update.win32_2.0.0.202105311346/tools/bin/../lib/gcc/arm-none-eabi/9.3.1/thumb/v8-m.main+fp/hard\libgcc.a(_dvmd_tls.o)
                0x0000000008000ec8                __aeabi_idiv0
                0x0000000008000ec8                __aeabi_ldiv0
 *(.text*)
 .text.MX_DFSDM1_Init
                0x0000000008000ecc       0xcc ./Core/Src/dfsdm.o
                0x0000000008000ecc                MX_DFSDM1_Init
 .text.HAL_DFSDM_FilterMspInit
                0x0000000008000f98      0x1e4 ./Core/Src/dfsdm.o
                0x0000000008000f98                HAL_DFSDM_FilterMspInit
 .text.HAL_DFSDM_ChannelMspInit
                0x000000000800117c      0x158 ./Core/Src/dfsdm.o
                0x000000000800117c                HAL_DFSDM_ChannelMspInit
 .text.MX_DMA_Init
                0x00000000080012d4       0x74 ./Core/Src/dma.o
                0x00000000080012d4                MX_DMA_Init
 .text.MX_GPIO_Init
                0x0000000008001348       0xb8 ./Core/Src/gpio.o
                0x0000000008001348                MX_GPIO_Init
 .text.MX_ICACHE_Init
                0x0000000008001400       0x26 ./Core/Src/icache.o
                0x0000000008001400                MX_ICACHE_Init
 .text.DoFFT    0x0000000008001426       0x34 ./Core/Src/main.o
                0x0000000008001426                DoFFT
 *fill*         0x000000000800145a        0x2 
 .text.DecimateFFTData
                0x000000000800145c       0xe0 ./Core/Src/main.o
                0x000000000800145c                DecimateFFTData
 .text.wheel    0x000000000800153c       0xa8 ./Core/Src/main.o
                0x000000000800153c                wheel
 *fill*         0x00000000080015e4        0x4 
 .text.plotFFTData
                0x00000000080015e8       0xe0 ./Core/Src/main.o
                0x00000000080015e8                plotFFTData
 .text.main     0x00000000080016c8      0x210 ./Core/Src/main.o
                0x00000000080016c8                main
 .text.SystemClock_Config
                0x00000000080018d8       0xac ./Core/Src/main.o
                0x00000000080018d8                SystemClock_Config
 .text.HAL_DFSDM_FilterRegConvCpltCallback
                0x0000000008001984       0x2c ./Core/Src/main.o
                0x0000000008001984                HAL_DFSDM_FilterRegConvCpltCallback
 .text.HAL_DFSDM_FilterRegConvHalfCpltCallback
                0x00000000080019b0       0x2c ./Core/Src/main.o
                0x00000000080019b0                HAL_DFSDM_FilterRegConvHalfCpltCallback
 .text.HAL_UART_TxCpltCallback
                0x00000000080019dc       0x2c ./Core/Src/main.o
                0x00000000080019dc                HAL_UART_TxCpltCallback
 .text.HAL_UART_TxHalfCpltCallback
                0x0000000008001a08       0x2c ./Core/Src/main.o
                0x0000000008001a08                HAL_UART_TxHalfCpltCallback
 .text.HAL_GPIO_EXTI_Falling_Callback
                0x0000000008001a34       0x38 ./Core/Src/main.o
                0x0000000008001a34                HAL_GPIO_EXTI_Falling_Callback
 .text.HAL_TIM_PeriodElapsedCallback
                0x0000000008001a6c       0x58 ./Core/Src/main.o
                0x0000000008001a6c                HAL_TIM_PeriodElapsedCallback
 .text.Error_Handler
                0x0000000008001ac4        0xa ./Core/Src/main.o
                0x0000000008001ac4                Error_Handler
 .text.scale8   0x0000000008001ace       0x28 ./Core/Src/sk6812.o
 *fill*         0x0000000008001af6        0x2 
 .text.led_set_RGB
                0x0000000008001af8       0x70 ./Core/Src/sk6812.o
                0x0000000008001af8                led_set_RGB
 .text.led_set_all_RGB
                0x0000000008001b68       0x3c ./Core/Src/sk6812.o
                0x0000000008001b68                led_set_all_RGB
 .text.led_render
                0x0000000008001ba4      0x150 ./Core/Src/sk6812.o
                0x0000000008001ba4                led_render
 .text.HAL_TIM_PWM_PulseFinishedHalfCpltCallback
                0x0000000008001cf4       0xfc ./Core/Src/sk6812.o
                0x0000000008001cf4                HAL_TIM_PWM_PulseFinishedHalfCpltCallback
 .text.HAL_TIM_PWM_PulseFinishedCallback
                0x0000000008001df0      0x10c ./Core/Src/sk6812.o
                0x0000000008001df0                HAL_TIM_PWM_PulseFinishedCallback
 .text.HAL_MspInit
                0x0000000008001efc       0x48 ./Core/Src/stm32l5xx_hal_msp.o
                0x0000000008001efc                HAL_MspInit
 .text.NMI_Handler
                0x0000000008001f44        0x6 ./Core/Src/stm32l5xx_it.o
                0x0000000008001f44                NMI_Handler
 .text.HardFault_Handler
                0x0000000008001f4a        0x6 ./Core/Src/stm32l5xx_it.o
                0x0000000008001f4a                HardFault_Handler
 .text.MemManage_Handler
                0x0000000008001f50        0x6 ./Core/Src/stm32l5xx_it.o
                0x0000000008001f50                MemManage_Handler
 .text.BusFault_Handler
                0x0000000008001f56        0x6 ./Core/Src/stm32l5xx_it.o
                0x0000000008001f56                BusFault_Handler
 .text.UsageFault_Handler
                0x0000000008001f5c        0x6 ./Core/Src/stm32l5xx_it.o
                0x0000000008001f5c                UsageFault_Handler
 .text.SVC_Handler
                0x0000000008001f62        0xe ./Core/Src/stm32l5xx_it.o
                0x0000000008001f62                SVC_Handler
 .text.DebugMon_Handler
                0x0000000008001f70        0xe ./Core/Src/stm32l5xx_it.o
                0x0000000008001f70                DebugMon_Handler
 .text.PendSV_Handler
                0x0000000008001f7e        0xe ./Core/Src/stm32l5xx_it.o
                0x0000000008001f7e                PendSV_Handler
 .text.SysTick_Handler
                0x0000000008001f8c        0xc ./Core/Src/stm32l5xx_it.o
                0x0000000008001f8c                SysTick_Handler
 .text.EXTI13_IRQHandler
                0x0000000008001f98       0x10 ./Core/Src/stm32l5xx_it.o
                0x0000000008001f98                EXTI13_IRQHandler
 .text.DMA1_Channel1_IRQHandler
                0x0000000008001fa8       0x14 ./Core/Src/stm32l5xx_it.o
                0x0000000008001fa8                DMA1_Channel1_IRQHandler
 .text.DMA1_Channel3_IRQHandler
                0x0000000008001fbc       0x14 ./Core/Src/stm32l5xx_it.o
                0x0000000008001fbc                DMA1_Channel3_IRQHandler
 .text.DMA1_Channel4_IRQHandler
                0x0000000008001fd0       0x14 ./Core/Src/stm32l5xx_it.o
                0x0000000008001fd0                DMA1_Channel4_IRQHandler
 .text.TIM3_IRQHandler
                0x0000000008001fe4       0x14 ./Core/Src/stm32l5xx_it.o
                0x0000000008001fe4                TIM3_IRQHandler
 .text.USART3_IRQHandler
                0x0000000008001ff8       0x14 ./Core/Src/stm32l5xx_it.o
                0x0000000008001ff8                USART3_IRQHandler
 .text._getpid  0x000000000800200c       0x10 ./Core/Src/syscalls.o
                0x000000000800200c                _getpid
 .text._kill    0x000000000800201c       0x20 ./Core/Src/syscalls.o
                0x000000000800201c                _kill
 .text._exit    0x000000000800203c       0x14 ./Core/Src/syscalls.o
                0x000000000800203c                _exit
 .text._read    0x0000000008002050       0x3a ./Core/Src/syscalls.o
                0x0000000008002050                _read
 .text._write   0x000000000800208a       0x38 ./Core/Src/syscalls.o
                0x000000000800208a                _write
 .text._close   0x00000000080020c2       0x18 ./Core/Src/syscalls.o
                0x00000000080020c2                _close
 .text._fstat   0x00000000080020da       0x20 ./Core/Src/syscalls.o
                0x00000000080020da                _fstat
 .text._isatty  0x00000000080020fa       0x16 ./Core/Src/syscalls.o
                0x00000000080020fa                _isatty
 .text._lseek   0x0000000008002110       0x1a ./Core/Src/syscalls.o
                0x0000000008002110                _lseek
 *fill*         0x000000000800212a        0x2 
 .text._sbrk    0x000000000800212c       0x6c ./Core/Src/sysmem.o
                0x000000000800212c                _sbrk
 .text.SystemInit
                0x0000000008002198       0x24 ./Core/Src/system_stm32l5xx.o
                0x0000000008002198                SystemInit
 .text.SystemCoreClockUpdate
                0x00000000080021bc      0x15c ./Core/Src/system_stm32l5xx.o
                0x00000000080021bc                SystemCoreClockUpdate
 .text.MX_TIM2_Init
                0x0000000008002318       0xec ./Core/Src/tim.o
                0x0000000008002318                MX_TIM2_Init
 .text.MX_TIM3_Init
                0x0000000008002404       0x9c ./Core/Src/tim.o
                0x0000000008002404                MX_TIM3_Init
 .text.HAL_TIM_Base_MspInit
                0x00000000080024a0       0xe0 ./Core/Src/tim.o
                0x00000000080024a0                HAL_TIM_Base_MspInit
 .text.HAL_TIM_MspPostInit
                0x0000000008002580       0x6c ./Core/Src/tim.o
                0x0000000008002580                HAL_TIM_MspPostInit
 .text.MX_USART3_UART_Init
                0x00000000080025ec       0x98 ./Core/Src/usart.o
                0x00000000080025ec                MX_USART3_UART_Init
 .text.HAL_UART_MspInit
                0x0000000008002684      0x138 ./Core/Src/usart.o
                0x0000000008002684                HAL_UART_MspInit
 .text.Reset_Handler
                0x00000000080027bc       0x50 ./Core/Startup/startup_stm32l562qeixq.o
                0x00000000080027bc                Reset_Handler
 .text.Default_Handler
                0x000000000800280c        0x2 ./Core/Startup/startup_stm32l562qeixq.o
                0x000000000800280c                EXTI2_IRQHandler
                0x000000000800280c                TIM8_TRG_COM_IRQHandler
                0x000000000800280c                TIM8_CC_IRQHandler
                0x000000000800280c                EXTI5_IRQHandler
                0x000000000800280c                FLASH_S_IRQHandler
                0x000000000800280c                TIM1_CC_IRQHandler
                0x000000000800280c                TSC_IRQHandler
                0x000000000800280c                TAMP_IRQHandler
                0x000000000800280c                TIM6_IRQHandler
                0x000000000800280c                EXTI12_IRQHandler
                0x000000000800280c                DMA2_Channel8_IRQHandler
                0x000000000800280c                EXTI3_IRQHandler
                0x000000000800280c                EXTI8_IRQHandler
                0x000000000800280c                LPTIM2_IRQHandler
                0x000000000800280c                DFSDM1_FLT1_IRQHandler
                0x000000000800280c                USB_FS_IRQHandler
                0x000000000800280c                I2C3_ER_IRQHandler
                0x000000000800280c                DFSDM1_FLT2_IRQHandler
                0x000000000800280c                DMAMUX1_IRQHandler
                0x000000000800280c                LPTIM3_IRQHandler
                0x000000000800280c                EXTI0_IRQHandler
                0x000000000800280c                I2C2_EV_IRQHandler
                0x000000000800280c                FPU_IRQHandler
                0x000000000800280c                FDCAN1_IT1_IRQHandler
                0x000000000800280c                ADC1_2_IRQHandler
                0x000000000800280c                SPI1_IRQHandler
                0x000000000800280c                OCTOSPI1_IRQHandler
                0x000000000800280c                TIM8_UP_IRQHandler
                0x000000000800280c                RCC_S_IRQHandler
                0x000000000800280c                DMA2_Channel2_IRQHandler
                0x000000000800280c                SAI2_IRQHandler
                0x000000000800280c                DFSDM1_FLT3_IRQHandler
                0x000000000800280c                PKA_IRQHandler
                0x000000000800280c                EXTI15_IRQHandler
                0x000000000800280c                TIM17_IRQHandler
                0x000000000800280c                RTC_IRQHandler
                0x000000000800280c                EXTI9_IRQHandler
                0x000000000800280c                DMA1_Channel7_IRQHandler
                0x000000000800280c                UART5_IRQHandler
                0x000000000800280c                TIM4_IRQHandler
                0x000000000800280c                DMA2_Channel1_IRQHandler
                0x000000000800280c                I2C1_EV_IRQHandler
                0x000000000800280c                DMA1_Channel6_IRQHandler
                0x000000000800280c                TIM16_IRQHandler
                0x000000000800280c                UART4_IRQHandler
                0x000000000800280c                DMA2_Channel4_IRQHandler
                0x000000000800280c                SecureFault_Handler
                0x000000000800280c                RCC_IRQHandler
                0x000000000800280c                TIM1_TRG_COM_IRQHandler
                0x000000000800280c                Default_Handler
                0x000000000800280c                DMA2_Channel7_IRQHandler
                0x000000000800280c                OTFDEC1_IRQHandler
                0x000000000800280c                DMA1_Channel8_IRQHandler
                0x000000000800280c                TIM7_IRQHandler
                0x000000000800280c                SDMMC1_IRQHandler
                0x000000000800280c                TIM5_IRQHandler
                0x000000000800280c                UCPD1_IRQHandler
                0x000000000800280c                TIM15_IRQHandler
                0x000000000800280c                I2C3_EV_IRQHandler
                0x000000000800280c                PVD_PVM_IRQHandler
                0x000000000800280c                SPI2_IRQHandler
                0x000000000800280c                EXTI14_IRQHandler
                0x000000000800280c                EXTI11_IRQHandler
                0x000000000800280c                DMA2_Channel5_IRQHandler
                0x000000000800280c                CRS_IRQHandler
                0x000000000800280c                DMA1_Channel5_IRQHandler
                0x000000000800280c                EXTI4_IRQHandler
                0x000000000800280c                RTC_S_IRQHandler
                0x000000000800280c                RNG_IRQHandler
                0x000000000800280c                DMAMUX1_S_IRQHandler
                0x000000000800280c                COMP_IRQHandler
                0x000000000800280c                TIM1_UP_IRQHandler
                0x000000000800280c                WWDG_IRQHandler
                0x000000000800280c                I2C4_EV_IRQHandler
                0x000000000800280c                LPUART1_IRQHandler
                0x000000000800280c                DMA2_Channel6_IRQHandler
                0x000000000800280c                FDCAN1_IT0_IRQHandler
                0x000000000800280c                TIM2_IRQHandler
                0x000000000800280c                TAMP_S_IRQHandler
                0x000000000800280c                EXTI7_IRQHandler
                0x000000000800280c                TIM1_BRK_IRQHandler
                0x000000000800280c                DAC_IRQHandler
                0x000000000800280c                EXTI1_IRQHandler
                0x000000000800280c                AES_IRQHandler
                0x000000000800280c                GTZC_IRQHandler
                0x000000000800280c                USART2_IRQHandler
                0x000000000800280c                DFSDM1_FLT0_IRQHandler
                0x000000000800280c                I2C2_ER_IRQHandler
                0x000000000800280c                DMA1_Channel2_IRQHandler
                0x000000000800280c                TIM8_BRK_IRQHandler
                0x000000000800280c                FLASH_IRQHandler
                0x000000000800280c                USART1_IRQHandler
                0x000000000800280c                EXTI10_IRQHandler
                0x000000000800280c                SPI3_IRQHandler
                0x000000000800280c                I2C1_ER_IRQHandler
                0x000000000800280c                FMC_IRQHandler
                0x000000000800280c                EXTI6_IRQHandler
                0x000000000800280c                LPTIM1_IRQHandler
                0x000000000800280c                I2C4_ER_IRQHandler
                0x000000000800280c                ICACHE_IRQHandler
                0x000000000800280c                SAI1_IRQHandler
                0x000000000800280c                HASH_IRQHandler
                0x000000000800280c                DMA2_Channel3_IRQHandler
 .text.HAL_Init
                0x000000000800280e       0x34 ./Drivers/STM32L5xx_HAL_Driver/Src/stm32l5xx_hal.o
                0x000000000800280e                HAL_Init
 *fill*         0x0000000008002842        0x2 
 .text.HAL_InitTick
                0x0000000008002844       0x78 ./Drivers/STM32L5xx_HAL_Driver/Src/stm32l5xx_hal.o
                0x0000000008002844                HAL_InitTick
 .text.HAL_IncTick
                0x00000000080028bc       0x28 ./Drivers/STM32L5xx_HAL_Driver/Src/stm32l5xx_hal.o
                0x00000000080028bc                HAL_IncTick
 .text.HAL_GetTick
                0x00000000080028e4       0x18 ./Drivers/STM32L5xx_HAL_Driver/Src/stm32l5xx_hal.o
                0x00000000080028e4                HAL_GetTick
 .text.__NVIC_SetPriorityGrouping
                0x00000000080028fc       0x48 ./Drivers/STM32L5xx_HAL_Driver/Src/stm32l5xx_hal_cortex.o
 .text.__NVIC_GetPriorityGrouping
                0x0000000008002944       0x1c ./Drivers/STM32L5xx_HAL_Driver/Src/stm32l5xx_hal_cortex.o
 .text.__NVIC_EnableIRQ
                0x0000000008002960       0x3c ./Drivers/STM32L5xx_HAL_Driver/Src/stm32l5xx_hal_cortex.o
 .text.__NVIC_SetPriority
                0x000000000800299c       0x54 ./Drivers/STM32L5xx_HAL_Driver/Src/stm32l5xx_hal_cortex.o
 .text.NVIC_EncodePriority
                0x00000000080029f0       0x66 ./Drivers/STM32L5xx_HAL_Driver/Src/stm32l5xx_hal_cortex.o
 *fill*         0x0000000008002a56        0x2 
 .text.SysTick_Config
                0x0000000008002a58       0x44 ./Drivers/STM32L5xx_HAL_Driver/Src/stm32l5xx_hal_cortex.o
 .text.HAL_NVIC_SetPriorityGrouping
                0x0000000008002a9c       0x16 ./Drivers/STM32L5xx_HAL_Driver/Src/stm32l5xx_hal_cortex.o
                0x0000000008002a9c                HAL_NVIC_SetPriorityGrouping
 .text.HAL_NVIC_SetPriority
                0x0000000008002ab2       0x34 ./Drivers/STM32L5xx_HAL_Driver/Src/stm32l5xx_hal_cortex.o
                0x0000000008002ab2                HAL_NVIC_SetPriority
 .text.HAL_NVIC_EnableIRQ
                0x0000000008002ae6       0x1c ./Drivers/STM32L5xx_HAL_Driver/Src/stm32l5xx_hal_cortex.o
                0x0000000008002ae6                HAL_NVIC_EnableIRQ
 .text.HAL_SYSTICK_Config
                0x0000000008002b02       0x18 ./Drivers/STM32L5xx_HAL_Driver/Src/stm32l5xx_hal_cortex.o
                0x0000000008002b02                HAL_SYSTICK_Config
 *fill*         0x0000000008002b1a        0x2 
 .text.HAL_DFSDM_ChannelInit
                0x0000000008002b1c      0x180 ./Drivers/STM32L5xx_HAL_Driver/Src/stm32l5xx_hal_dfsdm.o
                0x0000000008002b1c                HAL_DFSDM_ChannelInit
 .text.HAL_DFSDM_FilterInit
                0x0000000008002c9c      0x1b4 ./Drivers/STM32L5xx_HAL_Driver/Src/stm32l5xx_hal_dfsdm.o
                0x0000000008002c9c                HAL_DFSDM_FilterInit
 .text.HAL_DFSDM_FilterConfigRegChannel
                0x0000000008002e50       0x8a ./Drivers/STM32L5xx_HAL_Driver/Src/stm32l5xx_hal_dfsdm.o
                0x0000000008002e50                HAL_DFSDM_FilterConfigRegChannel
 *fill*         0x0000000008002eda        0x2 
 .text.HAL_DFSDM_FilterRegularStart_DMA
                0x0000000008002edc      0x104 ./Drivers/STM32L5xx_HAL_Driver/Src/stm32l5xx_hal_dfsdm.o
                0x0000000008002edc                HAL_DFSDM_FilterRegularStart_DMA
 .text.HAL_DFSDM_FilterErrorCallback
                0x0000000008002fe0       0x14 ./Drivers/STM32L5xx_HAL_Driver/Src/stm32l5xx_hal_dfsdm.o
                0x0000000008002fe0                HAL_DFSDM_FilterErrorCallback
 .text.DFSDM_DMARegularHalfConvCplt
                0x0000000008002ff4       0x1c ./Drivers/STM32L5xx_HAL_Driver/Src/stm32l5xx_hal_dfsdm.o
 .text.DFSDM_DMARegularConvCplt
                0x0000000008003010       0x1c ./Drivers/STM32L5xx_HAL_Driver/Src/stm32l5xx_hal_dfsdm.o
 .text.DFSDM_DMAError
                0x000000000800302c       0x22 ./Drivers/STM32L5xx_HAL_Driver/Src/stm32l5xx_hal_dfsdm.o
 *fill*         0x000000000800304e        0x2 
 .text.DFSDM_GetChannelFromInstance
                0x0000000008003050       0x50 ./Drivers/STM32L5xx_HAL_Driver/Src/stm32l5xx_hal_dfsdm.o
 .text.DFSDM_RegConvStart
                0x00000000080030a0       0xac ./Drivers/STM32L5xx_HAL_Driver/Src/stm32l5xx_hal_dfsdm.o
 .text.HAL_DMA_Init
                0x000000000800314c      0x150 ./Drivers/STM32L5xx_HAL_Driver/Src/stm32l5xx_hal_dma.o
                0x000000000800314c                HAL_DMA_Init
 .text.HAL_DMA_Start_IT
                0x000000000800329c       0xf6 ./Drivers/STM32L5xx_HAL_Driver/Src/stm32l5xx_hal_dma.o
                0x000000000800329c                HAL_DMA_Start_IT
 .text.HAL_DMA_Abort
                0x0000000008003392       0xb8 ./Drivers/STM32L5xx_HAL_Driver/Src/stm32l5xx_hal_dma.o
                0x0000000008003392                HAL_DMA_Abort
 .text.HAL_DMA_Abort_IT
                0x000000000800344a       0xbe ./Drivers/STM32L5xx_HAL_Driver/Src/stm32l5xx_hal_dma.o
                0x000000000800344a                HAL_DMA_Abort_IT
 .text.HAL_DMA_IRQHandler
                0x0000000008003508      0x200 ./Drivers/STM32L5xx_HAL_Driver/Src/stm32l5xx_hal_dma.o
                0x0000000008003508                HAL_DMA_IRQHandler
 .text.HAL_DMA_ConfigChannelAttributes
                0x0000000008003708       0x60 ./Drivers/STM32L5xx_HAL_Driver/Src/stm32l5xx_hal_dma.o
                0x0000000008003708                HAL_DMA_ConfigChannelAttributes
 .text.DMA_SetConfig
                0x0000000008003768       0x7c ./Drivers/STM32L5xx_HAL_Driver/Src/stm32l5xx_hal_dma.o
 .text.DMA_CalcDMAMUXChannelBaseAndMask
                0x00000000080037e4       0x7c ./Drivers/STM32L5xx_HAL_Driver/Src/stm32l5xx_hal_dma.o
 .text.DMA_CalcDMAMUXRequestGenBaseAndMask
                0x0000000008003860       0x48 ./Drivers/STM32L5xx_HAL_Driver/Src/stm32l5xx_hal_dma.o
 .text.HAL_GPIO_Init
                0x00000000080038a8      0x300 ./Drivers/STM32L5xx_HAL_Driver/Src/stm32l5xx_hal_gpio.o
                0x00000000080038a8                HAL_GPIO_Init
 .text.HAL_GPIO_ReadPin
                0x0000000008003ba8       0x30 ./Drivers/STM32L5xx_HAL_Driver/Src/stm32l5xx_hal_gpio.o
                0x0000000008003ba8                HAL_GPIO_ReadPin
 .text.HAL_GPIO_EXTI_IRQHandler
                0x0000000008003bd8       0x4c ./Drivers/STM32L5xx_HAL_Driver/Src/stm32l5xx_hal_gpio.o
                0x0000000008003bd8                HAL_GPIO_EXTI_IRQHandler
 .text.HAL_GPIO_EXTI_Rising_Callback
                0x0000000008003c24       0x16 ./Drivers/STM32L5xx_HAL_Driver/Src/stm32l5xx_hal_gpio.o
                0x0000000008003c24                HAL_GPIO_EXTI_Rising_Callback
 *fill*         0x0000000008003c3a        0x2 
 .text.HAL_ICACHE_ConfigAssociativityMode
                0x0000000008003c3c       0x40 ./Drivers/STM32L5xx_HAL_Driver/Src/stm32l5xx_hal_icache.o
                0x0000000008003c3c                HAL_ICACHE_ConfigAssociativityMode
 .text.HAL_ICACHE_Enable
                0x0000000008003c7c       0x20 ./Drivers/STM32L5xx_HAL_Driver/Src/stm32l5xx_hal_icache.o
                0x0000000008003c7c                HAL_ICACHE_Enable
 .text.HAL_PWREx_GetVoltageRange
                0x0000000008003c9c       0x1c ./Drivers/STM32L5xx_HAL_Driver/Src/stm32l5xx_hal_pwr_ex.o
                0x0000000008003c9c                HAL_PWREx_GetVoltageRange
 .text.HAL_PWREx_ControlVoltageScaling
                0x0000000008003cb8       0xb8 ./Drivers/STM32L5xx_HAL_Driver/Src/stm32l5xx_hal_pwr_ex.o
                0x0000000008003cb8                HAL_PWREx_ControlVoltageScaling
 .text.HAL_PWREx_EnableVddIO2
                0x0000000008003d70       0x20 ./Drivers/STM32L5xx_HAL_Driver/Src/stm32l5xx_hal_pwr_ex.o
                0x0000000008003d70                HAL_PWREx_EnableVddIO2
 .text.HAL_PWREx_DisableUCPDDeadBattery
                0x0000000008003d90       0x20 ./Drivers/STM32L5xx_HAL_Driver/Src/stm32l5xx_hal_pwr_ex.o
                0x0000000008003d90                HAL_PWREx_DisableUCPDDeadBattery
 .text.HAL_PWREx_SMPS_GetEffectiveMode
                0x0000000008003db0       0x48 ./Drivers/STM32L5xx_HAL_Driver/Src/stm32l5xx_hal_pwr_ex.o
                0x0000000008003db0                HAL_PWREx_SMPS_GetEffectiveMode
 .text.HAL_RCC_OscConfig
                0x0000000008003df8      0x9c4 ./Drivers/STM32L5xx_HAL_Driver/Src/stm32l5xx_hal_rcc.o
                0x0000000008003df8                HAL_RCC_OscConfig
 .text.HAL_RCC_ClockConfig
                0x00000000080047bc      0x250 ./Drivers/STM32L5xx_HAL_Driver/Src/stm32l5xx_hal_rcc.o
                0x00000000080047bc                HAL_RCC_ClockConfig
 .text.HAL_RCC_GetSysClockFreq
                0x0000000008004a0c      0x13c ./Drivers/STM32L5xx_HAL_Driver/Src/stm32l5xx_hal_rcc.o
                0x0000000008004a0c                HAL_RCC_GetSysClockFreq
 .text.HAL_RCC_GetHCLKFreq
                0x0000000008004b48       0x28 ./Drivers/STM32L5xx_HAL_Driver/Src/stm32l5xx_hal_rcc.o
                0x0000000008004b48                HAL_RCC_GetHCLKFreq
 .text.HAL_RCC_GetPCLK1Freq
                0x0000000008004b70       0x28 ./Drivers/STM32L5xx_HAL_Driver/Src/stm32l5xx_hal_rcc.o
                0x0000000008004b70                HAL_RCC_GetPCLK1Freq
 .text.HAL_RCC_GetPCLK2Freq
                0x0000000008004b98       0x28 ./Drivers/STM32L5xx_HAL_Driver/Src/stm32l5xx_hal_rcc.o
                0x0000000008004b98                HAL_RCC_GetPCLK2Freq
 .text.RCC_SetFlashLatencyFromMSIRange
                0x0000000008004bc0       0xc8 ./Drivers/STM32L5xx_HAL_Driver/Src/stm32l5xx_hal_rcc.o
 .text.RCC_GetSysClockFreqFromPLLSource
                0x0000000008004c88       0xf4 ./Drivers/STM32L5xx_HAL_Driver/Src/stm32l5xx_hal_rcc.o
 .text.HAL_RCCEx_PeriphCLKConfig
                0x0000000008004d7c      0x708 ./Drivers/STM32L5xx_HAL_Driver/Src/stm32l5xx_hal_rcc_ex.o
                0x0000000008004d7c                HAL_RCCEx_PeriphCLKConfig
 .text.RCCEx_PLLSAI1_Config
                0x0000000008005484      0x1cc ./Drivers/STM32L5xx_HAL_Driver/Src/stm32l5xx_hal_rcc_ex.o
 .text.RCCEx_PLLSAI2_Config
                0x0000000008005650      0x158 ./Drivers/STM32L5xx_HAL_Driver/Src/stm32l5xx_hal_rcc_ex.o
 .text.HAL_TIM_Base_Init
                0x00000000080057a8       0xae ./Drivers/STM32L5xx_HAL_Driver/Src/stm32l5xx_hal_tim.o
                0x00000000080057a8                HAL_TIM_Base_Init
 *fill*         0x0000000008005856        0x2 
 .text.HAL_TIM_Base_Start_IT
                0x0000000008005858       0xe0 ./Drivers/STM32L5xx_HAL_Driver/Src/stm32l5xx_hal_tim.o
                0x0000000008005858                HAL_TIM_Base_Start_IT
 .text.HAL_TIM_Base_Stop_IT
                0x0000000008005938       0x5e ./Drivers/STM32L5xx_HAL_Driver/Src/stm32l5xx_hal_tim.o
                0x0000000008005938                HAL_TIM_Base_Stop_IT
 .text.HAL_TIM_PWM_Init
                0x0000000008005996       0xae ./Drivers/STM32L5xx_HAL_Driver/Src/stm32l5xx_hal_tim.o
                0x0000000008005996                HAL_TIM_PWM_Init
 .text.HAL_TIM_PWM_MspInit
                0x0000000008005a44       0x14 ./Drivers/STM32L5xx_HAL_Driver/Src/stm32l5xx_hal_tim.o
                0x0000000008005a44                HAL_TIM_PWM_MspInit
 .text.HAL_TIM_PWM_Start_DMA
                0x0000000008005a58      0x430 ./Drivers/STM32L5xx_HAL_Driver/Src/stm32l5xx_hal_tim.o
                0x0000000008005a58                HAL_TIM_PWM_Start_DMA
 .text.HAL_TIM_PWM_Stop_DMA
                0x0000000008005e88      0x1e0 ./Drivers/STM32L5xx_HAL_Driver/Src/stm32l5xx_hal_tim.o
                0x0000000008005e88                HAL_TIM_PWM_Stop_DMA
 .text.HAL_TIM_IRQHandler
                0x0000000008006068      0x23e ./Drivers/STM32L5xx_HAL_Driver/Src/stm32l5xx_hal_tim.o
                0x0000000008006068                HAL_TIM_IRQHandler
 *fill*         0x00000000080062a6        0x2 
 .text.HAL_TIM_PWM_ConfigChannel
                0x00000000080062a8      0x220 ./Drivers/STM32L5xx_HAL_Driver/Src/stm32l5xx_hal_tim.o
                0x00000000080062a8                HAL_TIM_PWM_ConfigChannel
 .text.HAL_TIM_ConfigClockSource
                0x00000000080064c8      0x18c ./Drivers/STM32L5xx_HAL_Driver/Src/stm32l5xx_hal_tim.o
                0x00000000080064c8                HAL_TIM_ConfigClockSource
 .text.HAL_TIM_OC_DelayElapsedCallback
                0x0000000008006654       0x14 ./Drivers/STM32L5xx_HAL_Driver/Src/stm32l5xx_hal_tim.o
                0x0000000008006654                HAL_TIM_OC_DelayElapsedCallback
 .text.HAL_TIM_IC_CaptureCallback
                0x0000000008006668       0x14 ./Drivers/STM32L5xx_HAL_Driver/Src/stm32l5xx_hal_tim.o
                0x0000000008006668                HAL_TIM_IC_CaptureCallback
 .text.HAL_TIM_TriggerCallback
                0x000000000800667c       0x14 ./Drivers/STM32L5xx_HAL_Driver/Src/stm32l5xx_hal_tim.o
                0x000000000800667c                HAL_TIM_TriggerCallback
 .text.HAL_TIM_ErrorCallback
                0x0000000008006690       0x14 ./Drivers/STM32L5xx_HAL_Driver/Src/stm32l5xx_hal_tim.o
                0x0000000008006690                HAL_TIM_ErrorCallback
 .text.TIM_DMAError
                0x00000000080066a4       0x92 ./Drivers/STM32L5xx_HAL_Driver/Src/stm32l5xx_hal_tim.o
                0x00000000080066a4                TIM_DMAError
 .text.TIM_DMADelayPulseCplt
                0x0000000008006736       0xa8 ./Drivers/STM32L5xx_HAL_Driver/Src/stm32l5xx_hal_tim.o
 .text.TIM_DMADelayPulseHalfCplt
                0x00000000080067de       0x68 ./Drivers/STM32L5xx_HAL_Driver/Src/stm32l5xx_hal_tim.o
                0x00000000080067de                TIM_DMADelayPulseHalfCplt
 *fill*         0x0000000008006846        0x2 
 .text.TIM_Base_SetConfig
                0x0000000008006848      0x134 ./Drivers/STM32L5xx_HAL_Driver/Src/stm32l5xx_hal_tim.o
                0x0000000008006848                TIM_Base_SetConfig
 .text.TIM_OC1_SetConfig
                0x000000000800697c      0x120 ./Drivers/STM32L5xx_HAL_Driver/Src/stm32l5xx_hal_tim.o
 .text.TIM_OC2_SetConfig
                0x0000000008006a9c      0x114 ./Drivers/STM32L5xx_HAL_Driver/Src/stm32l5xx_hal_tim.o
                0x0000000008006a9c                TIM_OC2_SetConfig
 .text.TIM_OC3_SetConfig
                0x0000000008006bb0      0x110 ./Drivers/STM32L5xx_HAL_Driver/Src/stm32l5xx_hal_tim.o
 .text.TIM_OC4_SetConfig
                0x0000000008006cc0       0xd4 ./Drivers/STM32L5xx_HAL_Driver/Src/stm32l5xx_hal_tim.o
 .text.TIM_OC5_SetConfig
                0x0000000008006d94       0xc8 ./Drivers/STM32L5xx_HAL_Driver/Src/stm32l5xx_hal_tim.o
 .text.TIM_OC6_SetConfig
                0x0000000008006e5c       0xcc ./Drivers/STM32L5xx_HAL_Driver/Src/stm32l5xx_hal_tim.o
 .text.TIM_TI1_ConfigInputStage
                0x0000000008006f28       0x5e ./Drivers/STM32L5xx_HAL_Driver/Src/stm32l5xx_hal_tim.o
 .text.TIM_TI2_ConfigInputStage
                0x0000000008006f86       0x60 ./Drivers/STM32L5xx_HAL_Driver/Src/stm32l5xx_hal_tim.o
 .text.TIM_ITRx_SetConfig
                0x0000000008006fe6       0x3a ./Drivers/STM32L5xx_HAL_Driver/Src/stm32l5xx_hal_tim.o
 .text.TIM_ETR_SetConfig
                0x0000000008007020       0x40 ./Drivers/STM32L5xx_HAL_Driver/Src/stm32l5xx_hal_tim.o
                0x0000000008007020                TIM_ETR_SetConfig
 .text.TIM_CCxChannelCmd
                0x0000000008007060       0x4a ./Drivers/STM32L5xx_HAL_Driver/Src/stm32l5xx_hal_tim.o
                0x0000000008007060                TIM_CCxChannelCmd
 *fill*         0x00000000080070aa        0x2 
 .text.HAL_TIMEx_MasterConfigSynchronization
                0x00000000080070ac      0x110 ./Drivers/STM32L5xx_HAL_Driver/Src/stm32l5xx_hal_tim_ex.o
                0x00000000080070ac                HAL_TIMEx_MasterConfigSynchronization
 .text.HAL_TIMEx_CommutCallback
                0x00000000080071bc       0x14 ./Drivers/STM32L5xx_HAL_Driver/Src/stm32l5xx_hal_tim_ex.o
                0x00000000080071bc                HAL_TIMEx_CommutCallback
 .text.HAL_TIMEx_BreakCallback
                0x00000000080071d0       0x14 ./Drivers/STM32L5xx_HAL_Driver/Src/stm32l5xx_hal_tim_ex.o
                0x00000000080071d0                HAL_TIMEx_BreakCallback
 .text.HAL_TIMEx_Break2Callback
                0x00000000080071e4       0x14 ./Drivers/STM32L5xx_HAL_Driver/Src/stm32l5xx_hal_tim_ex.o
                0x00000000080071e4                HAL_TIMEx_Break2Callback
 .text.HAL_UART_Init
                0x00000000080071f8       0xa0 ./Drivers/STM32L5xx_HAL_Driver/Src/stm32l5xx_hal_uart.o
                0x00000000080071f8                HAL_UART_Init
 .text.HAL_UART_Transmit_DMA
                0x0000000008007298      0x100 ./Drivers/STM32L5xx_HAL_Driver/Src/stm32l5xx_hal_uart.o
                0x0000000008007298                HAL_UART_Transmit_DMA
 .text.HAL_UART_IRQHandler
                0x0000000008007398      0x468 ./Drivers/STM32L5xx_HAL_Driver/Src/stm32l5xx_hal_uart.o
                0x0000000008007398                HAL_UART_IRQHandler
 .text.HAL_UART_ErrorCallback
                0x0000000008007800       0x14 ./Drivers/STM32L5xx_HAL_Driver/Src/stm32l5xx_hal_uart.o
                0x0000000008007800                HAL_UART_ErrorCallback
 .text.HAL_UARTEx_RxEventCallback
                0x0000000008007814       0x18 ./Drivers/STM32L5xx_HAL_Driver/Src/stm32l5xx_hal_uart.o
                0x0000000008007814                HAL_UARTEx_RxEventCallback
 .text.UART_SetConfig
                0x000000000800782c      0x59c ./Drivers/STM32L5xx_HAL_Driver/Src/stm32l5xx_hal_uart.o
                0x000000000800782c                UART_SetConfig
 .text.UART_AdvFeatureConfig
                0x0000000008007dc8      0x144 ./Drivers/STM32L5xx_HAL_Driver/Src/stm32l5xx_hal_uart.o
                0x0000000008007dc8                UART_AdvFeatureConfig
 .text.UART_CheckIdleState
                0x0000000008007f0c       0x96 ./Drivers/STM32L5xx_HAL_Driver/Src/stm32l5xx_hal_uart.o
                0x0000000008007f0c                UART_CheckIdleState
 .text.UART_WaitOnFlagUntilTimeout
                0x0000000008007fa2      0x100 ./Drivers/STM32L5xx_HAL_Driver/Src/stm32l5xx_hal_uart.o
                0x0000000008007fa2                UART_WaitOnFlagUntilTimeout
 .text.UART_EndTxTransfer
                0x00000000080080a2       0x3c ./Drivers/STM32L5xx_HAL_Driver/Src/stm32l5xx_hal_uart.o
 .text.UART_EndRxTransfer
                0x00000000080080de       0x64 ./Drivers/STM32L5xx_HAL_Driver/Src/stm32l5xx_hal_uart.o
 .text.UART_DMATransmitCplt
                0x0000000008008142       0x54 ./Drivers/STM32L5xx_HAL_Driver/Src/stm32l5xx_hal_uart.o
 .text.UART_DMATxHalfCplt
                0x0000000008008196       0x1c ./Drivers/STM32L5xx_HAL_Driver/Src/stm32l5xx_hal_uart.o
 .text.UART_DMAError
                0x00000000080081b2       0x80 ./Drivers/STM32L5xx_HAL_Driver/Src/stm32l5xx_hal_uart.o
 .text.UART_DMAAbortOnError
                0x0000000008008232       0x2c ./Drivers/STM32L5xx_HAL_Driver/Src/stm32l5xx_hal_uart.o
 .text.UART_EndTransmit_IT
                0x000000000800825e       0x34 ./Drivers/STM32L5xx_HAL_Driver/Src/stm32l5xx_hal_uart.o
 .text.HAL_UARTEx_WakeupCallback
                0x0000000008008292       0x14 ./Drivers/STM32L5xx_HAL_Driver/Src/stm32l5xx_hal_uart_ex.o
                0x0000000008008292                HAL_UARTEx_WakeupCallback
 .text.HAL_UARTEx_RxFifoFullCallback
                0x00000000080082a6       0x14 ./Drivers/STM32L5xx_HAL_Driver/Src/stm32l5xx_hal_uart_ex.o
                0x00000000080082a6                HAL_UARTEx_RxFifoFullCallback
 .text.HAL_UARTEx_TxFifoEmptyCallback
                0x00000000080082ba       0x14 ./Drivers/STM32L5xx_HAL_Driver/Src/stm32l5xx_hal_uart_ex.o
                0x00000000080082ba                HAL_UARTEx_TxFifoEmptyCallback
 .text.HAL_UARTEx_DisableFifoMode
                0x00000000080082ce       0x72 ./Drivers/STM32L5xx_HAL_Driver/Src/stm32l5xx_hal_uart_ex.o
                0x00000000080082ce                HAL_UARTEx_DisableFifoMode
 .text.HAL_UARTEx_SetTxFifoThreshold
                0x0000000008008340       0x7c ./Drivers/STM32L5xx_HAL_Driver/Src/stm32l5xx_hal_uart_ex.o
                0x0000000008008340                HAL_UARTEx_SetTxFifoThreshold
 .text.HAL_UARTEx_SetRxFifoThreshold
                0x00000000080083bc       0x7c ./Drivers/STM32L5xx_HAL_Driver/Src/stm32l5xx_hal_uart_ex.o
                0x00000000080083bc                HAL_UARTEx_SetRxFifoThreshold
 .text.UARTEx_SetNbDataToProcess
                0x0000000008008438       0x9c ./Drivers/STM32L5xx_HAL_Driver/Src/stm32l5xx_hal_uart_ex.o
 .text.arm_rfft_32_fast_init_f32
                0x00000000080084d4       0x38 ../Drivers/CMSIS/Lib/GCC\libarm_ARMv8MMLldfsp_math.a(arm_rfft_fast_init_f32.o)
                0x00000000080084d4                arm_rfft_32_fast_init_f32
 .text.arm_rfft_64_fast_init_f32
                0x000000000800850c       0x38 ../Drivers/CMSIS/Lib/GCC\libarm_ARMv8MMLldfsp_math.a(arm_rfft_fast_init_f32.o)
                0x000000000800850c                arm_rfft_64_fast_init_f32
 .text.arm_rfft_256_fast_init_f32
                0x0000000008008544       0x38 ../Drivers/CMSIS/Lib/GCC\libarm_ARMv8MMLldfsp_math.a(arm_rfft_fast_init_f32.o)
                0x0000000008008544                arm_rfft_256_fast_init_f32
 .text.arm_rfft_512_fast_init_f32
                0x000000000800857c       0x3c ../Drivers/CMSIS/Lib/GCC\libarm_ARMv8MMLldfsp_math.a(arm_rfft_fast_init_f32.o)
                0x000000000800857c                arm_rfft_512_fast_init_f32
 .text.arm_rfft_1024_fast_init_f32
                0x00000000080085b8       0x3c ../Drivers/CMSIS/Lib/GCC\libarm_ARMv8MMLldfsp_math.a(arm_rfft_fast_init_f32.o)
                0x00000000080085b8                arm_rfft_1024_fast_init_f32
 .text.arm_rfft_2048_fast_init_f32
                0x00000000080085f4       0x3c ../Drivers/CMSIS/Lib/GCC\libarm_ARMv8MMLldfsp_math.a(arm_rfft_fast_init_f32.o)
                0x00000000080085f4                arm_rfft_2048_fast_init_f32
 .text.arm_rfft_4096_fast_init_f32
                0x0000000008008630       0x3c ../Drivers/CMSIS/Lib/GCC\libarm_ARMv8MMLldfsp_math.a(arm_rfft_fast_init_f32.o)
                0x0000000008008630                arm_rfft_4096_fast_init_f32
 .text.arm_rfft_fast_init_f32
                0x000000000800866c       0x68 ../Drivers/CMSIS/Lib/GCC\libarm_ARMv8MMLldfsp_math.a(arm_rfft_fast_init_f32.o)
                0x000000000800866c                arm_rfft_fast_init_f32
 .text.stage_rfft_f32
                0x00000000080086d4       0xb8 ../Drivers/CMSIS/Lib/GCC\libarm_ARMv8MMLldfsp_math.a(arm_rfft_fast_f32.o)
                0x00000000080086d4                stage_rfft_f32
 .text.merge_rfft_f32
                0x000000000800878c       0xac ../Drivers/CMSIS/Lib/GCC\libarm_ARMv8MMLldfsp_math.a(arm_rfft_fast_f32.o)
                0x000000000800878c                merge_rfft_f32
 .text.arm_rfft_fast_f32
                0x0000000008008838       0x40 ../Drivers/CMSIS/Lib/GCC\libarm_ARMv8MMLldfsp_math.a(arm_rfft_fast_f32.o)
                0x0000000008008838                arm_rfft_fast_f32
 .text.arm_cfft_radix8by2_f32
                0x0000000008008878      0x198 ../Drivers/CMSIS/Lib/GCC\libarm_ARMv8MMLldfsp_math.a(arm_cfft_f32.o)
                0x0000000008008878                arm_cfft_radix8by2_f32
 .text.arm_cfft_radix8by4_f32
                0x0000000008008a10      0x4b8 ../Drivers/CMSIS/Lib/GCC\libarm_ARMv8MMLldfsp_math.a(arm_cfft_f32.o)
                0x0000000008008a10                arm_cfft_radix8by4_f32
 .text.arm_cfft_f32
                0x0000000008008ec8       0xec ../Drivers/CMSIS/Lib/GCC\libarm_ARMv8MMLldfsp_math.a(arm_cfft_f32.o)
                0x0000000008008ec8                arm_cfft_f32
 .text.arm_bitreversal_32
                0x0000000008008fb4       0x50 ../Drivers/CMSIS/Lib/GCC\libarm_ARMv8MMLldfsp_math.a(arm_bitreversal2.o)
                0x0000000008008fb4                arm_bitreversal_32
 .text.arm_cmplx_mag_f32
                0x0000000008009004      0x248 ../Drivers/CMSIS/Lib/GCC\libarm_ARMv8MMLldfsp_math.a(arm_cmplx_mag_f32.o)
                0x0000000008009004                arm_cmplx_mag_f32
 .text.arm_radix8_butterfly_f32
                0x000000000800924c      0x584 ../Drivers/CMSIS/Lib/GCC\libarm_ARMv8MMLldfsp_math.a(arm_cfft_radix8_f32.o)
                0x000000000800924c                arm_radix8_butterfly_f32
 .text.fmin     0x00000000080097d0       0x4e c:/st/stm32cubeide_1.8.0/stm32cubeide/plugins/com.st.stm32cube.ide.mcu.externaltools.gnu-tools-for-stm32.9-2020-q2-update.win32_2.0.0.202105311346/tools/bin/../lib/gcc/arm-none-eabi/9.3.1/../../../../arm-none-eabi/lib/thumb/v8-m.main+fp/hard\libm.a(lib_a-s_fmin.o)
                0x00000000080097d0                fmin
 *fill*         0x000000000800981e        0x2 
 .text.__fpclassifyd
                0x0000000008009820       0x54 c:/st/stm32cubeide_1.8.0/stm32cubeide/plugins/com.st.stm32cube.ide.mcu.externaltools.gnu-tools-for-stm32.9-2020-q2-update.win32_2.0.0.202105311346/tools/bin/../lib/gcc/arm-none-eabi/9.3.1/../../../../arm-none-eabi/lib/thumb/v8-m.main+fp/hard\libm.a(lib_a-s_fpclassify.o)
                0x0000000008009820                __fpclassifyd
 .text.sqrtf    0x0000000008009874       0x4c c:/st/stm32cubeide_1.8.0/stm32cubeide/plugins/com.st.stm32cube.ide.mcu.externaltools.gnu-tools-for-stm32.9-2020-q2-update.win32_2.0.0.202105311346/tools/bin/../lib/gcc/arm-none-eabi/9.3.1/../../../../arm-none-eabi/lib/thumb/v8-m.main+fp/hard\libm.a(lib_a-wf_sqrt.o)
                0x0000000008009874                sqrtf
 .text.__ieee754_sqrtf
                0x00000000080098c0        0x6 c:/st/stm32cubeide_1.8.0/stm32cubeide/plugins/com.st.stm32cube.ide.mcu.externaltools.gnu-tools-for-stm32.9-2020-q2-update.win32_2.0.0.202105311346/tools/bin/../lib/gcc/arm-none-eabi/9.3.1/../../../../arm-none-eabi/lib/thumb/v8-m.main+fp/hard\libm.a(lib_a-ef_sqrt.o)
                0x00000000080098c0                __ieee754_sqrtf
 *fill*         0x00000000080098c6        0x2 
 .text.__errno  0x00000000080098c8        0xc c:/st/stm32cubeide_1.8.0/stm32cubeide/plugins/com.st.stm32cube.ide.mcu.externaltools.gnu-tools-for-stm32.9-2020-q2-update.win32_2.0.0.202105311346/tools/bin/../lib/gcc/arm-none-eabi/9.3.1/../../../../arm-none-eabi/lib/thumb/v8-m.main+fp/hard\libc_nano.a(lib_a-errno.o)
                0x00000000080098c8                __errno
 .text.__libc_init_array
                0x00000000080098d4       0x48 c:/st/stm32cubeide_1.8.0/stm32cubeide/plugins/com.st.stm32cube.ide.mcu.externaltools.gnu-tools-for-stm32.9-2020-q2-update.win32_2.0.0.202105311346/tools/bin/../lib/gcc/arm-none-eabi/9.3.1/../../../../arm-none-eabi/lib/thumb/v8-m.main+fp/hard\libc_nano.a(lib_a-init.o)
                0x00000000080098d4                __libc_init_array
 .text.memset   0x000000000800991c       0x10 c:/st/stm32cubeide_1.8.0/stm32cubeide/plugins/com.st.stm32cube.ide.mcu.externaltools.gnu-tools-for-stm32.9-2020-q2-update.win32_2.0.0.202105311346/tools/bin/../lib/gcc/arm-none-eabi/9.3.1/../../../../arm-none-eabi/lib/thumb/v8-m.main+fp/hard\libc_nano.a(lib_a-memset.o)
                0x000000000800991c                memset
 .text.__cvt    0x000000000800992c       0xc4 c:/st/stm32cubeide_1.8.0/stm32cubeide/plugins/com.st.stm32cube.ide.mcu.externaltools.gnu-tools-for-stm32.9-2020-q2-update.win32_2.0.0.202105311346/tools/bin/../lib/gcc/arm-none-eabi/9.3.1/../../../../arm-none-eabi/lib/thumb/v8-m.main+fp/hard\libc_nano.a(lib_a-nano-vfprintf_float.o)
                0x000000000800992c                __cvt
 .text.__exponent
                0x00000000080099f0       0x7c c:/st/stm32cubeide_1.8.0/stm32cubeide/plugins/com.st.stm32cube.ide.mcu.externaltools.gnu-tools-for-stm32.9-2020-q2-update.win32_2.0.0.202105311346/tools/bin/../lib/gcc/arm-none-eabi/9.3.1/../../../../arm-none-eabi/lib/thumb/v8-m.main+fp/hard\libc_nano.a(lib_a-nano-vfprintf_float.o)
                0x00000000080099f0                __exponent
 .text._printf_float
                0x0000000008009a6c      0x46c c:/st/stm32cubeide_1.8.0/stm32cubeide/plugins/com.st.stm32cube.ide.mcu.externaltools.gnu-tools-for-stm32.9-2020-q2-update.win32_2.0.0.202105311346/tools/bin/../lib/gcc/arm-none-eabi/9.3.1/../../../../arm-none-eabi/lib/thumb/v8-m.main+fp/hard\libc_nano.a(lib_a-nano-vfprintf_float.o)
                0x0000000008009a6c                _printf_float
 .text._printf_common
                0x0000000008009ed8       0xe0 c:/st/stm32cubeide_1.8.0/stm32cubeide/plugins/com.st.stm32cube.ide.mcu.externaltools.gnu-tools-for-stm32.9-2020-q2-update.win32_2.0.0.202105311346/tools/bin/../lib/gcc/arm-none-eabi/9.3.1/../../../../arm-none-eabi/lib/thumb/v8-m.main+fp/hard\libc_nano.a(lib_a-nano-vfprintf_i.o)
                0x0000000008009ed8                _printf_common
 .text._printf_i
                0x0000000008009fb8      0x24c c:/st/stm32cubeide_1.8.0/stm32cubeide/plugins/com.st.stm32cube.ide.mcu.externaltools.gnu-tools-for-stm32.9-2020-q2-update.win32_2.0.0.202105311346/tools/bin/../lib/gcc/arm-none-eabi/9.3.1/../../../../arm-none-eabi/lib/thumb/v8-m.main+fp/hard\libc_nano.a(lib_a-nano-vfprintf_i.o)
                0x0000000008009fb8                _printf_i
 .text.sprintf  0x000000000800a204       0x40 c:/st/stm32cubeide_1.8.0/stm32cubeide/plugins/com.st.stm32cube.ide.mcu.externaltools.gnu-tools-for-stm32.9-2020-q2-update.win32_2.0.0.202105311346/tools/bin/../lib/gcc/arm-none-eabi/9.3.1/../../../../arm-none-eabi/lib/thumb/v8-m.main+fp/hard\libc_nano.a(lib_a-sprintf.o)
                0x000000000800a204                siprintf
                0x000000000800a204                sprintf
 .text.quorem   0x000000000800a244      0x11e c:/st/stm32cubeide_1.8.0/stm32cubeide/plugins/com.st.stm32cube.ide.mcu.externaltools.gnu-tools-for-stm32.9-2020-q2-update.win32_2.0.0.202105311346/tools/bin/../lib/gcc/arm-none-eabi/9.3.1/../../../../arm-none-eabi/lib/thumb/v8-m.main+fp/hard\libc_nano.a(lib_a-dtoa.o)
 *fill*         0x000000000800a362        0x6 
 .text._dtoa_r  0x000000000800a368      0xbd4 c:/st/stm32cubeide_1.8.0/stm32cubeide/plugins/com.st.stm32cube.ide.mcu.externaltools.gnu-tools-for-stm32.9-2020-q2-update.win32_2.0.0.202105311346/tools/bin/../lib/gcc/arm-none-eabi/9.3.1/../../../../arm-none-eabi/lib/thumb/v8-m.main+fp/hard\libc_nano.a(lib_a-dtoa.o)
                0x000000000800a368                _dtoa_r
 .text._localeconv_r
                0x000000000800af3c        0x8 c:/st/stm32cubeide_1.8.0/stm32cubeide/plugins/com.st.stm32cube.ide.mcu.externaltools.gnu-tools-for-stm32.9-2020-q2-update.win32_2.0.0.202105311346/tools/bin/../lib/gcc/arm-none-eabi/9.3.1/../../../../arm-none-eabi/lib/thumb/v8-m.main+fp/hard\libc_nano.a(lib_a-localeconv.o)
                0x000000000800af3c                _localeconv_r
 .text.malloc   0x000000000800af44       0x10 c:/st/stm32cubeide_1.8.0/stm32cubeide/plugins/com.st.stm32cube.ide.mcu.externaltools.gnu-tools-for-stm32.9-2020-q2-update.win32_2.0.0.202105311346/tools/bin/../lib/gcc/arm-none-eabi/9.3.1/../../../../arm-none-eabi/lib/thumb/v8-m.main+fp/hard\libc_nano.a(lib_a-malloc.o)
                0x000000000800af44                malloc
 .text.memchr   0x000000000800af54       0x1c c:/st/stm32cubeide_1.8.0/stm32cubeide/plugins/com.st.stm32cube.ide.mcu.externaltools.gnu-tools-for-stm32.9-2020-q2-update.win32_2.0.0.202105311346/tools/bin/../lib/gcc/arm-none-eabi/9.3.1/../../../../arm-none-eabi/lib/thumb/v8-m.main+fp/hard\libc_nano.a(lib_a-memchr-stub.o)
                0x000000000800af54                memchr
 .text.memcpy   0x000000000800af70       0x1a c:/st/stm32cubeide_1.8.0/stm32cubeide/plugins/com.st.stm32cube.ide.mcu.externaltools.gnu-tools-for-stm32.9-2020-q2-update.win32_2.0.0.202105311346/tools/bin/../lib/gcc/arm-none-eabi/9.3.1/../../../../arm-none-eabi/lib/thumb/v8-m.main+fp/hard\libc_nano.a(lib_a-memcpy-stub.o)
                0x000000000800af70                memcpy
 *fill*         0x000000000800af8a        0x2 
 .text._Balloc  0x000000000800af8c       0x80 c:/st/stm32cubeide_1.8.0/stm32cubeide/plugins/com.st.stm32cube.ide.mcu.externaltools.gnu-tools-for-stm32.9-2020-q2-update.win32_2.0.0.202105311346/tools/bin/../lib/gcc/arm-none-eabi/9.3.1/../../../../arm-none-eabi/lib/thumb/v8-m.main+fp/hard\libc_nano.a(lib_a-mprec.o)
                0x000000000800af8c                _Balloc
 .text._Bfree   0x000000000800b00c       0x44 c:/st/stm32cubeide_1.8.0/stm32cubeide/plugins/com.st.stm32cube.ide.mcu.externaltools.gnu-tools-for-stm32.9-2020-q2-update.win32_2.0.0.202105311346/tools/bin/../lib/gcc/arm-none-eabi/9.3.1/../../../../arm-none-eabi/lib/thumb/v8-m.main+fp/hard\libc_nano.a(lib_a-mprec.o)
                0x000000000800b00c                _Bfree
 .text.__multadd
                0x000000000800b050       0x94 c:/st/stm32cubeide_1.8.0/stm32cubeide/plugins/com.st.stm32cube.ide.mcu.externaltools.gnu-tools-for-stm32.9-2020-q2-update.win32_2.0.0.202105311346/tools/bin/../lib/gcc/arm-none-eabi/9.3.1/../../../../arm-none-eabi/lib/thumb/v8-m.main+fp/hard\libc_nano.a(lib_a-mprec.o)
                0x000000000800b050                __multadd
 .text.__hi0bits
                0x000000000800b0e4       0x40 c:/st/stm32cubeide_1.8.0/stm32cubeide/plugins/com.st.stm32cube.ide.mcu.externaltools.gnu-tools-for-stm32.9-2020-q2-update.win32_2.0.0.202105311346/tools/bin/../lib/gcc/arm-none-eabi/9.3.1/../../../../arm-none-eabi/lib/thumb/v8-m.main+fp/hard\libc_nano.a(lib_a-mprec.o)
                0x000000000800b0e4                __hi0bits
 .text.__lo0bits
                0x000000000800b124       0x60 c:/st/stm32cubeide_1.8.0/stm32cubeide/plugins/com.st.stm32cube.ide.mcu.externaltools.gnu-tools-for-stm32.9-2020-q2-update.win32_2.0.0.202105311346/tools/bin/../lib/gcc/arm-none-eabi/9.3.1/../../../../arm-none-eabi/lib/thumb/v8-m.main+fp/hard\libc_nano.a(lib_a-mprec.o)
                0x000000000800b124                __lo0bits
 .text.__i2b    0x000000000800b184       0x2c c:/st/stm32cubeide_1.8.0/stm32cubeide/plugins/com.st.stm32cube.ide.mcu.externaltools.gnu-tools-for-stm32.9-2020-q2-update.win32_2.0.0.202105311346/tools/bin/../lib/gcc/arm-none-eabi/9.3.1/../../../../arm-none-eabi/lib/thumb/v8-m.main+fp/hard\libc_nano.a(lib_a-mprec.o)
                0x000000000800b184                __i2b
 .text.__multiply
                0x000000000800b1b0      0x14c c:/st/stm32cubeide_1.8.0/stm32cubeide/plugins/com.st.stm32cube.ide.mcu.externaltools.gnu-tools-for-stm32.9-2020-q2-update.win32_2.0.0.202105311346/tools/bin/../lib/gcc/arm-none-eabi/9.3.1/../../../../arm-none-eabi/lib/thumb/v8-m.main+fp/hard\libc_nano.a(lib_a-mprec.o)
                0x000000000800b1b0                __multiply
 .text.__pow5mult
                0x000000000800b2fc       0xb4 c:/st/stm32cubeide_1.8.0/stm32cubeide/plugins/com.st.stm32cube.ide.mcu.externaltools.gnu-tools-for-stm32.9-2020-q2-update.win32_2.0.0.202105311346/tools/bin/../lib/gcc/arm-none-eabi/9.3.1/../../../../arm-none-eabi/lib/thumb/v8-m.main+fp/hard\libc_nano.a(lib_a-mprec.o)
                0x000000000800b2fc                __pow5mult
 .text.__lshift
                0x000000000800b3b0       0xd8 c:/st/stm32cubeide_1.8.0/stm32cubeide/plugins/com.st.stm32cube.ide.mcu.externaltools.gnu-tools-for-stm32.9-2020-q2-update.win32_2.0.0.202105311346/tools/bin/../lib/gcc/arm-none-eabi/9.3.1/../../../../arm-none-eabi/lib/thumb/v8-m.main+fp/hard\libc_nano.a(lib_a-mprec.o)
                0x000000000800b3b0                __lshift
 .text.__mcmp   0x000000000800b488       0x38 c:/st/stm32cubeide_1.8.0/stm32cubeide/plugins/com.st.stm32cube.ide.mcu.externaltools.gnu-tools-for-stm32.9-2020-q2-update.win32_2.0.0.202105311346/tools/bin/../lib/gcc/arm-none-eabi/9.3.1/../../../../arm-none-eabi/lib/thumb/v8-m.main+fp/hard\libc_nano.a(lib_a-mprec.o)
                0x000000000800b488                __mcmp
 .text.__mdiff  0x000000000800b4c0      0x120 c:/st/stm32cubeide_1.8.0/stm32cubeide/plugins/com.st.stm32cube.ide.mcu.externaltools.gnu-tools-for-stm32.9-2020-q2-update.win32_2.0.0.202105311346/tools/bin/../lib/gcc/arm-none-eabi/9.3.1/../../../../arm-none-eabi/lib/thumb/v8-m.main+fp/hard\libc_nano.a(lib_a-mprec.o)
                0x000000000800b4c0                __mdiff
 .text.__d2b    0x000000000800b5e0       0xb8 c:/st/stm32cubeide_1.8.0/stm32cubeide/plugins/com.st.stm32cube.ide.mcu.externaltools.gnu-tools-for-stm32.9-2020-q2-update.win32_2.0.0.202105311346/tools/bin/../lib/gcc/arm-none-eabi/9.3.1/../../../../arm-none-eabi/lib/thumb/v8-m.main+fp/hard\libc_nano.a(lib_a-mprec.o)
                0x000000000800b5e0                __d2b
 .text._calloc_r
                0x000000000800b698       0x1e c:/st/stm32cubeide_1.8.0/stm32cubeide/plugins/com.st.stm32cube.ide.mcu.externaltools.gnu-tools-for-stm32.9-2020-q2-update.win32_2.0.0.202105311346/tools/bin/../lib/gcc/arm-none-eabi/9.3.1/../../../../arm-none-eabi/lib/thumb/v8-m.main+fp/hard\libc_nano.a(lib_a-nano-callocr.o)
                0x000000000800b698                _calloc_r
 *fill*         0x000000000800b6b6        0x2 
 .text._free_r  0x000000000800b6b8       0xa0 c:/st/stm32cubeide_1.8.0/stm32cubeide/plugins/com.st.stm32cube.ide.mcu.externaltools.gnu-tools-for-stm32.9-2020-q2-update.win32_2.0.0.202105311346/tools/bin/../lib/gcc/arm-none-eabi/9.3.1/../../../../arm-none-eabi/lib/thumb/v8-m.main+fp/hard\libc_nano.a(lib_a-nano-freer.o)
                0x000000000800b6b8                _free_r
 .text._malloc_r
                0x000000000800b758       0xb4 c:/st/stm32cubeide_1.8.0/stm32cubeide/plugins/com.st.stm32cube.ide.mcu.externaltools.gnu-tools-for-stm32.9-2020-q2-update.win32_2.0.0.202105311346/tools/bin/../lib/gcc/arm-none-eabi/9.3.1/../../../../arm-none-eabi/lib/thumb/v8-m.main+fp/hard\libc_nano.a(lib_a-nano-mallocr.o)
                0x000000000800b758                _malloc_r
 .text.__ssputs_r
                0x000000000800b80c       0xb6 c:/st/stm32cubeide_1.8.0/stm32cubeide/plugins/com.st.stm32cube.ide.mcu.externaltools.gnu-tools-for-stm32.9-2020-q2-update.win32_2.0.0.202105311346/tools/bin/../lib/gcc/arm-none-eabi/9.3.1/../../../../arm-none-eabi/lib/thumb/v8-m.main+fp/hard\libc_nano.a(lib_a-nano-svfprintf.o)
                0x000000000800b80c                __ssputs_r
 *fill*         0x000000000800b8c2        0x2 
 .text._svfprintf_r
                0x000000000800b8c4      0x200 c:/st/stm32cubeide_1.8.0/stm32cubeide/plugins/com.st.stm32cube.ide.mcu.externaltools.gnu-tools-for-stm32.9-2020-q2-update.win32_2.0.0.202105311346/tools/bin/../lib/gcc/arm-none-eabi/9.3.1/../../../../arm-none-eabi/lib/thumb/v8-m.main+fp/hard\libc_nano.a(lib_a-nano-svfprintf.o)
                0x000000000800b8c4                _svfiprintf_r
                0x000000000800b8c4                _svfprintf_r
 .text._sbrk_r  0x000000000800bac4       0x20 c:/st/stm32cubeide_1.8.0/stm32cubeide/plugins/com.st.stm32cube.ide.mcu.externaltools.gnu-tools-for-stm32.9-2020-q2-update.win32_2.0.0.202105311346/tools/bin/../lib/gcc/arm-none-eabi/9.3.1/../../../../arm-none-eabi/lib/thumb/v8-m.main+fp/hard\libc_nano.a(lib_a-sbrkr.o)
                0x000000000800bac4                _sbrk_r
 .text.__assert_func
                0x000000000800bae4       0x3c c:/st/stm32cubeide_1.8.0/stm32cubeide/plugins/com.st.stm32cube.ide.mcu.externaltools.gnu-tools-for-stm32.9-2020-q2-update.win32_2.0.0.202105311346/tools/bin/../lib/gcc/arm-none-eabi/9.3.1/../../../../arm-none-eabi/lib/thumb/v8-m.main+fp/hard\libc_nano.a(lib_a-assert.o)
                0x000000000800bae4                __assert_func
 .text.fprintf  0x000000000800bb20       0x24 c:/st/stm32cubeide_1.8.0/stm32cubeide/plugins/com.st.stm32cube.ide.mcu.externaltools.gnu-tools-for-stm32.9-2020-q2-update.win32_2.0.0.202105311346/tools/bin/../lib/gcc/arm-none-eabi/9.3.1/../../../../arm-none-eabi/lib/thumb/v8-m.main+fp/hard\libc_nano.a(lib_a-fprintf.o)
                0x000000000800bb20                fiprintf
                0x000000000800bb20                fprintf
 .text.__ascii_mbtowc
                0x000000000800bb44       0x24 c:/st/stm32cubeide_1.8.0/stm32cubeide/plugins/com.st.stm32cube.ide.mcu.externaltools.gnu-tools-for-stm32.9-2020-q2-update.win32_2.0.0.202105311346/tools/bin/../lib/gcc/arm-none-eabi/9.3.1/../../../../arm-none-eabi/lib/thumb/v8-m.main+fp/hard\libc_nano.a(lib_a-mbtowc_r.o)
                0x000000000800bb44                __ascii_mbtowc
 .text.memmove  0x000000000800bb68       0x34 c:/st/stm32cubeide_1.8.0/stm32cubeide/plugins/com.st.stm32cube.ide.mcu.externaltools.gnu-tools-for-stm32.9-2020-q2-update.win32_2.0.0.202105311346/tools/bin/../lib/gcc/arm-none-eabi/9.3.1/../../../../arm-none-eabi/lib/thumb/v8-m.main+fp/hard\libc_nano.a(lib_a-memmove.o)
                0x000000000800bb68                memmove
 .text.__malloc_lock
                0x000000000800bb9c        0xc c:/st/stm32cubeide_1.8.0/stm32cubeide/plugins/com.st.stm32cube.ide.mcu.externaltools.gnu-tools-for-stm32.9-2020-q2-update.win32_2.0.0.202105311346/tools/bin/../lib/gcc/arm-none-eabi/9.3.1/../../../../arm-none-eabi/lib/thumb/v8-m.main+fp/hard\libc_nano.a(lib_a-mlock.o)
                0x000000000800bb9c                __malloc_lock
 .text.__malloc_unlock
                0x000000000800bba8        0xc c:/st/stm32cubeide_1.8.0/stm32cubeide/plugins/com.st.stm32cube.ide.mcu.externaltools.gnu-tools-for-stm32.9-2020-q2-update.win32_2.0.0.202105311346/tools/bin/../lib/gcc/arm-none-eabi/9.3.1/../../../../arm-none-eabi/lib/thumb/v8-m.main+fp/hard\libc_nano.a(lib_a-mlock.o)
                0x000000000800bba8                __malloc_unlock
 .text._realloc_r
                0x000000000800bbb4       0x4c c:/st/stm32cubeide_1.8.0/stm32cubeide/plugins/com.st.stm32cube.ide.mcu.externaltools.gnu-tools-for-stm32.9-2020-q2-update.win32_2.0.0.202105311346/tools/bin/../lib/gcc/arm-none-eabi/9.3.1/../../../../arm-none-eabi/lib/thumb/v8-m.main+fp/hard\libc_nano.a(lib_a-nano-reallocr.o)
                0x000000000800bbb4                _realloc_r
 .text.__sfputc_r
                0x000000000800bc00       0x2e c:/st/stm32cubeide_1.8.0/stm32cubeide/plugins/com.st.stm32cube.ide.mcu.externaltools.gnu-tools-for-stm32.9-2020-q2-update.win32_2.0.0.202105311346/tools/bin/../lib/gcc/arm-none-eabi/9.3.1/../../../../arm-none-eabi/lib/thumb/v8-m.main+fp/hard\libc_nano.a(lib_a-nano-vfprintf.o)
 .text.__sfputs_r
                0x000000000800bc2e       0x24 c:/st/stm32cubeide_1.8.0/stm32cubeide/plugins/com.st.stm32cube.ide.mcu.externaltools.gnu-tools-for-stm32.9-2020-q2-update.win32_2.0.0.202105311346/tools/bin/../lib/gcc/arm-none-eabi/9.3.1/../../../../arm-none-eabi/lib/thumb/v8-m.main+fp/hard\libc_nano.a(lib_a-nano-vfprintf.o)
                0x000000000800bc2e                __sfputs_r
 *fill*         0x000000000800bc52        0x2 
 .text._vfprintf_r
                0x000000000800bc54      0x260 c:/st/stm32cubeide_1.8.0/stm32cubeide/plugins/com.st.stm32cube.ide.mcu.externaltools.gnu-tools-for-stm32.9-2020-q2-update.win32_2.0.0.202105311346/tools/bin/../lib/gcc/arm-none-eabi/9.3.1/../../../../arm-none-eabi/lib/thumb/v8-m.main+fp/hard\libc_nano.a(lib_a-nano-vfprintf.o)
                0x000000000800bc54                _vfprintf_r
                0x000000000800bc54                _vfiprintf_r
 .text.__swbuf_r
                0x000000000800beb4       0xa4 c:/st/stm32cubeide_1.8.0/stm32cubeide/plugins/com.st.stm32cube.ide.mcu.externaltools.gnu-tools-for-stm32.9-2020-q2-update.win32_2.0.0.202105311346/tools/bin/../lib/gcc/arm-none-eabi/9.3.1/../../../../arm-none-eabi/lib/thumb/v8-m.main+fp/hard\libc_nano.a(lib_a-wbuf.o)
                0x000000000800beb4                __swbuf_r
 .text.__ascii_wctomb
                0x000000000800bf58       0x1a c:/st/stm32cubeide_1.8.0/stm32cubeide/plugins/com.st.stm32cube.ide.mcu.externaltools.gnu-tools-for-stm32.9-2020-q2-update.win32_2.0.0.202105311346/tools/bin/../lib/gcc/arm-none-eabi/9.3.1/../../../../arm-none-eabi/lib/thumb/v8-m.main+fp/hard\libc_nano.a(lib_a-wctomb_r.o)
                0x000000000800bf58                __ascii_wctomb
 *fill*         0x000000000800bf72        0x2 
 .text.__swsetup_r
                0x000000000800bf74       0xdc c:/st/stm32cubeide_1.8.0/stm32cubeide/plugins/com.st.stm32cube.ide.mcu.externaltools.gnu-tools-for-stm32.9-2020-q2-update.win32_2.0.0.202105311346/tools/bin/../lib/gcc/arm-none-eabi/9.3.1/../../../../arm-none-eabi/lib/thumb/v8-m.main+fp/hard\libc_nano.a(lib_a-wsetup.o)
                0x000000000800bf74                __swsetup_r
 .text.abort    0x000000000800c050        0xe c:/st/stm32cubeide_1.8.0/stm32cubeide/plugins/com.st.stm32cube.ide.mcu.externaltools.gnu-tools-for-stm32.9-2020-q2-update.win32_2.0.0.202105311346/tools/bin/../lib/gcc/arm-none-eabi/9.3.1/../../../../arm-none-eabi/lib/thumb/v8-m.main+fp/hard\libc_nano.a(lib_a-abort.o)
                0x000000000800c050                abort
 *fill*         0x000000000800c05e        0x2 
 .text.__sflush_r
                0x000000000800c060      0x108 c:/st/stm32cubeide_1.8.0/stm32cubeide/plugins/com.st.stm32cube.ide.mcu.externaltools.gnu-tools-for-stm32.9-2020-q2-update.win32_2.0.0.202105311346/tools/bin/../lib/gcc/arm-none-eabi/9.3.1/../../../../arm-none-eabi/lib/thumb/v8-m.main+fp/hard\libc_nano.a(lib_a-fflush.o)
                0x000000000800c060                __sflush_r
 .text._fflush_r
                0x000000000800c168       0x78 c:/st/stm32cubeide_1.8.0/stm32cubeide/plugins/com.st.stm32cube.ide.mcu.externaltools.gnu-tools-for-stm32.9-2020-q2-update.win32_2.0.0.202105311346/tools/bin/../lib/gcc/arm-none-eabi/9.3.1/../../../../arm-none-eabi/lib/thumb/v8-m.main+fp/hard\libc_nano.a(lib_a-fflush.o)
                0x000000000800c168                _fflush_r
 .text.std      0x000000000800c1e0       0x48 c:/st/stm32cubeide_1.8.0/stm32cubeide/plugins/com.st.stm32cube.ide.mcu.externaltools.gnu-tools-for-stm32.9-2020-q2-update.win32_2.0.0.202105311346/tools/bin/../lib/gcc/arm-none-eabi/9.3.1/../../../../arm-none-eabi/lib/thumb/v8-m.main+fp/hard\libc_nano.a(lib_a-findfp.o)
 .text._cleanup_r
                0x000000000800c228        0xc c:/st/stm32cubeide_1.8.0/stm32cubeide/plugins/com.st.stm32cube.ide.mcu.externaltools.gnu-tools-for-stm32.9-2020-q2-update.win32_2.0.0.202105311346/tools/bin/../lib/gcc/arm-none-eabi/9.3.1/../../../../arm-none-eabi/lib/thumb/v8-m.main+fp/hard\libc_nano.a(lib_a-findfp.o)
                0x000000000800c228                _cleanup_r
 .text.__sfmoreglue
                0x000000000800c234       0x2c c:/st/stm32cubeide_1.8.0/stm32cubeide/plugins/com.st.stm32cube.ide.mcu.externaltools.gnu-tools-for-stm32.9-2020-q2-update.win32_2.0.0.202105311346/tools/bin/../lib/gcc/arm-none-eabi/9.3.1/../../../../arm-none-eabi/lib/thumb/v8-m.main+fp/hard\libc_nano.a(lib_a-findfp.o)
                0x000000000800c234                __sfmoreglue
 .text.__sfp_lock_acquire
                0x000000000800c260        0xc c:/st/stm32cubeide_1.8.0/stm32cubeide/plugins/com.st.stm32cube.ide.mcu.externaltools.gnu-tools-for-stm32.9-2020-q2-update.win32_2.0.0.202105311346/tools/bin/../lib/gcc/arm-none-eabi/9.3.1/../../../../arm-none-eabi/lib/thumb/v8-m.main+fp/hard\libc_nano.a(lib_a-findfp.o)
                0x000000000800c260                __sfp_lock_acquire
 .text.__sfp_lock_release
                0x000000000800c26c        0xc c:/st/stm32cubeide_1.8.0/stm32cubeide/plugins/com.st.stm32cube.ide.mcu.externaltools.gnu-tools-for-stm32.9-2020-q2-update.win32_2.0.0.202105311346/tools/bin/../lib/gcc/arm-none-eabi/9.3.1/../../../../arm-none-eabi/lib/thumb/v8-m.main+fp/hard\libc_nano.a(lib_a-findfp.o)
                0x000000000800c26c                __sfp_lock_release
 .text.__sinit_lock_acquire
                0x000000000800c278        0xc c:/st/stm32cubeide_1.8.0/stm32cubeide/plugins/com.st.stm32cube.ide.mcu.externaltools.gnu-tools-for-stm32.9-2020-q2-update.win32_2.0.0.202105311346/tools/bin/../lib/gcc/arm-none-eabi/9.3.1/../../../../arm-none-eabi/lib/thumb/v8-m.main+fp/hard\libc_nano.a(lib_a-findfp.o)
                0x000000000800c278                __sinit_lock_acquire
 .text.__sinit_lock_release
                0x000000000800c284        0xc c:/st/stm32cubeide_1.8.0/stm32cubeide/plugins/com.st.stm32cube.ide.mcu.externaltools.gnu-tools-for-stm32.9-2020-q2-update.win32_2.0.0.202105311346/tools/bin/../lib/gcc/arm-none-eabi/9.3.1/../../../../arm-none-eabi/lib/thumb/v8-m.main+fp/hard\libc_nano.a(lib_a-findfp.o)
                0x000000000800c284                __sinit_lock_release
 .text.__sinit  0x000000000800c290       0x70 c:/st/stm32cubeide_1.8.0/stm32cubeide/plugins/com.st.stm32cube.ide.mcu.externaltools.gnu-tools-for-stm32.9-2020-q2-update.win32_2.0.0.202105311346/tools/bin/../lib/gcc/arm-none-eabi/9.3.1/../../../../arm-none-eabi/lib/thumb/v8-m.main+fp/hard\libc_nano.a(lib_a-findfp.o)
                0x000000000800c290                __sinit
 .text.__sfp    0x000000000800c300       0x8c c:/st/stm32cubeide_1.8.0/stm32cubeide/plugins/com.st.stm32cube.ide.mcu.externaltools.gnu-tools-for-stm32.9-2020-q2-update.win32_2.0.0.202105311346/tools/bin/../lib/gcc/arm-none-eabi/9.3.1/../../../../arm-none-eabi/lib/thumb/v8-m.main+fp/hard\libc_nano.a(lib_a-findfp.o)
                0x000000000800c300                __sfp
 .text._fwalk_reent
                0x000000000800c38c       0x3e c:/st/stm32cubeide_1.8.0/stm32cubeide/plugins/com.st.stm32cube.ide.mcu.externaltools.gnu-tools-for-stm32.9-2020-q2-update.win32_2.0.0.202105311346/tools/bin/../lib/gcc/arm-none-eabi/9.3.1/../../../../arm-none-eabi/lib/thumb/v8-m.main+fp/hard\libc_nano.a(lib_a-fwalk.o)
                0x000000000800c38c                _fwalk_reent
 .text.__retarget_lock_init_recursive
                0x000000000800c3ca        0x2 c:/st/stm32cubeide_1.8.0/stm32cubeide/plugins/com.st.stm32cube.ide.mcu.externaltools.gnu-tools-for-stm32.9-2020-q2-update.win32_2.0.0.202105311346/tools/bin/../lib/gcc/arm-none-eabi/9.3.1/../../../../arm-none-eabi/lib/thumb/v8-m.main+fp/hard\libc_nano.a(lib_a-lock.o)
                0x000000000800c3ca                __retarget_lock_init_recursive
 .text.__retarget_lock_acquire_recursive
                0x000000000800c3cc        0x2 c:/st/stm32cubeide_1.8.0/stm32cubeide/plugins/com.st.stm32cube.ide.mcu.externaltools.gnu-tools-for-stm32.9-2020-q2-update.win32_2.0.0.202105311346/tools/bin/../lib/gcc/arm-none-eabi/9.3.1/../../../../arm-none-eabi/lib/thumb/v8-m.main+fp/hard\libc_nano.a(lib_a-lock.o)
                0x000000000800c3cc                __retarget_lock_acquire_recursive
 .text.__retarget_lock_release_recursive
                0x000000000800c3ce        0x2 c:/st/stm32cubeide_1.8.0/stm32cubeide/plugins/com.st.stm32cube.ide.mcu.externaltools.gnu-tools-for-stm32.9-2020-q2-update.win32_2.0.0.202105311346/tools/bin/../lib/gcc/arm-none-eabi/9.3.1/../../../../arm-none-eabi/lib/thumb/v8-m.main+fp/hard\libc_nano.a(lib_a-lock.o)
                0x000000000800c3ce                __retarget_lock_release_recursive
 .text.__swhatbuf_r
                0x000000000800c3d0       0x48 c:/st/stm32cubeide_1.8.0/stm32cubeide/plugins/com.st.stm32cube.ide.mcu.externaltools.gnu-tools-for-stm32.9-2020-q2-update.win32_2.0.0.202105311346/tools/bin/../lib/gcc/arm-none-eabi/9.3.1/../../../../arm-none-eabi/lib/thumb/v8-m.main+fp/hard\libc_nano.a(lib_a-makebuf.o)
                0x000000000800c3d0                __swhatbuf_r
 .text.__smakebuf_r
                0x000000000800c418       0x80 c:/st/stm32cubeide_1.8.0/stm32cubeide/plugins/com.st.stm32cube.ide.mcu.externaltools.gnu-tools-for-stm32.9-2020-q2-update.win32_2.0.0.202105311346/tools/bin/../lib/gcc/arm-none-eabi/9.3.1/../../../../arm-none-eabi/lib/thumb/v8-m.main+fp/hard\libc_nano.a(lib_a-makebuf.o)
                0x000000000800c418                __smakebuf_r
 .text._malloc_usable_size_r
                0x000000000800c498       0x10 c:/st/stm32cubeide_1.8.0/stm32cubeide/plugins/com.st.stm32cube.ide.mcu.externaltools.gnu-tools-for-stm32.9-2020-q2-update.win32_2.0.0.202105311346/tools/bin/../lib/gcc/arm-none-eabi/9.3.1/../../../../arm-none-eabi/lib/thumb/v8-m.main+fp/hard\libc_nano.a(lib_a-nano-msizer.o)
                0x000000000800c498                _malloc_usable_size_r
 .text._raise_r
                0x000000000800c4a8       0x50 c:/st/stm32cubeide_1.8.0/stm32cubeide/plugins/com.st.stm32cube.ide.mcu.externaltools.gnu-tools-for-stm32.9-2020-q2-update.win32_2.0.0.202105311346/tools/bin/../lib/gcc/arm-none-eabi/9.3.1/../../../../arm-none-eabi/lib/thumb/v8-m.main+fp/hard\libc_nano.a(lib_a-signal.o)
                0x000000000800c4a8                _raise_r
 .text.raise    0x000000000800c4f8       0x10 c:/st/stm32cubeide_1.8.0/stm32cubeide/plugins/com.st.stm32cube.ide.mcu.externaltools.gnu-tools-for-stm32.9-2020-q2-update.win32_2.0.0.202105311346/tools/bin/../lib/gcc/arm-none-eabi/9.3.1/../../../../arm-none-eabi/lib/thumb/v8-m.main+fp/hard\libc_nano.a(lib_a-signal.o)
                0x000000000800c4f8                raise
 .text._kill_r  0x000000000800c508       0x24 c:/st/stm32cubeide_1.8.0/stm32cubeide/plugins/com.st.stm32cube.ide.mcu.externaltools.gnu-tools-for-stm32.9-2020-q2-update.win32_2.0.0.202105311346/tools/bin/../lib/gcc/arm-none-eabi/9.3.1/../../../../arm-none-eabi/lib/thumb/v8-m.main+fp/hard\libc_nano.a(lib_a-signalr.o)
                0x000000000800c508                _kill_r
 .text._getpid_r
                0x000000000800c52c        0x4 c:/st/stm32cubeide_1.8.0/stm32cubeide/plugins/com.st.stm32cube.ide.mcu.externaltools.gnu-tools-for-stm32.9-2020-q2-update.win32_2.0.0.202105311346/tools/bin/../lib/gcc/arm-none-eabi/9.3.1/../../../../arm-none-eabi/lib/thumb/v8-m.main+fp/hard\libc_nano.a(lib_a-signalr.o)
                0x000000000800c52c                _getpid_r
 .text.__sread  0x000000000800c530       0x22 c:/st/stm32cubeide_1.8.0/stm32cubeide/plugins/com.st.stm32cube.ide.mcu.externaltools.gnu-tools-for-stm32.9-2020-q2-update.win32_2.0.0.202105311346/tools/bin/../lib/gcc/arm-none-eabi/9.3.1/../../../../arm-none-eabi/lib/thumb/v8-m.main+fp/hard\libc_nano.a(lib_a-stdio.o)
                0x000000000800c530                __sread
 .text.__swrite
                0x000000000800c552       0x38 c:/st/stm32cubeide_1.8.0/stm32cubeide/plugins/com.st.stm32cube.ide.mcu.externaltools.gnu-tools-for-stm32.9-2020-q2-update.win32_2.0.0.202105311346/tools/bin/../lib/gcc/arm-none-eabi/9.3.1/../../../../arm-none-eabi/lib/thumb/v8-m.main+fp/hard\libc_nano.a(lib_a-stdio.o)
                0x000000000800c552                __swrite
 .text.__sseek  0x000000000800c58a       0x24 c:/st/stm32cubeide_1.8.0/stm32cubeide/plugins/com.st.stm32cube.ide.mcu.externaltools.gnu-tools-for-stm32.9-2020-q2-update.win32_2.0.0.202105311346/tools/bin/../lib/gcc/arm-none-eabi/9.3.1/../../../../arm-none-eabi/lib/thumb/v8-m.main+fp/hard\libc_nano.a(lib_a-stdio.o)
                0x000000000800c58a                __sseek
 .text.__sclose
                0x000000000800c5ae        0x8 c:/st/stm32cubeide_1.8.0/stm32cubeide/plugins/com.st.stm32cube.ide.mcu.externaltools.gnu-tools-for-stm32.9-2020-q2-update.win32_2.0.0.202105311346/tools/bin/../lib/gcc/arm-none-eabi/9.3.1/../../../../arm-none-eabi/lib/thumb/v8-m.main+fp/hard\libc_nano.a(lib_a-stdio.o)
                0x000000000800c5ae                __sclose
 *fill*         0x000000000800c5b6        0x2 
 .text._write_r
                0x000000000800c5b8       0x24 c:/st/stm32cubeide_1.8.0/stm32cubeide/plugins/com.st.stm32cube.ide.mcu.externaltools.gnu-tools-for-stm32.9-2020-q2-update.win32_2.0.0.202105311346/tools/bin/../lib/gcc/arm-none-eabi/9.3.1/../../../../arm-none-eabi/lib/thumb/v8-m.main+fp/hard\libc_nano.a(lib_a-writer.o)
                0x000000000800c5b8                _write_r
 .text._close_r
                0x000000000800c5dc       0x20 c:/st/stm32cubeide_1.8.0/stm32cubeide/plugins/com.st.stm32cube.ide.mcu.externaltools.gnu-tools-for-stm32.9-2020-q2-update.win32_2.0.0.202105311346/tools/bin/../lib/gcc/arm-none-eabi/9.3.1/../../../../arm-none-eabi/lib/thumb/v8-m.main+fp/hard\libc_nano.a(lib_a-closer.o)
                0x000000000800c5dc                _close_r
 .text._fstat_r
                0x000000000800c5fc       0x24 c:/st/stm32cubeide_1.8.0/stm32cubeide/plugins/com.st.stm32cube.ide.mcu.externaltools.gnu-tools-for-stm32.9-2020-q2-update.win32_2.0.0.202105311346/tools/bin/../lib/gcc/arm-none-eabi/9.3.1/../../../../arm-none-eabi/lib/thumb/v8-m.main+fp/hard\libc_nano.a(lib_a-fstatr.o)
                0x000000000800c5fc                _fstat_r
 .text._isatty_r
                0x000000000800c620       0x20 c:/st/stm32cubeide_1.8.0/stm32cubeide/plugins/com.st.stm32cube.ide.mcu.externaltools.gnu-tools-for-stm32.9-2020-q2-update.win32_2.0.0.202105311346/tools/bin/../lib/gcc/arm-none-eabi/9.3.1/../../../../arm-none-eabi/lib/thumb/v8-m.main+fp/hard\libc_nano.a(lib_a-isattyr.o)
                0x000000000800c620                _isatty_r
 .text._lseek_r
                0x000000000800c640       0x24 c:/st/stm32cubeide_1.8.0/stm32cubeide/plugins/com.st.stm32cube.ide.mcu.externaltools.gnu-tools-for-stm32.9-2020-q2-update.win32_2.0.0.202105311346/tools/bin/../lib/gcc/arm-none-eabi/9.3.1/../../../../arm-none-eabi/lib/thumb/v8-m.main+fp/hard\libc_nano.a(lib_a-lseekr.o)
                0x000000000800c640                _lseek_r
 .text._read_r  0x000000000800c664       0x24 c:/st/stm32cubeide_1.8.0/stm32cubeide/plugins/com.st.stm32cube.ide.mcu.externaltools.gnu-tools-for-stm32.9-2020-q2-update.win32_2.0.0.202105311346/tools/bin/../lib/gcc/arm-none-eabi/9.3.1/../../../../arm-none-eabi/lib/thumb/v8-m.main+fp/hard\libc_nano.a(lib_a-readr.o)
                0x000000000800c664                _read_r
 *(.glue_7)
 .glue_7        0x000000000800c688        0x0 linker stubs
 *(.glue_7t)
 .glue_7t       0x000000000800c688        0x0 linker stubs
 *(.eh_frame)
 .eh_frame      0x000000000800c688        0x0 c:/st/stm32cubeide_1.8.0/stm32cubeide/plugins/com.st.stm32cube.ide.mcu.externaltools.gnu-tools-for-stm32.9-2020-q2-update.win32_2.0.0.202105311346/tools/bin/../lib/gcc/arm-none-eabi/9.3.1/thumb/v8-m.main+fp/hard/crtbegin.o
 *(.init)
 .init          0x000000000800c688        0x4 c:/st/stm32cubeide_1.8.0/stm32cubeide/plugins/com.st.stm32cube.ide.mcu.externaltools.gnu-tools-for-stm32.9-2020-q2-update.win32_2.0.0.202105311346/tools/bin/../lib/gcc/arm-none-eabi/9.3.1/thumb/v8-m.main+fp/hard/crti.o
                0x000000000800c688                _init
 .init          0x000000000800c68c        0x8 c:/st/stm32cubeide_1.8.0/stm32cubeide/plugins/com.st.stm32cube.ide.mcu.externaltools.gnu-tools-for-stm32.9-2020-q2-update.win32_2.0.0.202105311346/tools/bin/../lib/gcc/arm-none-eabi/9.3.1/thumb/v8-m.main+fp/hard/crtn.o
 *(.fini)
 .fini          0x000000000800c694        0x4 c:/st/stm32cubeide_1.8.0/stm32cubeide/plugins/com.st.stm32cube.ide.mcu.externaltools.gnu-tools-for-stm32.9-2020-q2-update.win32_2.0.0.202105311346/tools/bin/../lib/gcc/arm-none-eabi/9.3.1/thumb/v8-m.main+fp/hard/crti.o
                0x000000000800c694                _fini
 .fini          0x000000000800c698        0x8 c:/st/stm32cubeide_1.8.0/stm32cubeide/plugins/com.st.stm32cube.ide.mcu.externaltools.gnu-tools-for-stm32.9-2020-q2-update.win32_2.0.0.202105311346/tools/bin/../lib/gcc/arm-none-eabi/9.3.1/thumb/v8-m.main+fp/hard/crtn.o
                0x000000000800c6a0                . = ALIGN (0x4)
                0x000000000800c6a0                _etext = .

.vfp11_veneer   0x000000000800c6a0        0x0
 .vfp11_veneer  0x000000000800c6a0        0x0 linker stubs

.v4_bx          0x000000000800c6a0        0x0
 .v4_bx         0x000000000800c6a0        0x0 linker stubs

.iplt           0x000000000800c6a0        0x0
 .iplt          0x000000000800c6a0        0x0 c:/st/stm32cubeide_1.8.0/stm32cubeide/plugins/com.st.stm32cube.ide.mcu.externaltools.gnu-tools-for-stm32.9-2020-q2-update.win32_2.0.0.202105311346/tools/bin/../lib/gcc/arm-none-eabi/9.3.1/thumb/v8-m.main+fp/hard/crtbegin.o

.rodata         0x000000000800c6a0    0x13454
                0x000000000800c6a0                . = ALIGN (0x4)
 *(.rodata)
 .rodata        0x000000000800c6a0        0xa ./Core/Src/main.o
 *(.rodata*)
 *fill*         0x000000000800c6aa        0x2 
 .rodata.AHBPrescTable
                0x000000000800c6ac       0x10 ./Core/Src/system_stm32l5xx.o
                0x000000000800c6ac                AHBPrescTable
 .rodata.APBPrescTable
                0x000000000800c6bc        0x8 ./Core/Src/system_stm32l5xx.o
                0x000000000800c6bc                APBPrescTable
 .rodata.MSIRangeTable
                0x000000000800c6c4       0x40 ./Core/Src/system_stm32l5xx.o
                0x000000000800c6c4                MSIRangeTable
 .rodata.UARTPrescTable
                0x000000000800c704       0x18 ./Drivers/STM32L5xx_HAL_Driver/Src/stm32l5xx_hal_uart.o
                0x000000000800c704                UARTPrescTable
 .rodata.numerator.9824
                0x000000000800c71c        0x8 ./Drivers/STM32L5xx_HAL_Driver/Src/stm32l5xx_hal_uart_ex.o
 .rodata.denominator.9825
                0x000000000800c724        0x8 ./Drivers/STM32L5xx_HAL_Driver/Src/stm32l5xx_hal_uart_ex.o
 .rodata.armBitRevIndexTable1024
                0x000000000800c72c      0xe10 ../Drivers/CMSIS/Lib/GCC\libarm_ARMv8MMLldfsp_math.a(arm_common_tables.o)
                0x000000000800c72c                armBitRevIndexTable1024
 .rodata.armBitRevIndexTable128
                0x000000000800d53c      0x1a0 ../Drivers/CMSIS/Lib/GCC\libarm_ARMv8MMLldfsp_math.a(arm_common_tables.o)
                0x000000000800d53c                armBitRevIndexTable128
 .rodata.armBitRevIndexTable16
                0x000000000800d6dc       0x28 ../Drivers/CMSIS/Lib/GCC\libarm_ARMv8MMLldfsp_math.a(arm_common_tables.o)
                0x000000000800d6dc                armBitRevIndexTable16
 .rodata.armBitRevIndexTable2048
                0x000000000800d704     0x1dc0 ../Drivers/CMSIS/Lib/GCC\libarm_ARMv8MMLldfsp_math.a(arm_common_tables.o)
                0x000000000800d704                armBitRevIndexTable2048
 .rodata.armBitRevIndexTable256
                0x000000000800f4c4      0x370 ../Drivers/CMSIS/Lib/GCC\libarm_ARMv8MMLldfsp_math.a(arm_common_tables.o)
                0x000000000800f4c4                armBitRevIndexTable256
 .rodata.armBitRevIndexTable32
                0x000000000800f834       0x60 ../Drivers/CMSIS/Lib/GCC\libarm_ARMv8MMLldfsp_math.a(arm_common_tables.o)
                0x000000000800f834                armBitRevIndexTable32
 .rodata.armBitRevIndexTable512
                0x000000000800f894      0x380 ../Drivers/CMSIS/Lib/GCC\libarm_ARMv8MMLldfsp_math.a(arm_common_tables.o)
                0x000000000800f894                armBitRevIndexTable512
 .rodata.twiddleCoef_1024
                0x000000000800fc14     0x2000 ../Drivers/CMSIS/Lib/GCC\libarm_ARMv8MMLldfsp_math.a(arm_common_tables.o)
                0x000000000800fc14                twiddleCoef_1024
 .rodata.twiddleCoef_128
                0x0000000008011c14      0x400 ../Drivers/CMSIS/Lib/GCC\libarm_ARMv8MMLldfsp_math.a(arm_common_tables.o)
                0x0000000008011c14                twiddleCoef_128
 .rodata.twiddleCoef_16
                0x0000000008012014       0x80 ../Drivers/CMSIS/Lib/GCC\libarm_ARMv8MMLldfsp_math.a(arm_common_tables.o)
                0x0000000008012014                twiddleCoef_16
 .rodata.twiddleCoef_2048
                0x0000000008012094     0x4000 ../Drivers/CMSIS/Lib/GCC\libarm_ARMv8MMLldfsp_math.a(arm_common_tables.o)
                0x0000000008012094                twiddleCoef_2048
 .rodata.twiddleCoef_256
                0x0000000008016094      0x800 ../Drivers/CMSIS/Lib/GCC\libarm_ARMv8MMLldfsp_math.a(arm_common_tables.o)
                0x0000000008016094                twiddleCoef_256
 .rodata.twiddleCoef_32
                0x0000000008016894      0x100 ../Drivers/CMSIS/Lib/GCC\libarm_ARMv8MMLldfsp_math.a(arm_common_tables.o)
                0x0000000008016894                twiddleCoef_32
 .rodata.twiddleCoef_512
                0x0000000008016994     0x1000 ../Drivers/CMSIS/Lib/GCC\libarm_ARMv8MMLldfsp_math.a(arm_common_tables.o)
                0x0000000008016994                twiddleCoef_512
 .rodata.twiddleCoef_rfft_1024
                0x0000000008017994     0x1000 ../Drivers/CMSIS/Lib/GCC\libarm_ARMv8MMLldfsp_math.a(arm_common_tables.o)
                0x0000000008017994                twiddleCoef_rfft_1024
 .rodata.twiddleCoef_rfft_2048
                0x0000000008018994     0x2000 ../Drivers/CMSIS/Lib/GCC\libarm_ARMv8MMLldfsp_math.a(arm_common_tables.o)
                0x0000000008018994                twiddleCoef_rfft_2048
 .rodata.twiddleCoef_rfft_256
                0x000000000801a994      0x400 ../Drivers/CMSIS/Lib/GCC\libarm_ARMv8MMLldfsp_math.a(arm_common_tables.o)
                0x000000000801a994                twiddleCoef_rfft_256
 .rodata.twiddleCoef_rfft_32
                0x000000000801ad94       0x80 ../Drivers/CMSIS/Lib/GCC\libarm_ARMv8MMLldfsp_math.a(arm_common_tables.o)
                0x000000000801ad94                twiddleCoef_rfft_32
 .rodata.twiddleCoef_rfft_4096
                0x000000000801ae14     0x4000 ../Drivers/CMSIS/Lib/GCC\libarm_ARMv8MMLldfsp_math.a(arm_common_tables.o)
                0x000000000801ae14                twiddleCoef_rfft_4096